#
# A fatal error has been detected by the Java Runtime Environment:
#
#  EXCEPTION_ACCESS_VIOLATION (0xc0000005) at pc=0x00007ff9dafa8c82, pid=19204, tid=30604
#
# JRE version: OpenJDK Runtime Environment OpenLogic-OpenJDK (21.0.9+10) (build 21.0.9+10-adhoc.Administrator.jdk21u)
# Java VM: OpenJDK 64-Bit Server VM OpenLogic-OpenJDK (21.0.9+10-adhoc.Administrator.jdk21u, mixed mode, sharing, tiered, compressed oops, compressed class ptrs, g1 gc, windows-amd64)
# Problematic frame:
# V  [jvm.dll+0x448c82]
#
# No core dump will be written. Minidumps are not enabled by default on client versions of Windows
#
# If you would like to submit a bug report, please visit:
#   https://techsupport.roguewave.com/
#

---------------  S U M M A R Y ------------

Command Line: -agentlib:jdwp=transport=dt_socket,address=127.0.0.1:53693,suspend=y,server=n -javaagent:C:\Users\TUANHI~1\AppData\Local\Temp\captureAgent8jars\debugger-agent.jar=file:///C:/Users/TUANHI~1/AppData/Local/Temp/capture3559733259705024456.props -Djava.library.path=C:\Users\Tuan Hiep\Downloads\javafx-sdk-21.0.11\bin -agentpath:D:\Dev\IntelliJ\idea-2025.3.1.win\lib\async-profiler\amd64\libasyncProfiler.dll=version,jfr,event=wall,interval=10ms,cstack=no,file=C:\Users\Tuan Hiep\IdeaSnapshots\SongPlayerApp_2026_06_01_201345.jfr,dbghelppath=D:\Dev\IntelliJ\idea-2025.3.1.win\lib\async-profiler\amd64\dbghelp.dll,log=C:\Users\TUANHI~1\AppData\Local\Temp\SongPlayerApp_2026_06_01_201345.jfr.log.txt,logLevel=DEBUG -Dkotlinx.coroutines.debug.enable.creation.stack.trace=false -Ddebugger.agent.enable.coroutines=true -Dkotlinx.coroutines.debug.enable.flows.stack.trace=true -Dkotlinx.coroutines.debug.enable.mutable.state.flows.stack.trace=true -Ddebugger.async.stack.trace.for.all.threads=true -Dfile.encoding=UTF-8 -Dsun.stdout.encoding=UTF-8 -Dsun.stderr.encoding=UTF-8 --module-path=C:\Users\Tuan Hiep\.m2\repository\org\openjfx\javafx-base\21.0.11\javafx-base-21.0.11-win.jar;C:\Users\Tuan Hiep\.m2\repository\org\openjfx\javafx-graphics\21.0.11\javafx-graphics-21.0.11-win.jar;C:\Users\Tuan Hiep\.m2\repository\org\controlsfx\controlsfx\11.2.1\controlsfx-11.2.1.jar;C:\Users\Tuan Hiep\.m2\repository\org\openjfx\javafx-media\21.0.11\javafx-media-21.0.11-win.jar;C:\Users\Tuan Hiep\.m2\repository\org\openjfx\javafx-controls\21.0.11\javafx-controls-21.0.11-win.jar;C:\Users\Tuan Hiep\.m2\repository\com\fasterxml\jackson\core\jackson-annotations\2.17.0\jackson-annotations-2.17.0.jar;C:\Users\Tuan Hiep\.m2\repository\com\fasterxml\jackson\datatype\jackson-datatype-jsr310\2.17.0\jackson-datatype-jsr310-2.17.0.jar;C:\Users\Tuan Hiep\.m2\repository\org\openjfx\javafx-fxml\21.0.11\javafx-fxml-21.0.11-win.jar;C:\Users\Tuan Hiep\.m2\repository\org\kordamp\bootstrapfx\bootstrapfx-core\0.4.0\bootstrapfx-core-0.4.0.jar;C:\Users\Tuan Hiep\.m2\repository\com\zaxxer\HikariCP\5.1.0\HikariCP-5.1.0.jar;C:\Users\Tuan Hiep\.m2\repository\net\synedra\validatorfx\0.6.1\validatorfx-0.6.1.jar;D:\Code\SportT5\target\classes;C:\Users\Tuan Hiep\.m2\repository\org\slf4j\slf4j-api\1.7.36\slf4j-api-1.7.36.jar;C:\Users\Tuan Hiep\.m2\repository\com\dlsc\formsfx\formsfx-core\11.6.0\formsfx-core-11.6.0.jar;C:\Users\Tuan Hiep\.m2\repository\com\fasterxml\jackson\core\jackson-core\2.17.0\jackson-core-2.17.0.jar;C:\Users\Tuan Hiep\.m2\repository\com\fasterxml\jackson\core\jackson-databind\2.17.0\jackson-databind-2.17.0.jar -Djdk.module.main=com.sportt5 com.sportt5/com.sportt5.SongPlayerApp

Host: AMD Ryzen 9 8945HS w/ Radeon 780M Graphics, 16 cores, 31G,  Windows 11 , 64 bit Build 26100 (10.0.26100.8521)
Time: Mon Jun  1 20:13:46 2026 SE Asia Standard Time elapsed time: 0.611470 seconds (0d 0h 0m 0s)

---------------  T H R E A D  ---------------

Current thread (0x0000023aa90552e0):  JavaThread "WindowsNativeRunloopThread"        [_thread_in_vm, id=30604, stack(0x000000eca4100000,0x000000eca4200000) (1024K)]

Stack: [0x000000eca4100000,0x000000eca4200000],  sp=0x000000eca41ff140,  free space=1020k
Native frames: (J=compiled Java code, j=interpreted, Vv=VM code, C=native code)
V  [jvm.dll+0x448c82]
C  [glass.dll+0x530c]

Java frames: (J=compiled Java code, j=interpreted, Vv=VM code)
j  com.sun.glass.ui.win.WinApplication._runLoop(Ljava/lang/Runnable;)V+0 javafx.graphics@21.0.9
j  com.sun.glass.ui.win.WinApplication.lambda$runLoop$3(ILjava/lang/Runnable;)V+8 javafx.graphics@21.0.9
j  com.sun.glass.ui.win.WinApplication$$Lambda+0x0000023a640343b8.run()V+12 javafx.graphics@21.0.9
j  java.lang.Thread.runWith(Ljava/lang/Object;Ljava/lang/Runnable;)V+5 java.base@21.0.9
j  java.lang.Thread.run()V+19 java.base@21.0.9
v  ~StubRoutines::call_stub 0x0000023a4c9510e7

siginfo: EXCEPTION_ACCESS_VIOLATION (0xc0000005), reading address 0x0000000000000000


Registers:
RAX=0x0000000000000000, RBX=0x0000023aa90552e0, RCX=0x0000023aa9055698, RDX=0x000000eca41ff328
RSP=0x000000eca41ff140, RBP=0x000000eca41ff248, RSI=0x0000000000000000, RDI=0x0000023aa9055698
R8 =0x0000000000000000, R9 =0x000000eca41ff248, R10=0x0000000000000000, R11=0x000000eca41ff1f8
R12=0x0000000000000000, R13=0x0000023aa4511b80, R14=0x000000eca41ff328, R15=0x0000023aa90552e0
RIP=0x00007ff9dafa8c82, EFLAGS=0x0000000000010246

XMM[0]=0x0000000000000000 0x0000000000000000
XMM[1]=0x0000000000000000 0x0000000000000000
XMM[2]=0x0000000000000000 0x0000000000000000
XMM[3]=0x0000000000000000 0x0000000000000000
XMM[4]=0x0000000000000000 0x0000000000000000
XMM[5]=0x0000000000000000 0x0000000000000000
XMM[6]=0x0000000000000000 0x0000000000000000
XMM[7]=0x0000000000000000 0x0000000000000000
XMM[8]=0x0000000000000000 0x0000000000000000
XMM[9]=0x0000000000000000 0x0000000000000000
XMM[10]=0x0000000000000000 0x0000000000000000
XMM[11]=0x0000000000000000 0x0000000000000000
XMM[12]=0x0000000000000000 0x0000000000000000
XMM[13]=0x0000000000000000 0x0000000000000000
XMM[14]=0x0000000000000000 0x0000000000000000
XMM[15]=0x0000000000000000 0x0000000000000000
  MXCSR=0x00001fa0


Register to memory mapping:

RAX=0x0 is null
RBX=0x0000023aa90552e0 is a thread
RCX=0x0000023aa9055698 points into unknown readable memory: 0x00007ff9db7a3820 | 20 38 7a db f9 7f 00 00
RDX=0x000000eca41ff328 is pointing into the stack for thread: 0x0000023aa90552e0
RSP=0x000000eca41ff140 is pointing into the stack for thread: 0x0000023aa90552e0
RBP=0x000000eca41ff248 is pointing into the stack for thread: 0x0000023aa90552e0
RSI=0x0 is null
RDI=0x0000023aa9055698 points into unknown readable memory: 0x00007ff9db7a3820 | 20 38 7a db f9 7f 00 00
R8 =0x0 is null
R9 =0x000000eca41ff248 is pointing into the stack for thread: 0x0000023aa90552e0
R10=0x0 is null
R11=0x000000eca41ff1f8 is pointing into the stack for thread: 0x0000023aa90552e0
R12=0x0 is null
R13={method} {0x0000023aa4511b88} '_runLoop' '(Ljava/lang/Runnable;)V' in 'com/sun/glass/ui/win/WinApplication'
R14=0x000000eca41ff328 is pointing into the stack for thread: 0x0000023aa90552e0
R15=0x0000023aa90552e0 is a thread

Top of Stack: (sp=0x000000eca41ff140)
0x000000eca41ff140:   00007ffa798fb440 00007ffa7c00a4c1
0x000000eca41ff150:   00007ffa00000004 00007ffa00000000
0x000000eca41ff160:   0000000000000000 000000eca41ff178
0x000000eca41ff170:   0000000000000000 00007ffa7c00a4c1
0x000000eca41ff180:   00007ffa7b0a86e8 0000000000000000
0x000000eca41ff190:   0000023aa90552e0 0000000000000000
0x000000eca41ff1a0:   0000023aa8d84120 00007ffa7a9603cc
0x000000eca41ff1b0:   0000000000000000 00007ffa7b0cc610
0x000000eca41ff1c0:   0000023aa8d84120 00007ffa79d71b8f
0x000000eca41ff1d0:   0000023aa90552e0 0000000000000001
0x000000eca41ff1e0:   0000023aa90552e0 000000eca41ff330
0x000000eca41ff1f0:   0000023aa9055698 00007ffa23ea530c
0x000000eca41ff200:   0000000000000000 000000eca41ff308
0x000000eca41ff210:   000000eca41ff328 0000023aa8d84120
0x000000eca41ff220:   000000eca41ff330 00007ffa23eaa9d6
0x000000eca41ff230:   0000023aa4511b80 000000eca41ff308
0x000000eca41ff240:   0000000000000000 0000000000000000
0x000000eca41ff250:   0000023a4c9594b7 0000023a4c9604f9
0x000000eca41ff260:   0000023aa4511b80 0000023aa4511b80
0x000000eca41ff270:   0000023aa4511b80 000000eca41ff330
0x000000eca41ff280:   0000023a4c9594b7 0000023a4c9607f6
0x000000eca41ff290:   0000023aa4511b80 000000eca41ff960
0x000000eca41ff2a0:   3ff0000000000000 0000023aa90552e0
0x000000eca41ff2b0:   000000eca41ff960 0000023a4c9600ff
0x000000eca41ff2c0:   000000eca41ff2c0 0000023aa4511b80
0x000000eca41ff2d0:   0000000000000005 0000023aa4540000
0x000000eca41ff2e0:   0000000000000000 000000062997b930
0x000000eca41ff2f0:   0000023aa4511b80 0000000000000000
0x000000eca41ff300:   000000eca41ff328 000000eca41ff380
0x000000eca41ff310:   0000023a4c9591b4 0000000000000000
0x000000eca41ff320:   0000023a4c95c6f7 00000006299cae28
0x000000eca41ff330:   00000006299b8c10 000000eca41ff338 

Instructions: (pc=0x00007ff9dafa8c82)
0x00007ff9dafa8b82:   48 8b 4b 08 48 8b 43 18 48 89 41 18 48 8b 4b 08
0x00007ff9dafa8b92:   48 8b 43 20 48 89 41 20 48 8d 8f 98 03 00 00 e8
0x00007ff9dafa8ba2:   8a 8c ed ff 90 c7 87 44 04 00 00 04 00 00 00 48
0x00007ff9dafa8bb2:   81 c4 b8 00 00 00 41 5f 41 5e 5f 5e 5d 5b c3 cc
0x00007ff9dafa8bc2:   cc cc cc cc cc cc cc cc cc cc cc cc cc cc 48 89
0x00007ff9dafa8bd2:   5c 24 08 48 89 6c 24 10 48 89 74 24 18 57 41 56
0x00007ff9dafa8be2:   41 57 48 81 ec a0 00 00 00 8b 81 b0 00 00 00 48
0x00007ff9dafa8bf2:   8d 99 48 fc ff ff 05 53 21 ff ff 49 8b e9 49 8b
0x00007ff9dafa8c02:   f0 4c 8b f2 48 8b f9 83 f8 01 77 08 48 8b cb e8
0x00007ff9dafa8c12:   9a 1c fb ff 80 3d c5 4f 86 00 00 c7 83 44 04 00
0x00007ff9dafa8c22:   00 06 00 00 00 75 06 e8 a2 61 28 00 90 48 8b 83
0x00007ff9dafa8c32:   48 04 00 00 a8 01 74 0d 45 33 c0 b2 01 48 8b cb
0x00007ff9dafa8c42:   e8 49 7c 2f 00 8b 83 40 04 00 00 a8 0c 74 08 48
0x00007ff9dafa8c52:   8b cb e8 97 31 fb ff c7 83 44 04 00 00 06 00 00
0x00007ff9dafa8c62:   00 48 83 7b 08 00 48 89 5c 24 50 48 c7 44 24 58
0x00007ff9dafa8c72:   00 00 00 00 74 0a 48 8d 4c 24 50 e8 7e 38 2c 00
0x00007ff9dafa8c82:   48 8b 16 48 8d 4c 24 70 c7 44 24 40 0e 00 00 00
0x00007ff9dafa8c92:   e8 19 46 01 00 48 8d 44 24 70 48 89 5c 24 30 48
0x00007ff9dafa8ca2:   89 44 24 28 4c 8d 3d 53 df 60 00 41 b9 01 00 00
0x00007ff9dafa8cb2:   00 48 89 74 24 20 4d 8b c6 4c 89 7c 24 70 48 8d
0x00007ff9dafa8cc2:   54 24 40 48 89 ac 24 98 00 00 00 48 8b cf e8 5b
0x00007ff9dafa8cd2:   53 01 00 48 83 7c 24 58 00 4c 89 7c 24 70 48 c7
0x00007ff9dafa8ce2:   84 24 98 00 00 00 00 00 00 00 74 0a 48 8d 4c 24
0x00007ff9dafa8cf2:   50 e8 88 38 2c 00 48 8b bb 98 01 00 00 48 8b 4f
0x00007ff9dafa8d02:   10 48 83 39 00 74 0c 48 8b cf e8 ff 2f f6 ff 48
0x00007ff9dafa8d12:   8b 4f 10 48 8b 47 08 48 89 48 10 48 8b 4f 08 48
0x00007ff9dafa8d22:   8b 47 18 48 89 41 18 48 8b 4f 08 48 8b 47 20 48
0x00007ff9dafa8d32:   89 41 20 48 8d 8b 98 03 00 00 e8 ef 8a ed ff 4c
0x00007ff9dafa8d42:   8d 9c 24 a0 00 00 00 90 49 8b 6b 28 49 8b 73 30
0x00007ff9dafa8d52:   c7 83 44 04 00 00 04 00 00 00 49 8b 5b 20 49 8b
0x00007ff9dafa8d62:   e3 41 5f 41 5e 5f c3 cc cc cc cc cc cc cc 48 89
0x00007ff9dafa8d72:   5c 24 08 48 89 6c 24 10 48 89 74 24 18 48 89 7c 


Stack slot to memory mapping:

stack at sp + 0 slots: 0x00007ffa798fb440 KERNELBASE.dll
stack at sp + 1 slots: 0x00007ffa7c00a4c1 ntdll.dll
stack at sp + 2 slots: 0x00007ffa00000004 is an unknown value
stack at sp + 3 slots: 0x00007ffa00000000 is an unknown value
stack at sp + 4 slots: 0x0 is null
stack at sp + 5 slots: 0x000000eca41ff178 is pointing into the stack for thread: 0x0000023aa90552e0
stack at sp + 6 slots: 0x0 is null
stack at sp + 7 slots: 0x00007ffa7c00a4c1 ntdll.dll


---------------  P R O C E S S  ---------------

Threads class SMR info:
_java_thread_list=0x0000023aa801d520, length=27, elements={
0x0000023a3b6be660, 0x0000023a621686c0, 0x0000023a6216b120, 0x0000023a6216e040,
0x0000023a6216ecf0, 0x0000023a6216faa0, 0x0000023a62172910, 0x0000023a62186650,
0x0000023a62198560, 0x0000023a621999d0, 0x0000023a6219b510, 0x0000023a62305db0,
0x0000023a62198c30, 0x0000023a6219a0a0, 0x0000023a62197e90, 0x0000023a62199300,
0x0000023a6219a770, 0x0000023a6219ae40, 0x0000023aa8078a70, 0x0000023aa8b3b940,
0x0000023aa8c29470, 0x0000023a6299e280, 0x0000023aa83ae020, 0x0000023a62868eb0,
0x0000023a627cd810, 0x0000023aa94dd2e0, 0x0000023aa90552e0
}

Java Threads: ( => current thread )
  0x0000023a3b6be660 JavaThread "main"                              [_thread_blocked, id=32316, stack(0x000000eca1f00000,0x000000eca2000000) (1024K)]
  0x0000023a621686c0 JavaThread "Reference Handler"          daemon [_thread_blocked, id=6824, stack(0x000000eca2700000,0x000000eca2800000) (1024K)]
  0x0000023a6216b120 JavaThread "Finalizer"                  daemon [_thread_blocked, id=29952, stack(0x000000eca2800000,0x000000eca2900000) (1024K)]
  0x0000023a6216e040 JavaThread "Signal Dispatcher"          daemon [_thread_blocked, id=2844, stack(0x000000eca2900000,0x000000eca2a00000) (1024K)]
  0x0000023a6216ecf0 JavaThread "Attach Listener"            daemon [_thread_blocked, id=27980, stack(0x000000eca2a00000,0x000000eca2b00000) (1024K)]
  0x0000023a6216faa0 JavaThread "Service Thread"             daemon [_thread_blocked, id=24188, stack(0x000000eca2b00000,0x000000eca2c00000) (1024K)]
  0x0000023a62172910 JavaThread "Monitor Deflation Thread"   daemon [_thread_blocked, id=17128, stack(0x000000eca2c00000,0x000000eca2d00000) (1024K)]
  0x0000023a62186650 JavaThread "C2 CompilerThread0"         daemon [_thread_blocked, id=15172, stack(0x000000eca2d00000,0x000000eca2e00000) (1024K)]
  0x0000023a62198560 JavaThread "C1 CompilerThread0"         daemon [_thread_blocked, id=4348, stack(0x000000eca2e00000,0x000000eca2f00000) (1024K)]
  0x0000023a621999d0 JavaThread "C1 CompilerThread1"         daemon [_thread_blocked, id=14636, stack(0x000000eca2f00000,0x000000eca3000000) (1024K)]
  0x0000023a6219b510 JavaThread "C1 CompilerThread2"         daemon [_thread_blocked, id=12516, stack(0x000000eca3000000,0x000000eca3100000) (1024K)]
  0x0000023a62305db0 JavaThread "Common-Cleaner"             daemon [_thread_blocked, id=15176, stack(0x000000eca3100000,0x000000eca3200000) (1024K)]
  0x0000023a62198c30 JavaThread "C1 CompilerThread3"         daemon [_thread_blocked, id=5584, stack(0x000000eca3200000,0x000000eca3300000) (1024K)]
  0x0000023a6219a0a0 JavaThread "C2 CompilerThread1"         daemon [_thread_blocked, id=2692, stack(0x000000eca3300000,0x000000eca3400000) (1024K)]
  0x0000023a62197e90 JavaThread "C2 CompilerThread2"         daemon [_thread_blocked, id=19240, stack(0x000000eca3400000,0x000000eca3500000) (1024K)]
  0x0000023a62199300 JavaThread "C2 CompilerThread3"         daemon [_thread_blocked, id=6092, stack(0x000000eca3500000,0x000000eca3600000) (1024K)]
  0x0000023a6219a770 JavaThread "C2 CompilerThread4"         daemon [_thread_blocked, id=18832, stack(0x000000eca3600000,0x000000eca3700000) (1024K)]
  0x0000023a6219ae40 JavaThread "C2 CompilerThread5"         daemon [_thread_blocked, id=31008, stack(0x000000eca3700000,0x000000eca3800000) (1024K)]
  0x0000023aa8078a70 JavaThread "JDWP Transport Listener: dt_socket" daemon [_thread_blocked, id=31152, stack(0x000000eca3900000,0x000000eca3a00000) (1024K)]
  0x0000023aa8b3b940 JavaThread "JDWP Event Helper Thread"   daemon [_thread_blocked, id=22592, stack(0x000000eca3a00000,0x000000eca3b00000) (1024K)]
  0x0000023aa8c29470 JavaThread "JDWP Command Reader"        daemon [_thread_in_native, id=29088, stack(0x000000eca3b00000,0x000000eca3c00000) (1024K)]
  0x0000023a6299e280 JavaThread "IntelliJ Suspend Helper"    daemon [_thread_blocked, id=23400, stack(0x000000eca3c00000,0x000000eca3d00000) (1024K)]
  0x0000023aa83ae020 JavaThread "Notification Thread"        daemon [_thread_blocked, id=14704, stack(0x000000eca3d00000,0x000000eca3e00000) (1024K)]
  0x0000023a62868eb0 JavaThread "CoarseTimer"                daemon [_thread_blocked, id=24152, stack(0x000000eca3800000,0x000000eca3900000) (1024K)]
  0x0000023a627cd810 JavaThread "QuantumRenderer-0"          daemon [_thread_blocked, id=12496, stack(0x000000eca3e00000,0x000000eca3f00000) (1024K)]
  0x0000023aa94dd2e0 JavaThread "InvokeLaterDispatcher"      daemon [_thread_blocked, id=14728, stack(0x000000eca4000000,0x000000eca4100000) (1024K)]
=>0x0000023aa90552e0 JavaThread "WindowsNativeRunloopThread"        [_thread_in_vm, id=30604, stack(0x000000eca4100000,0x000000eca4200000) (1024K)]
Total: 27

Other Threads:
  0x0000023a6213fe50 VMThread "VM Thread"                           [id=15884, stack(0x000000eca2600000,0x000000eca2700000) (1024K)]
  0x0000023a6212e5c0 WatcherThread "VM Periodic Task Thread"        [id=32140, stack(0x000000eca2500000,0x000000eca2600000) (1024K)]
  0x0000023a4541f490 WorkerThread "GC Thread#0"                     [id=28120, stack(0x000000eca2000000,0x000000eca2100000) (1024K)]
  0x0000023a4546e230 ConcurrentGCThread "G1 Main Marker"            [id=29896, stack(0x000000eca2100000,0x000000eca2200000) (1024K)]
  0x0000023a4546fb80 WorkerThread "G1 Conc#0"                       [id=22628, stack(0x000000eca2200000,0x000000eca2300000) (1024K)]
  0x0000023a62000490 ConcurrentGCThread "G1 Refine#0"               [id=28872, stack(0x000000eca2300000,0x000000eca2400000) (1024K)]
  0x0000023a454feb00 ConcurrentGCThread "G1 Service"                [id=32576, stack(0x000000eca2400000,0x000000eca2500000) (1024K)]
Total: 7

Threads with active compile tasks:
Total: 0

VM state: not at safepoint (normal execution)

VM Mutex/Monitor currently owned by a thread: None

Heap address: 0x000000060b400000, size: 8012 MB, Compressed Oops mode: Zero based, Oop shift amount: 3

CDS archive(s) mapped at: [0x0000023a63000000-0x0000023a63c90000-0x0000023a63c90000), size 13172736, SharedBaseAddress: 0x0000023a63000000, ArchiveRelocationMode: 1.
Compressed class space mapped at: 0x0000023a64000000-0x0000023aa4000000, reserved size: 1073741824
Narrow klass base: 0x0000023a63000000, Narrow klass shift: 0, Narrow klass range: 0x100000000

GC Precious Log:
 CardTable entry size: 512
 Card Set container configuration: InlinePtr #cards 4 size 8 Array Of Cards #cards 32 size 80 Howl #buckets 8 coarsen threshold 7372 Howl Bitmap #cards 1024 size 144 coarsen threshold 921 Card regions per heap region 1 cards per card region 8192
 CPUs: 16 total, 16 available
 Memory: 32045M
 Large Page Support: Disabled
 NUMA Support: Disabled
 Compressed Oops: Enabled (Zero based)
 Heap Region Size: 4M
 Heap Min Capacity: 8M
 Heap Initial Capacity: 504M
 Heap Max Capacity: 8012M
 Pre-touch: Disabled
 Parallel Workers: 13
 Concurrent Workers: 3
 Concurrent Refinement Workers: 13
 Periodic GC: Disabled

Heap:
 garbage-first heap   total 516096K, used 16384K [0x000000060b400000, 0x0000000800000000)
  region size 4096K, 5 young (20480K), 0 survivors (0K)
 Metaspace       used 4358K, committed 4544K, reserved 1114112K
  class space    used 423K, committed 512K, reserved 1048576K

Heap Regions: E=young(eden), S=young(survivor), O=old, HS=humongous(starts), HC=humongous(continues), CS=collection set, F=free, TAMS=top-at-mark-start, PB=parsable bottom
|   0|0x000000060b400000, 0x000000060b400000, 0x000000060b800000|  0%| F|  |TAMS 0x000000060b400000| PB 0x000000060b400000| Untracked 
|   1|0x000000060b800000, 0x000000060b800000, 0x000000060bc00000|  0%| F|  |TAMS 0x000000060b800000| PB 0x000000060b800000| Untracked 
|   2|0x000000060bc00000, 0x000000060bc00000, 0x000000060c000000|  0%| F|  |TAMS 0x000000060bc00000| PB 0x000000060bc00000| Untracked 
|   3|0x000000060c000000, 0x000000060c000000, 0x000000060c400000|  0%| F|  |TAMS 0x000000060c000000| PB 0x000000060c000000| Untracked 
|   4|0x000000060c400000, 0x000000060c400000, 0x000000060c800000|  0%| F|  |TAMS 0x000000060c400000| PB 0x000000060c400000| Untracked 
|   5|0x000000060c800000, 0x000000060c800000, 0x000000060cc00000|  0%| F|  |TAMS 0x000000060c800000| PB 0x000000060c800000| Untracked 
|   6|0x000000060cc00000, 0x000000060cc00000, 0x000000060d000000|  0%| F|  |TAMS 0x000000060cc00000| PB 0x000000060cc00000| Untracked 
|   7|0x000000060d000000, 0x000000060d000000, 0x000000060d400000|  0%| F|  |TAMS 0x000000060d000000| PB 0x000000060d000000| Untracked 
|   8|0x000000060d400000, 0x000000060d400000, 0x000000060d800000|  0%| F|  |TAMS 0x000000060d400000| PB 0x000000060d400000| Untracked 
|   9|0x000000060d800000, 0x000000060d800000, 0x000000060dc00000|  0%| F|  |TAMS 0x000000060d800000| PB 0x000000060d800000| Untracked 
|  10|0x000000060dc00000, 0x000000060dc00000, 0x000000060e000000|  0%| F|  |TAMS 0x000000060dc00000| PB 0x000000060dc00000| Untracked 
|  11|0x000000060e000000, 0x000000060e000000, 0x000000060e400000|  0%| F|  |TAMS 0x000000060e000000| PB 0x000000060e000000| Untracked 
|  12|0x000000060e400000, 0x000000060e400000, 0x000000060e800000|  0%| F|  |TAMS 0x000000060e400000| PB 0x000000060e400000| Untracked 
|  13|0x000000060e800000, 0x000000060e800000, 0x000000060ec00000|  0%| F|  |TAMS 0x000000060e800000| PB 0x000000060e800000| Untracked 
|  14|0x000000060ec00000, 0x000000060ec00000, 0x000000060f000000|  0%| F|  |TAMS 0x000000060ec00000| PB 0x000000060ec00000| Untracked 
|  15|0x000000060f000000, 0x000000060f000000, 0x000000060f400000|  0%| F|  |TAMS 0x000000060f000000| PB 0x000000060f000000| Untracked 
|  16|0x000000060f400000, 0x000000060f400000, 0x000000060f800000|  0%| F|  |TAMS 0x000000060f400000| PB 0x000000060f400000| Untracked 
|  17|0x000000060f800000, 0x000000060f800000, 0x000000060fc00000|  0%| F|  |TAMS 0x000000060f800000| PB 0x000000060f800000| Untracked 
|  18|0x000000060fc00000, 0x000000060fc00000, 0x0000000610000000|  0%| F|  |TAMS 0x000000060fc00000| PB 0x000000060fc00000| Untracked 
|  19|0x0000000610000000, 0x0000000610000000, 0x0000000610400000|  0%| F|  |TAMS 0x0000000610000000| PB 0x0000000610000000| Untracked 
|  20|0x0000000610400000, 0x0000000610400000, 0x0000000610800000|  0%| F|  |TAMS 0x0000000610400000| PB 0x0000000610400000| Untracked 
|  21|0x0000000610800000, 0x0000000610800000, 0x0000000610c00000|  0%| F|  |TAMS 0x0000000610800000| PB 0x0000000610800000| Untracked 
|  22|0x0000000610c00000, 0x0000000610c00000, 0x0000000611000000|  0%| F|  |TAMS 0x0000000610c00000| PB 0x0000000610c00000| Untracked 
|  23|0x0000000611000000, 0x0000000611000000, 0x0000000611400000|  0%| F|  |TAMS 0x0000000611000000| PB 0x0000000611000000| Untracked 
|  24|0x0000000611400000, 0x0000000611400000, 0x0000000611800000|  0%| F|  |TAMS 0x0000000611400000| PB 0x0000000611400000| Untracked 
|  25|0x0000000611800000, 0x0000000611800000, 0x0000000611c00000|  0%| F|  |TAMS 0x0000000611800000| PB 0x0000000611800000| Untracked 
|  26|0x0000000611c00000, 0x0000000611c00000, 0x0000000612000000|  0%| F|  |TAMS 0x0000000611c00000| PB 0x0000000611c00000| Untracked 
|  27|0x0000000612000000, 0x0000000612000000, 0x0000000612400000|  0%| F|  |TAMS 0x0000000612000000| PB 0x0000000612000000| Untracked 
|  28|0x0000000612400000, 0x0000000612400000, 0x0000000612800000|  0%| F|  |TAMS 0x0000000612400000| PB 0x0000000612400000| Untracked 
|  29|0x0000000612800000, 0x0000000612800000, 0x0000000612c00000|  0%| F|  |TAMS 0x0000000612800000| PB 0x0000000612800000| Untracked 
|  30|0x0000000612c00000, 0x0000000612c00000, 0x0000000613000000|  0%| F|  |TAMS 0x0000000612c00000| PB 0x0000000612c00000| Untracked 
|  31|0x0000000613000000, 0x0000000613000000, 0x0000000613400000|  0%| F|  |TAMS 0x0000000613000000| PB 0x0000000613000000| Untracked 
|  32|0x0000000613400000, 0x0000000613400000, 0x0000000613800000|  0%| F|  |TAMS 0x0000000613400000| PB 0x0000000613400000| Untracked 
|  33|0x0000000613800000, 0x0000000613800000, 0x0000000613c00000|  0%| F|  |TAMS 0x0000000613800000| PB 0x0000000613800000| Untracked 
|  34|0x0000000613c00000, 0x0000000613c00000, 0x0000000614000000|  0%| F|  |TAMS 0x0000000613c00000| PB 0x0000000613c00000| Untracked 
|  35|0x0000000614000000, 0x0000000614000000, 0x0000000614400000|  0%| F|  |TAMS 0x0000000614000000| PB 0x0000000614000000| Untracked 
|  36|0x0000000614400000, 0x0000000614400000, 0x0000000614800000|  0%| F|  |TAMS 0x0000000614400000| PB 0x0000000614400000| Untracked 
|  37|0x0000000614800000, 0x0000000614800000, 0x0000000614c00000|  0%| F|  |TAMS 0x0000000614800000| PB 0x0000000614800000| Untracked 
|  38|0x0000000614c00000, 0x0000000614c00000, 0x0000000615000000|  0%| F|  |TAMS 0x0000000614c00000| PB 0x0000000614c00000| Untracked 
|  39|0x0000000615000000, 0x0000000615000000, 0x0000000615400000|  0%| F|  |TAMS 0x0000000615000000| PB 0x0000000615000000| Untracked 
|  40|0x0000000615400000, 0x0000000615400000, 0x0000000615800000|  0%| F|  |TAMS 0x0000000615400000| PB 0x0000000615400000| Untracked 
|  41|0x0000000615800000, 0x0000000615800000, 0x0000000615c00000|  0%| F|  |TAMS 0x0000000615800000| PB 0x0000000615800000| Untracked 
|  42|0x0000000615c00000, 0x0000000615c00000, 0x0000000616000000|  0%| F|  |TAMS 0x0000000615c00000| PB 0x0000000615c00000| Untracked 
|  43|0x0000000616000000, 0x0000000616000000, 0x0000000616400000|  0%| F|  |TAMS 0x0000000616000000| PB 0x0000000616000000| Untracked 
|  44|0x0000000616400000, 0x0000000616400000, 0x0000000616800000|  0%| F|  |TAMS 0x0000000616400000| PB 0x0000000616400000| Untracked 
|  45|0x0000000616800000, 0x0000000616800000, 0x0000000616c00000|  0%| F|  |TAMS 0x0000000616800000| PB 0x0000000616800000| Untracked 
|  46|0x0000000616c00000, 0x0000000616c00000, 0x0000000617000000|  0%| F|  |TAMS 0x0000000616c00000| PB 0x0000000616c00000| Untracked 
|  47|0x0000000617000000, 0x0000000617000000, 0x0000000617400000|  0%| F|  |TAMS 0x0000000617000000| PB 0x0000000617000000| Untracked 
|  48|0x0000000617400000, 0x0000000617400000, 0x0000000617800000|  0%| F|  |TAMS 0x0000000617400000| PB 0x0000000617400000| Untracked 
|  49|0x0000000617800000, 0x0000000617800000, 0x0000000617c00000|  0%| F|  |TAMS 0x0000000617800000| PB 0x0000000617800000| Untracked 
|  50|0x0000000617c00000, 0x0000000617c00000, 0x0000000618000000|  0%| F|  |TAMS 0x0000000617c00000| PB 0x0000000617c00000| Untracked 
|  51|0x0000000618000000, 0x0000000618000000, 0x0000000618400000|  0%| F|  |TAMS 0x0000000618000000| PB 0x0000000618000000| Untracked 
|  52|0x0000000618400000, 0x0000000618400000, 0x0000000618800000|  0%| F|  |TAMS 0x0000000618400000| PB 0x0000000618400000| Untracked 
|  53|0x0000000618800000, 0x0000000618800000, 0x0000000618c00000|  0%| F|  |TAMS 0x0000000618800000| PB 0x0000000618800000| Untracked 
|  54|0x0000000618c00000, 0x0000000618c00000, 0x0000000619000000|  0%| F|  |TAMS 0x0000000618c00000| PB 0x0000000618c00000| Untracked 
|  55|0x0000000619000000, 0x0000000619000000, 0x0000000619400000|  0%| F|  |TAMS 0x0000000619000000| PB 0x0000000619000000| Untracked 
|  56|0x0000000619400000, 0x0000000619400000, 0x0000000619800000|  0%| F|  |TAMS 0x0000000619400000| PB 0x0000000619400000| Untracked 
|  57|0x0000000619800000, 0x0000000619800000, 0x0000000619c00000|  0%| F|  |TAMS 0x0000000619800000| PB 0x0000000619800000| Untracked 
|  58|0x0000000619c00000, 0x0000000619c00000, 0x000000061a000000|  0%| F|  |TAMS 0x0000000619c00000| PB 0x0000000619c00000| Untracked 
|  59|0x000000061a000000, 0x000000061a000000, 0x000000061a400000|  0%| F|  |TAMS 0x000000061a000000| PB 0x000000061a000000| Untracked 
|  60|0x000000061a400000, 0x000000061a400000, 0x000000061a800000|  0%| F|  |TAMS 0x000000061a400000| PB 0x000000061a400000| Untracked 
|  61|0x000000061a800000, 0x000000061a800000, 0x000000061ac00000|  0%| F|  |TAMS 0x000000061a800000| PB 0x000000061a800000| Untracked 
|  62|0x000000061ac00000, 0x000000061ac00000, 0x000000061b000000|  0%| F|  |TAMS 0x000000061ac00000| PB 0x000000061ac00000| Untracked 
|  63|0x000000061b000000, 0x000000061b000000, 0x000000061b400000|  0%| F|  |TAMS 0x000000061b000000| PB 0x000000061b000000| Untracked 
|  64|0x000000061b400000, 0x000000061b400000, 0x000000061b800000|  0%| F|  |TAMS 0x000000061b400000| PB 0x000000061b400000| Untracked 
|  65|0x000000061b800000, 0x000000061b800000, 0x000000061bc00000|  0%| F|  |TAMS 0x000000061b800000| PB 0x000000061b800000| Untracked 
|  66|0x000000061bc00000, 0x000000061bc00000, 0x000000061c000000|  0%| F|  |TAMS 0x000000061bc00000| PB 0x000000061bc00000| Untracked 
|  67|0x000000061c000000, 0x000000061c000000, 0x000000061c400000|  0%| F|  |TAMS 0x000000061c000000| PB 0x000000061c000000| Untracked 
|  68|0x000000061c400000, 0x000000061c400000, 0x000000061c800000|  0%| F|  |TAMS 0x000000061c400000| PB 0x000000061c400000| Untracked 
|  69|0x000000061c800000, 0x000000061c800000, 0x000000061cc00000|  0%| F|  |TAMS 0x000000061c800000| PB 0x000000061c800000| Untracked 
|  70|0x000000061cc00000, 0x000000061cc00000, 0x000000061d000000|  0%| F|  |TAMS 0x000000061cc00000| PB 0x000000061cc00000| Untracked 
|  71|0x000000061d000000, 0x000000061d000000, 0x000000061d400000|  0%| F|  |TAMS 0x000000061d000000| PB 0x000000061d000000| Untracked 
|  72|0x000000061d400000, 0x000000061d400000, 0x000000061d800000|  0%| F|  |TAMS 0x000000061d400000| PB 0x000000061d400000| Untracked 
|  73|0x000000061d800000, 0x000000061d800000, 0x000000061dc00000|  0%| F|  |TAMS 0x000000061d800000| PB 0x000000061d800000| Untracked 
|  74|0x000000061dc00000, 0x000000061dc00000, 0x000000061e000000|  0%| F|  |TAMS 0x000000061dc00000| PB 0x000000061dc00000| Untracked 
|  75|0x000000061e000000, 0x000000061e000000, 0x000000061e400000|  0%| F|  |TAMS 0x000000061e000000| PB 0x000000061e000000| Untracked 
|  76|0x000000061e400000, 0x000000061e400000, 0x000000061e800000|  0%| F|  |TAMS 0x000000061e400000| PB 0x000000061e400000| Untracked 
|  77|0x000000061e800000, 0x000000061e800000, 0x000000061ec00000|  0%| F|  |TAMS 0x000000061e800000| PB 0x000000061e800000| Untracked 
|  78|0x000000061ec00000, 0x000000061ec00000, 0x000000061f000000|  0%| F|  |TAMS 0x000000061ec00000| PB 0x000000061ec00000| Untracked 
|  79|0x000000061f000000, 0x000000061f000000, 0x000000061f400000|  0%| F|  |TAMS 0x000000061f000000| PB 0x000000061f000000| Untracked 
|  80|0x000000061f400000, 0x000000061f400000, 0x000000061f800000|  0%| F|  |TAMS 0x000000061f400000| PB 0x000000061f400000| Untracked 
|  81|0x000000061f800000, 0x000000061f800000, 0x000000061fc00000|  0%| F|  |TAMS 0x000000061f800000| PB 0x000000061f800000| Untracked 
|  82|0x000000061fc00000, 0x000000061fc00000, 0x0000000620000000|  0%| F|  |TAMS 0x000000061fc00000| PB 0x000000061fc00000| Untracked 
|  83|0x0000000620000000, 0x0000000620000000, 0x0000000620400000|  0%| F|  |TAMS 0x0000000620000000| PB 0x0000000620000000| Untracked 
|  84|0x0000000620400000, 0x0000000620400000, 0x0000000620800000|  0%| F|  |TAMS 0x0000000620400000| PB 0x0000000620400000| Untracked 
|  85|0x0000000620800000, 0x0000000620800000, 0x0000000620c00000|  0%| F|  |TAMS 0x0000000620800000| PB 0x0000000620800000| Untracked 
|  86|0x0000000620c00000, 0x0000000620c00000, 0x0000000621000000|  0%| F|  |TAMS 0x0000000620c00000| PB 0x0000000620c00000| Untracked 
|  87|0x0000000621000000, 0x0000000621000000, 0x0000000621400000|  0%| F|  |TAMS 0x0000000621000000| PB 0x0000000621000000| Untracked 
|  88|0x0000000621400000, 0x0000000621400000, 0x0000000621800000|  0%| F|  |TAMS 0x0000000621400000| PB 0x0000000621400000| Untracked 
|  89|0x0000000621800000, 0x0000000621800000, 0x0000000621c00000|  0%| F|  |TAMS 0x0000000621800000| PB 0x0000000621800000| Untracked 
|  90|0x0000000621c00000, 0x0000000621c00000, 0x0000000622000000|  0%| F|  |TAMS 0x0000000621c00000| PB 0x0000000621c00000| Untracked 
|  91|0x0000000622000000, 0x0000000622000000, 0x0000000622400000|  0%| F|  |TAMS 0x0000000622000000| PB 0x0000000622000000| Untracked 
|  92|0x0000000622400000, 0x0000000622400000, 0x0000000622800000|  0%| F|  |TAMS 0x0000000622400000| PB 0x0000000622400000| Untracked 
|  93|0x0000000622800000, 0x0000000622800000, 0x0000000622c00000|  0%| F|  |TAMS 0x0000000622800000| PB 0x0000000622800000| Untracked 
|  94|0x0000000622c00000, 0x0000000622c00000, 0x0000000623000000|  0%| F|  |TAMS 0x0000000622c00000| PB 0x0000000622c00000| Untracked 
|  95|0x0000000623000000, 0x0000000623000000, 0x0000000623400000|  0%| F|  |TAMS 0x0000000623000000| PB 0x0000000623000000| Untracked 
|  96|0x0000000623400000, 0x0000000623400000, 0x0000000623800000|  0%| F|  |TAMS 0x0000000623400000| PB 0x0000000623400000| Untracked 
|  97|0x0000000623800000, 0x0000000623800000, 0x0000000623c00000|  0%| F|  |TAMS 0x0000000623800000| PB 0x0000000623800000| Untracked 
|  98|0x0000000623c00000, 0x0000000623c00000, 0x0000000624000000|  0%| F|  |TAMS 0x0000000623c00000| PB 0x0000000623c00000| Untracked 
|  99|0x0000000624000000, 0x0000000624000000, 0x0000000624400000|  0%| F|  |TAMS 0x0000000624000000| PB 0x0000000624000000| Untracked 
| 100|0x0000000624400000, 0x0000000624400000, 0x0000000624800000|  0%| F|  |TAMS 0x0000000624400000| PB 0x0000000624400000| Untracked 
| 101|0x0000000624800000, 0x0000000624800000, 0x0000000624c00000|  0%| F|  |TAMS 0x0000000624800000| PB 0x0000000624800000| Untracked 
| 102|0x0000000624c00000, 0x0000000624c00000, 0x0000000625000000|  0%| F|  |TAMS 0x0000000624c00000| PB 0x0000000624c00000| Untracked 
| 103|0x0000000625000000, 0x0000000625000000, 0x0000000625400000|  0%| F|  |TAMS 0x0000000625000000| PB 0x0000000625000000| Untracked 
| 104|0x0000000625400000, 0x0000000625400000, 0x0000000625800000|  0%| F|  |TAMS 0x0000000625400000| PB 0x0000000625400000| Untracked 
| 105|0x0000000625800000, 0x0000000625800000, 0x0000000625c00000|  0%| F|  |TAMS 0x0000000625800000| PB 0x0000000625800000| Untracked 
| 106|0x0000000625c00000, 0x0000000625c00000, 0x0000000626000000|  0%| F|  |TAMS 0x0000000625c00000| PB 0x0000000625c00000| Untracked 
| 107|0x0000000626000000, 0x0000000626000000, 0x0000000626400000|  0%| F|  |TAMS 0x0000000626000000| PB 0x0000000626000000| Untracked 
| 108|0x0000000626400000, 0x0000000626400000, 0x0000000626800000|  0%| F|  |TAMS 0x0000000626400000| PB 0x0000000626400000| Untracked 
| 109|0x0000000626800000, 0x0000000626800000, 0x0000000626c00000|  0%| F|  |TAMS 0x0000000626800000| PB 0x0000000626800000| Untracked 
| 110|0x0000000626c00000, 0x0000000626c00000, 0x0000000627000000|  0%| F|  |TAMS 0x0000000626c00000| PB 0x0000000626c00000| Untracked 
| 111|0x0000000627000000, 0x0000000627000000, 0x0000000627400000|  0%| F|  |TAMS 0x0000000627000000| PB 0x0000000627000000| Untracked 
| 112|0x0000000627400000, 0x0000000627400000, 0x0000000627800000|  0%| F|  |TAMS 0x0000000627400000| PB 0x0000000627400000| Untracked 
| 113|0x0000000627800000, 0x0000000627800000, 0x0000000627c00000|  0%| F|  |TAMS 0x0000000627800000| PB 0x0000000627800000| Untracked 
| 114|0x0000000627c00000, 0x0000000627c00000, 0x0000000628000000|  0%| F|  |TAMS 0x0000000627c00000| PB 0x0000000627c00000| Untracked 
| 115|0x0000000628000000, 0x0000000628000000, 0x0000000628400000|  0%| F|  |TAMS 0x0000000628000000| PB 0x0000000628000000| Untracked 
| 116|0x0000000628400000, 0x0000000628400000, 0x0000000628800000|  0%| F|  |TAMS 0x0000000628400000| PB 0x0000000628400000| Untracked 
| 117|0x0000000628800000, 0x0000000628800000, 0x0000000628c00000|  0%| F|  |TAMS 0x0000000628800000| PB 0x0000000628800000| Untracked 
| 118|0x0000000628c00000, 0x0000000628c00000, 0x0000000629000000|  0%| F|  |TAMS 0x0000000628c00000| PB 0x0000000628c00000| Untracked 
| 119|0x0000000629000000, 0x0000000629000000, 0x0000000629400000|  0%| F|  |TAMS 0x0000000629000000| PB 0x0000000629000000| Untracked 
| 120|0x0000000629400000, 0x0000000629400000, 0x0000000629800000|  0%| F|  |TAMS 0x0000000629400000| PB 0x0000000629400000| Untracked 
| 121|0x0000000629800000, 0x0000000629ae3d90, 0x0000000629c00000| 72%| E|  |TAMS 0x0000000629800000| PB 0x0000000629800000| Complete 
| 122|0x0000000629c00000, 0x000000062a000000, 0x000000062a000000|100%| E|CS|TAMS 0x0000000629c00000| PB 0x0000000629c00000| Complete 
| 123|0x000000062a000000, 0x000000062a400000, 0x000000062a400000|100%| E|CS|TAMS 0x000000062a000000| PB 0x000000062a000000| Complete 
| 124|0x000000062a400000, 0x000000062a800000, 0x000000062a800000|100%| E|CS|TAMS 0x000000062a400000| PB 0x000000062a400000| Complete 
| 125|0x000000062a800000, 0x000000062ac00000, 0x000000062ac00000|100%| E|CS|TAMS 0x000000062a800000| PB 0x000000062a800000| Complete 

Card table byte_map: [0x0000023a56480000,0x0000023a57430000] _byte_map_base: 0x0000023a53426000

Marking Bits: (CMBitMap*) 0x0000023a4541f9a0
 Bits: [0x0000023a57430000, 0x0000023a5f160000)

Polling page: 0x0000023a393d0000

Metaspace:

Usage:
  Non-class:      3.84 MB used.
      Class:    423.30 KB used.
       Both:      4.26 MB used.

Virtual space:
  Non-class space:       64.00 MB reserved,       3.94 MB (  6%) committed,  1 nodes.
      Class space:        1.00 GB reserved,     512.00 KB ( <1%) committed,  1 nodes.
             Both:        1.06 GB reserved,       4.44 MB ( <1%) committed. 

Chunk freelists:
   Non-Class:  10.73 MB
       Class:  15.53 MB
        Both:  26.25 MB

MaxMetaspaceSize: unlimited
CompressedClassSpaceSize: 1.00 GB
Initial GC threshold: 21.00 MB
Current GC threshold: 21.00 MB
CDS: on
 - commit_granule_bytes: 65536.
 - commit_granule_words: 8192.
 - virtual_space_node_default_size: 8388608.
 - enlarge_chunks_in_place: 1.
 - use_allocation_guard: 0.


Internal statistics:

num_allocs_failed_limit: 0.
num_arena_births: 128.
num_arena_deaths: 0.
num_vsnodes_births: 2.
num_vsnodes_deaths: 0.
num_space_committed: 71.
num_space_uncommitted: 0.
num_chunks_returned_to_freelist: 0.
num_chunks_taken_from_freelist: 199.
num_chunk_merges: 0.
num_chunk_splits: 136.
num_chunks_enlarged: 84.
num_inconsistent_stats: 0.

CodeHeap 'non-profiled nmethods': size=119168Kb used=535Kb max_used=535Kb free=118632Kb
 bounds [0x0000023a4d0a0000, 0x0000023a4d310000, 0x0000023a54500000]
CodeHeap 'profiled nmethods': size=119104Kb used=2055Kb max_used=2055Kb free=117048Kb
 bounds [0x0000023a45500000, 0x0000023a45770000, 0x0000023a4c950000]
CodeHeap 'non-nmethods': size=7488Kb used=3178Kb max_used=3226Kb free=4309Kb
 bounds [0x0000023a4c950000, 0x0000023a4cc80000, 0x0000023a4d0a0000]
CodeCache: size=245760Kb, used=5768Kb, max_used=5816Kb, free=239989Kb
 total_blobs=1582, nmethods=1101, adapters=383, full_count=0
Compilation: enabled, stopped_count=0, restarted_count=0

Compilation events (20 events):
Event: 0.601 Thread 0x0000023a621999d0 1095       3       jdk.internal.org.objectweb.asm.MethodVisitor::<init> (7 bytes)
Event: 0.601 Thread 0x0000023a6219b510 1096       3       jdk.internal.org.objectweb.asm.MethodWriter::visitMaxs (60 bytes)
Event: 0.601 Thread 0x0000023a621999d0 nmethod 1095 0x0000023a456f5110 code [0x0000023a456f52c0, 0x0000023a456f5420]
Event: 0.601 Thread 0x0000023a621999d0 1097       3       jdk.internal.org.objectweb.asm.MethodWriter::visitEnd (1 bytes)
Event: 0.601 Thread 0x0000023a6219b510 nmethod 1096 0x0000023a456f5510 code [0x0000023a456f56e0, 0x0000023a456f59b8]
Event: 0.601 Thread 0x0000023a62198c30 nmethod 1093 0x0000023a456f5c10 code [0x0000023a456f5de0, 0x0000023a456f6198]
Event: 0.601 Thread 0x0000023a621999d0 nmethod 1097 0x0000023a456f6410 code [0x0000023a456f65a0, 0x0000023a456f66a8]
Event: 0.601 Thread 0x0000023a62198c30 1098       3       jdk.internal.org.objectweb.asm.MethodWriter::computeMethodInfoSize (571 bytes)
Event: 0.601 Thread 0x0000023a6219b510 1100       3       jdk.internal.org.objectweb.asm.MethodWriter::hasFrames (13 bytes)
Event: 0.601 Thread 0x0000023a621999d0 1101       3       jdk.internal.org.objectweb.asm.MethodWriter::putMethodInfo (1274 bytes)
Event: 0.601 Thread 0x0000023a6219b510 nmethod 1100 0x0000023a456f6790 code [0x0000023a456f6920, 0x0000023a456f6a80]
Event: 0.601 Thread 0x0000023a6219b510 1102       3       jdk.internal.org.objectweb.asm.Handler::putExceptionTable (63 bytes)
Event: 0.602 Thread 0x0000023a62198560 nmethod 1094 0x0000023a456f6b90 code [0x0000023a456f6e40, 0x0000023a456f7bc0]
Event: 0.602 Thread 0x0000023a6219b510 nmethod 1102 0x0000023a456f8590 code [0x0000023a456f87c0, 0x0000023a456f8c68]
Event: 0.602 Thread 0x0000023a62198560 1099       1       jdk.internal.org.objectweb.asm.SymbolTable::getConstantPoolCount (5 bytes)
Event: 0.602 Thread 0x0000023a62198560 nmethod 1099 0x0000023a4d125710 code [0x0000023a4d1258a0, 0x0000023a4d125968]
Event: 0.602 Thread 0x0000023a62198560 1105       3       java.lang.invoke.MethodHandle::isBuiltinLoader (24 bytes)
Event: 0.602 Thread 0x0000023a62198560 nmethod 1105 0x0000023a456f9190 code [0x0000023a456f9340, 0x0000023a456f95a8]
Event: 0.603 Thread 0x0000023a62198c30 nmethod 1098 0x0000023a456f9710 code [0x0000023a456f9a40, 0x0000023a456fa958]
Event: 0.604 Thread 0x0000023a621999d0 nmethod 1101 0x0000023a456fbd90 code [0x0000023a456fc4c0, 0x0000023a456fed58]

GC Heap History (0 events):
No events

Dll operation events (20 events):
Event: 0.468 Loaded shared library C:\Users\Tuan Hiep\Downloads\javafx-sdk-21.0.11\bin\api-ms-win-crt-filesystem-l1-1-0.dll
Event: 0.469 Loaded shared library C:\Users\Tuan Hiep\Downloads\javafx-sdk-21.0.11\bin\api-ms-win-crt-heap-l1-1-0.dll
Event: 0.470 Loaded shared library C:\Users\Tuan Hiep\Downloads\javafx-sdk-21.0.11\bin\api-ms-win-crt-locale-l1-1-0.dll
Event: 0.471 Loaded shared library C:\Users\Tuan Hiep\Downloads\javafx-sdk-21.0.11\bin\api-ms-win-crt-math-l1-1-0.dll
Event: 0.473 Loaded shared library C:\Users\Tuan Hiep\Downloads\javafx-sdk-21.0.11\bin\api-ms-win-crt-multibyte-l1-1-0.dll
Event: 0.474 Loaded shared library C:\Users\Tuan Hiep\Downloads\javafx-sdk-21.0.11\bin\api-ms-win-crt-private-l1-1-0.dll
Event: 0.475 Loaded shared library C:\Users\Tuan Hiep\Downloads\javafx-sdk-21.0.11\bin\api-ms-win-crt-process-l1-1-0.dll
Event: 0.477 Loaded shared library C:\Users\Tuan Hiep\Downloads\javafx-sdk-21.0.11\bin\api-ms-win-crt-runtime-l1-1-0.dll
Event: 0.478 Loaded shared library C:\Users\Tuan Hiep\Downloads\javafx-sdk-21.0.11\bin\api-ms-win-crt-stdio-l1-1-0.dll
Event: 0.480 Loaded shared library C:\Users\Tuan Hiep\Downloads\javafx-sdk-21.0.11\bin\api-ms-win-crt-string-l1-1-0.dll
Event: 0.481 Loaded shared library C:\Users\Tuan Hiep\Downloads\javafx-sdk-21.0.11\bin\api-ms-win-crt-time-l1-1-0.dll
Event: 0.482 Loaded shared library C:\Users\Tuan Hiep\Downloads\javafx-sdk-21.0.11\bin\api-ms-win-crt-utility-l1-1-0.dll
Event: 0.484 Loaded shared library C:\Users\Tuan Hiep\Downloads\javafx-sdk-21.0.11\bin\ucrtbase.dll
Event: 0.485 Loaded shared library C:\Users\Tuan Hiep\Downloads\javafx-sdk-21.0.11\bin\vcruntime140.dll
Event: 0.487 Loaded shared library C:\Users\Tuan Hiep\Downloads\javafx-sdk-21.0.11\bin\vcruntime140_1.dll
Event: 0.488 Loaded shared library C:\Users\Tuan Hiep\Downloads\javafx-sdk-21.0.11\bin\msvcp140.dll
Event: 0.489 Loaded shared library C:\Users\Tuan Hiep\Downloads\javafx-sdk-21.0.11\bin\msvcp140_1.dll
Event: 0.490 Loaded shared library C:\Users\Tuan Hiep\Downloads\javafx-sdk-21.0.11\bin\msvcp140_2.dll
Event: 0.527 Loaded shared library C:\Users\Tuan Hiep\Downloads\javafx-sdk-21.0.11\bin\prism_d3d.dll
Event: 0.593 Loaded shared library C:\Users\Tuan Hiep\Downloads\javafx-sdk-21.0.11\bin\glass.dll

Deoptimization events (20 events):
Event: 0.432 Thread 0x0000023a3b6be660 Uncommon trap: trap_request=0xffffff45 fr.pc=0x0000023a4d0b8b10 relative=0x0000000000000710
Event: 0.432 Thread 0x0000023a3b6be660 Uncommon trap: reason=unstable_if action=reinterpret pc=0x0000023a4d0b8b10 method=jdk.internal.module.Checks.isJavaIdentifier(Ljava/lang/String;)Z @ 4 c2
Event: 0.432 Thread 0x0000023a3b6be660 DEOPT PACKING pc=0x0000023a4d0b8b10 sp=0x000000eca1ffe940
Event: 0.432 Thread 0x0000023a3b6be660 DEOPT UNPACKING pc=0x0000023a4c9a7ba2 sp=0x000000eca1ffe8f8 mode 2
Event: 0.588 Thread 0x0000023a3b6be660 Uncommon trap: trap_request=0xffffffc6 fr.pc=0x0000023a4d0ff8c0 relative=0x0000000000001140
Event: 0.588 Thread 0x0000023a3b6be660 Uncommon trap: reason=bimorphic_or_optimized_type_check action=maybe_recompile pc=0x0000023a4d0ff8c0 method=java.util.HashMap.putVal(ILjava/lang/Object;Ljava/lang/Object;ZZ)Ljava/lang/Object; @ 56 c2
Event: 0.588 Thread 0x0000023a3b6be660 DEOPT PACKING pc=0x0000023a4d0ff8c0 sp=0x000000eca1ffd3b0
Event: 0.588 Thread 0x0000023a3b6be660 DEOPT UNPACKING pc=0x0000023a4c9a7ba2 sp=0x000000eca1ffd368 mode 2
Event: 0.588 Thread 0x0000023a3b6be660 Uncommon trap: trap_request=0xffffffc6 fr.pc=0x0000023a4d0ff8c0 relative=0x0000000000001140
Event: 0.588 Thread 0x0000023a3b6be660 Uncommon trap: reason=bimorphic_or_optimized_type_check action=maybe_recompile pc=0x0000023a4d0ff8c0 method=java.util.HashMap.putVal(ILjava/lang/Object;Ljava/lang/Object;ZZ)Ljava/lang/Object; @ 56 c2
Event: 0.588 Thread 0x0000023a3b6be660 DEOPT PACKING pc=0x0000023a4d0ff8c0 sp=0x000000eca1ffd3b0
Event: 0.588 Thread 0x0000023a3b6be660 DEOPT UNPACKING pc=0x0000023a4c9a7ba2 sp=0x000000eca1ffd368 mode 2
Event: 0.588 Thread 0x0000023a3b6be660 Uncommon trap: trap_request=0xffffffc6 fr.pc=0x0000023a4d0ff8c0 relative=0x0000000000001140
Event: 0.588 Thread 0x0000023a3b6be660 Uncommon trap: reason=bimorphic_or_optimized_type_check action=maybe_recompile pc=0x0000023a4d0ff8c0 method=java.util.HashMap.putVal(ILjava/lang/Object;Ljava/lang/Object;ZZ)Ljava/lang/Object; @ 56 c2
Event: 0.588 Thread 0x0000023a3b6be660 DEOPT PACKING pc=0x0000023a4d0ff8c0 sp=0x000000eca1ffd3b0
Event: 0.588 Thread 0x0000023a3b6be660 DEOPT UNPACKING pc=0x0000023a4c9a7ba2 sp=0x000000eca1ffd368 mode 2
Event: 0.588 Thread 0x0000023a3b6be660 Uncommon trap: trap_request=0xffffffc6 fr.pc=0x0000023a4d0ff8c0 relative=0x0000000000001140
Event: 0.588 Thread 0x0000023a3b6be660 Uncommon trap: reason=bimorphic_or_optimized_type_check action=maybe_recompile pc=0x0000023a4d0ff8c0 method=java.util.HashMap.putVal(ILjava/lang/Object;Ljava/lang/Object;ZZ)Ljava/lang/Object; @ 56 c2
Event: 0.588 Thread 0x0000023a3b6be660 DEOPT PACKING pc=0x0000023a4d0ff8c0 sp=0x000000eca1ffd3b0
Event: 0.588 Thread 0x0000023a3b6be660 DEOPT UNPACKING pc=0x0000023a4c9a7ba2 sp=0x000000eca1ffd368 mode 2

Classes loaded (20 events):
Event: 0.595 Loading class java/lang/Throwable$PrintStreamOrWriter done
Event: 0.595 Loading class java/lang/Throwable$WrappedPrintStream done
Event: 0.595 Loading class com/intellij/rt/debugger/agent/CaptureStorage$9
Event: 0.595 Loading class com/intellij/rt/debugger/agent/CaptureStorage$Callable
Event: 0.595 Loading class com/intellij/rt/debugger/agent/CaptureStorage$Callable done
Event: 0.595 Loading class com/intellij/rt/debugger/agent/CaptureStorage$9 done
Event: 0.595 Loading class java/lang/StackTraceElement$HashedModules
Event: 0.595 Loading class java/lang/StackTraceElement$HashedModules done
Event: 0.596 Loading class com/intellij/rt/debugger/agent/CaptureAgent$CaptureInstrumentor
Event: 0.596 Loading class com/intellij/rt/debugger/agent/CaptureAgent$CaptureInstrumentor done
Event: 0.597 Loading class com/intellij/rt/debugger/agent/CaptureAgent$CaptureInstrumentor$2
Event: 0.597 Loading class com/intellij/rt/debugger/agent/CaptureAgent$CaptureInstrumentor$2 done
Event: 0.597 Loading class java/util/concurrent/BlockingDeque
Event: 0.597 Loading class java/util/concurrent/BlockingDeque done
Event: 0.598 Loading class java/util/concurrent/LinkedBlockingDeque
Event: 0.598 Loading class java/util/concurrent/LinkedBlockingDeque done
Event: 0.600 Loading class com/sun/glass/ui/win/WinApplication
Event: 0.600 Loading class com/sun/glass/ui/win/WinApplication done
Event: 0.601 Loading class com/sun/glass/ui/win/WinApplication
Event: 0.601 Loading class com/sun/glass/ui/win/WinApplication done

Classes unloaded (0 events):
No events

Classes redefined (1 events):
Event: 0.355 Thread 0x0000023a6213fe50 redefined class name=java.lang.Throwable, count=1

Internal exceptions (16 events):
Event: 0.120 Thread 0x0000023a3b6be660 Exception <a 'java/lang/NoSuchMethodError'{0x000000062a707758}: 'void java.lang.invoke.DirectMethodHandle$Holder.invokeSpecial(java.lang.Object, java.lang.Object, java.lang.Object)'> (0x000000062a707758) 
thrown [s\src\hotspot\share\interpreter\linkResolver.cpp, line 773]
Event: 0.144 Thread 0x0000023a3b6be660 Exception <a 'java/lang/NoSuchMethodError'{0x000000062a0f20b0}: 'java.lang.Object java.lang.invoke.DirectMethodHandle$Holder.invokeVirtual(java.lang.Object, java.lang.Object, java.lang.Object)'> (0x000000062a0f20b0) 
thrown [s\src\hotspot\share\interpreter\linkResolver.cpp, line 773]
Event: 0.173 Thread 0x0000023a3b6be660 Exception <a 'java/lang/NoSuchMethodError'{0x000000062a1588a0}: 'void java.lang.invoke.DirectMethodHandle$Holder.invokeVirtual(java.lang.Object, java.lang.Object)'> (0x000000062a1588a0) 
thrown [s\src\hotspot\share\interpreter\linkResolver.cpp, line 773]
Event: 0.176 Thread 0x0000023a3b6be660 Exception <a 'java/lang/NoSuchMethodError'{0x000000062a163518}: 'java.lang.Object java.lang.invoke.DirectMethodHandle$Holder.invokeInterface(java.lang.Object, java.lang.Object, java.lang.Object)'> (0x000000062a163518) 
thrown [s\src\hotspot\share\interpreter\linkResolver.cpp, line 773]
Event: 0.237 Thread 0x0000023a3b6be660 Exception <a 'java/lang/NoSuchMethodError'{0x0000000629c1e538}: 'void java.lang.invoke.DirectMethodHandle$Holder.invokeSpecial(java.lang.Object, java.lang.Object, java.lang.Object, java.lang.Object, java.lang.Object)'> (0x0000000629c1e538) 
thrown [s\src\hotspot\share\interpreter\linkResolver.cpp, line 773]
Event: 0.243 Thread 0x0000023a3b6be660 Exception <a 'java/lang/NoSuchMethodError'{0x0000000629c33798}: 'java.lang.Object java.lang.invoke.DirectMethodHandle$Holder.invokeInterface(java.lang.Object, java.lang.Object)'> (0x0000000629c33798) 
thrown [s\src\hotspot\share\interpreter\linkResolver.cpp, line 773]
Event: 0.244 Thread 0x0000023a3b6be660 Exception <a 'java/lang/IncompatibleClassChangeError'{0x0000000629c36a50}: Found class java.lang.Object, but interface was expected> (0x0000000629c36a50) 
thrown [s\src\hotspot\share\interpreter\linkResolver.cpp, line 840]
Event: 0.244 Thread 0x0000023a3b6be660 Exception <a 'java/lang/NoSuchMethodError'{0x0000000629c39400}: 'void java.lang.invoke.DirectMethodHandle$Holder.invokeStatic(java.lang.Object, java.lang.Object, java.lang.Object, java.lang.Object)'> (0x0000000629c39400) 
thrown [s\src\hotspot\share\interpreter\linkResolver.cpp, line 773]
Event: 0.324 Thread 0x0000023a3b6be660 Exception <a 'java/lang/NoSuchMethodError'{0x0000000629ce9908}: 'void java.lang.invoke.DirectMethodHandle$Holder.invokeStatic(java.lang.Object, java.lang.Object, java.lang.Object)'> (0x0000000629ce9908) 
thrown [s\src\hotspot\share\interpreter\linkResolver.cpp, line 773]
Event: 0.327 Thread 0x0000023a3b6be660 Exception <a 'java/lang/NoSuchMethodError'{0x0000000629d7aa48}: 'java.lang.Object java.lang.invoke.Invokers$Holder.invokeExact_MT(java.lang.Object, java.lang.Object, java.lang.Object, java.lang.Object, java.lang.Object)'> (0x0000000629d7aa48) 
thrown [s\src\hotspot\share\interpreter\linkResolver.cpp, line 773]
Event: 0.382 Thread 0x0000023a3b6be660 Exception <a 'java/lang/NoSuchMethodError'{0x0000000629ef3830}: 'java.lang.Object java.lang.invoke.Invokers$Holder.invokeExact_MT(java.lang.Object, java.lang.Object, java.lang.Object, java.lang.Object, java.lang.Object, java.lang.Object)'> (0x0000000629ef3830) 
thrown [s\src\hotspot\share\interpreter\linkResolver.cpp, line 773]
Event: 0.387 Thread 0x0000023a3b6be660 Exception <a 'java/lang/NoSuchMethodError'{0x0000000629f11f40}: 'void java.lang.invoke.DirectMethodHandle$Holder.invokeStatic(java.lang.Object, java.lang.Object)'> (0x0000000629f11f40) 
thrown [s\src\hotspot\share\interpreter\linkResolver.cpp, line 773]
Event: 0.580 Thread 0x0000023a3b6be660 Exception <a 'java/lang/NoSuchMethodError'{0x00000006298e7e68}: 'int java.lang.invoke.DirectMethodHandle$Holder.invokeStaticInit(java.lang.Object, java.lang.Object, java.lang.Object)'> (0x00000006298e7e68) 
thrown [s\src\hotspot\share\interpreter\linkResolver.cpp, line 773]
Event: 0.593 Thread 0x0000023a3b6be660 Exception <a 'java/lang/NoSuchMethodError'{0x00000006299abbf8}: notifyThemeChanged> (0x00000006299abbf8) 
thrown [s\src\hotspot\share\prims\jni.cpp, line 1077]
Event: 0.600 Thread 0x0000023a3b6be660 Exception <a 'java/lang/NoSuchMethodError'{0x00000006299d27e0}: 'java.lang.Object java.lang.invoke.DirectMethodHandle$Holder.newInvokeSpecial(java.lang.Object, java.lang.Object, int, java.lang.Object)'> (0x00000006299d27e0) 
thrown [s\src\hotspot\share\interpreter\linkResolver.cpp, line 773]
Event: 0.601 Thread 0x0000023a3b6be660 Exception <a 'java/lang/NoSuchMethodError'{0x00000006299d6a10}: 'java.lang.Object java.lang.invoke.DirectMethodHandle$Holder.invokeSpecial(java.lang.Object, java.lang.Object, java.lang.Object, int, java.lang.Object)'> (0x00000006299d6a10) 
thrown [s\src\hotspot\share\interpreter\linkResolver.cpp, line 773]

ZGC Phase Switch (0 events):
No events

VM Operations (20 events):
Event: 0.141 Executing VM operation: HandshakeAllThreads (Deoptimize)
Event: 0.141 Executing VM operation: HandshakeAllThreads (Deoptimize) done
Event: 0.215 Executing VM operation: HandshakeAllThreads (Deoptimize)
Event: 0.216 Executing VM operation: HandshakeAllThreads (Deoptimize) done
Event: 0.239 Executing VM operation: HandshakeAllThreads (Deoptimize)
Event: 0.239 Executing VM operation: HandshakeAllThreads (Deoptimize) done
Event: 0.320 Executing VM operation: ChangeBreakpoints
Event: 0.320 Executing VM operation: ChangeBreakpoints done
Event: 0.321 Executing VM operation: ChangeBreakpoints
Event: 0.321 Executing VM operation: ChangeBreakpoints done
Event: 0.333 Executing VM operation: ChangeBreakpoints
Event: 0.333 Executing VM operation: ChangeBreakpoints done
Event: 0.354 Executing VM operation: RedefineClasses
Event: 0.356 Executing VM operation: RedefineClasses done
Event: 0.358 Executing VM operation: get/set locals
Event: 0.358 Executing VM operation: get/set locals done
Event: 0.387 Executing VM operation: HandshakeAllThreads (Deoptimize)
Event: 0.387 Executing VM operation: HandshakeAllThreads (Deoptimize) done
Event: 0.588 Executing VM operation: HandshakeAllThreads (Deoptimize)
Event: 0.588 Executing VM operation: HandshakeAllThreads (Deoptimize) done

Memory protections (0 events):
No events

Nmethod flushes (0 events):
No events

Events (20 events):
Event: 0.043 Thread 0x0000023a62198560 Thread added: 0x0000023a621999d0
Event: 0.043 Thread 0x0000023a62198560 Thread added: 0x0000023a6219b510
Event: 0.074 Thread 0x0000023a3b6be660 Thread added: 0x0000023a62305db0
Event: 0.098 Thread 0x0000023a621999d0 Thread added: 0x0000023a62198c30
Event: 0.108 Thread 0x0000023a62198560 Thread added: 0x0000023a6219a0a0
Event: 0.111 Thread 0x0000023a6219a0a0 Thread added: 0x0000023a62197e90
Event: 0.111 Thread 0x0000023a6219a0a0 Thread added: 0x0000023a62199300
Event: 0.111 Thread 0x0000023a6219a0a0 Thread added: 0x0000023a6219a770
Event: 0.111 Thread 0x0000023a6219a0a0 Thread added: 0x0000023a6219ae40
Event: 0.232 Thread 0x0000023a62198c30 Thread added: 0x0000023aa8fd9c00
Event: 0.266 Thread 0x0000023a3b6be660 Thread added: 0x0000023aa8078a70
Event: 0.266 Thread 0x0000023a3b6be660 Thread added: 0x0000023aa8b3b940
Event: 0.267 Thread 0x0000023aa8078a70 Thread added: 0x0000023aa8c29470
Event: 0.360 Thread 0x0000023a3b6be660 Thread added: 0x0000023a6299e280
Event: 0.365 Thread 0x0000023a3b6be660 Thread added: 0x0000023aa83ae020
Event: 0.376 Thread 0x0000023aa8fd9c00 Thread exited: 0x0000023aa8fd9c00
Event: 0.381 Thread 0x0000023a3b6be660 Thread added: 0x0000023a62868eb0
Event: 0.519 Thread 0x0000023a3b6be660 Thread added: 0x0000023a627cd810
Event: 0.598 Thread 0x0000023a3b6be660 Thread added: 0x0000023aa94dd2e0
Event: 0.602 Thread 0x0000023a3b6be660 Thread added: 0x0000023aa90552e0


Dynamic libraries:
0x00007ff65f320000 - 0x00007ff65f32e000 	D:\Dev\JDK\openlogic-openjdk-21.0.9+10-windows-x64\bin\java.exe
0x00007ffa7bf40000 - 0x00007ffa7c1a6000 	C:\WINDOWS\SYSTEM32\ntdll.dll
0x00007ffa7ad30000 - 0x00007ffa7adf9000 	C:\WINDOWS\System32\KERNEL32.DLL
0x00007ffa79800000 - 0x00007ffa79bfa000 	C:\WINDOWS\System32\KERNELBASE.dll
0x00007ffa791d0000 - 0x00007ffa7931c000 	C:\WINDOWS\System32\ucrtbase.dll
0x00007ffa62a40000 - 0x00007ffa62a58000 	D:\Dev\JDK\openlogic-openjdk-21.0.9+10-windows-x64\bin\jli.dll
0x00007ffa62bf0000 - 0x00007ffa62c0b000 	D:\Dev\JDK\openlogic-openjdk-21.0.9+10-windows-x64\bin\VCRUNTIME140.dll
0x00007ffa6d0c0000 - 0x00007ffa6d352000 	C:\WINDOWS\WinSxS\amd64_microsoft.windows.common-controls_6595b64144ccf1df_6.0.26100.8521_none_3e08b75ce33403b3\COMCTL32.dll
0x00007ffa7b290000 - 0x00007ffa7b339000 	C:\WINDOWS\System32\msvcrt.dll
0x00007ffa7a910000 - 0x00007ffa7aad7000 	C:\WINDOWS\System32\USER32.dll
0x00007ffa79720000 - 0x00007ffa79747000 	C:\WINDOWS\System32\win32u.dll
0x00007ffa7ae60000 - 0x00007ffa7ae8b000 	C:\WINDOWS\System32\GDI32.dll
0x00007ffa79320000 - 0x00007ffa7944b000 	C:\WINDOWS\System32\gdi32full.dll
0x00007ffa79750000 - 0x00007ffa797f3000 	C:\WINDOWS\System32\msvcp_win.dll
0x00007ffa7acf0000 - 0x00007ffa7ad22000 	C:\WINDOWS\System32\IMM32.DLL
0x00007ffa53a10000 - 0x00007ffa53b02000 	C:\Program Files\Windhawk\Engine\1.7.3\64\windhawk.dll
0x00007ffa7a2b0000 - 0x00007ffa7a366000 	C:\WINDOWS\System32\ADVAPI32.dll
0x00007ffa7af10000 - 0x00007ffa7afba000 	C:\WINDOWS\System32\sechost.dll
0x00007ffa7a190000 - 0x00007ffa7a2a8000 	C:\WINDOWS\System32\RPCRT4.dll
0x00007ffa62be0000 - 0x00007ffa62bec000 	D:\Dev\JDK\openlogic-openjdk-21.0.9+10-windows-x64\bin\vcruntime140_1.dll
0x00007ffa46e50000 - 0x00007ffa46edd000 	D:\Dev\JDK\openlogic-openjdk-21.0.9+10-windows-x64\bin\msvcp140.dll
0x00007ff9dab60000 - 0x00007ff9db908000 	D:\Dev\JDK\openlogic-openjdk-21.0.9+10-windows-x64\bin\server\jvm.dll
0x00007ffa7b1e0000 - 0x00007ffa7b260000 	C:\WINDOWS\System32\WS2_32.dll
0x00007ffa78a30000 - 0x00007ffa78a8e000 	C:\WINDOWS\SYSTEM32\POWRPROF.dll
0x00007ffa713d0000 - 0x00007ffa713db000 	C:\WINDOWS\SYSTEM32\VERSION.dll
0x00007ffa65f20000 - 0x00007ffa65f56000 	C:\WINDOWS\SYSTEM32\WINMM.dll
0x00007ffa78a10000 - 0x00007ffa78a24000 	C:\WINDOWS\SYSTEM32\UMPDC.dll
0x00007ffa77f20000 - 0x00007ffa77f3b000 	C:\WINDOWS\SYSTEM32\kernel.appcore.dll
0x00007ffa62a30000 - 0x00007ffa62a3a000 	D:\Dev\JDK\openlogic-openjdk-21.0.9+10-windows-x64\bin\jimage.dll
0x00007ffa6fc00000 - 0x00007ffa6fe42000 	C:\WINDOWS\SYSTEM32\DBGHELP.DLL
0x00007ffa79cb0000 - 0x00007ffa7a033000 	C:\WINDOWS\System32\combase.dll
0x00007ffa7a0b0000 - 0x00007ffa7a189000 	C:\WINDOWS\System32\OLEAUT32.dll
0x00007ffa58d10000 - 0x00007ffa58d4b000 	C:\WINDOWS\SYSTEM32\dbgcore.DLL
0x00007ffa79c00000 - 0x00007ffa79ca8000 	C:\WINDOWS\System32\bcryptPrimitives.dll
0x00007ffa2d430000 - 0x00007ffa2d46c000 	D:\Dev\JDK\openlogic-openjdk-21.0.9+10-windows-x64\bin\jdwp.dll
0x00007ffa49480000 - 0x00007ffa4948e000 	D:\Dev\JDK\openlogic-openjdk-21.0.9+10-windows-x64\bin\instrument.dll
0x00007ffa4dc90000 - 0x00007ffa4dcaf000 	D:\Dev\JDK\openlogic-openjdk-21.0.9+10-windows-x64\bin\java.dll
0x00007ffa24540000 - 0x00007ffa24779000 	D:\Dev\IntelliJ\idea-2025.3.1.win\lib\async-profiler\amd64\libasyncProfiler.dll
0x00007ffa499e0000 - 0x00007ffa499f8000 	D:\Dev\JDK\openlogic-openjdk-21.0.9+10-windows-x64\bin\zip.dll
0x00007ffa7b560000 - 0x00007ffa7bce4000 	C:\WINDOWS\System32\SHELL32.dll
0x00007ffa76d60000 - 0x00007ffa775e0000 	C:\WINDOWS\SYSTEM32\windows.storage.dll
0x00007ffa7aae0000 - 0x00007ffa7abd6000 	C:\WINDOWS\System32\SHCORE.dll
0x00007ffa7a040000 - 0x00007ffa7a0a7000 	C:\WINDOWS\System32\shlwapi.dll
0x00007ffa790f0000 - 0x00007ffa79119000 	C:\WINDOWS\SYSTEM32\profapi.dll
0x00007ffa2d470000 - 0x00007ffa2d546000 	D:\Dev\JDK\openlogic-openjdk-21.0.9+10-windows-x64\bin\jsvml.dll
0x00007ffa4dc80000 - 0x00007ffa4dc90000 	D:\Dev\JDK\openlogic-openjdk-21.0.9+10-windows-x64\bin\net.dll
0x00007ffa72600000 - 0x00007ffa72729000 	C:\WINDOWS\SYSTEM32\WINHTTP.dll
0x00007ffa78470000 - 0x00007ffa784dc000 	C:\WINDOWS\system32\mswsock.dll
0x00007ffa49a00000 - 0x00007ffa49a16000 	D:\Dev\JDK\openlogic-openjdk-21.0.9+10-windows-x64\bin\nio.dll
0x00007ffa47fe0000 - 0x00007ffa47feb000 	D:\Dev\JDK\openlogic-openjdk-21.0.9+10-windows-x64\bin\dt_socket.dll
0x00007ffa77960000 - 0x00007ffa77993000 	C:\WINDOWS\SYSTEM32\IPHLPAPI.DLL
0x0000023a39440000 - 0x0000023a39443000 	C:\Users\Tuan Hiep\Downloads\javafx-sdk-21.0.11\bin\api-ms-win-core-console-l1-1-0.dll
0x0000023a39450000 - 0x0000023a39453000 	C:\Users\Tuan Hiep\Downloads\javafx-sdk-21.0.11\bin\api-ms-win-core-datetime-l1-1-0.dll
0x0000023a39460000 - 0x0000023a39463000 	C:\Users\Tuan Hiep\Downloads\javafx-sdk-21.0.11\bin\api-ms-win-core-debug-l1-1-0.dll
0x0000023a39470000 - 0x0000023a39473000 	C:\Users\Tuan Hiep\Downloads\javafx-sdk-21.0.11\bin\api-ms-win-core-errorhandling-l1-1-0.dll
0x0000023a39480000 - 0x0000023a39484000 	C:\Users\Tuan Hiep\Downloads\javafx-sdk-21.0.11\bin\api-ms-win-core-file-l1-1-0.dll
0x0000023a394a0000 - 0x0000023a394a3000 	C:\Users\Tuan Hiep\Downloads\javafx-sdk-21.0.11\bin\api-ms-win-core-file-l1-2-0.dll
0x0000023a394b0000 - 0x0000023a394b3000 	C:\Users\Tuan Hiep\Downloads\javafx-sdk-21.0.11\bin\api-ms-win-core-file-l2-1-0.dll
0x0000023a394c0000 - 0x0000023a394c3000 	C:\Users\Tuan Hiep\Downloads\javafx-sdk-21.0.11\bin\api-ms-win-core-handle-l1-1-0.dll
0x0000023a394d0000 - 0x0000023a394d3000 	C:\Users\Tuan Hiep\Downloads\javafx-sdk-21.0.11\bin\api-ms-win-core-heap-l1-1-0.dll
0x0000023a394f0000 - 0x0000023a394f3000 	C:\Users\Tuan Hiep\Downloads\javafx-sdk-21.0.11\bin\api-ms-win-core-interlocked-l1-1-0.dll
0x0000023a62fc0000 - 0x0000023a62fc3000 	C:\Users\Tuan Hiep\Downloads\javafx-sdk-21.0.11\bin\api-ms-win-core-libraryloader-l1-1-0.dll
0x0000023a62fd0000 - 0x0000023a62fd3000 	C:\Users\Tuan Hiep\Downloads\javafx-sdk-21.0.11\bin\api-ms-win-core-localization-l1-2-0.dll
0x0000023a62fe0000 - 0x0000023a62fe3000 	C:\Users\Tuan Hiep\Downloads\javafx-sdk-21.0.11\bin\api-ms-win-core-memory-l1-1-0.dll
0x0000023a62ff0000 - 0x0000023a62ff3000 	C:\Users\Tuan Hiep\Downloads\javafx-sdk-21.0.11\bin\api-ms-win-core-namedpipe-l1-1-0.dll
0x0000023aa9fa0000 - 0x0000023aa9fa3000 	C:\Users\Tuan Hiep\Downloads\javafx-sdk-21.0.11\bin\api-ms-win-core-processenvironment-l1-1-0.dll
0x0000023aa9fb0000 - 0x0000023aa9fb3000 	C:\Users\Tuan Hiep\Downloads\javafx-sdk-21.0.11\bin\api-ms-win-core-processthreads-l1-1-0.dll
0x0000023aa9fc0000 - 0x0000023aa9fc3000 	C:\Users\Tuan Hiep\Downloads\javafx-sdk-21.0.11\bin\api-ms-win-core-processthreads-l1-1-1.dll
0x0000023aa9fd0000 - 0x0000023aa9fd3000 	C:\Users\Tuan Hiep\Downloads\javafx-sdk-21.0.11\bin\api-ms-win-core-profile-l1-1-0.dll
0x0000023aa9fe0000 - 0x0000023aa9fe3000 	C:\Users\Tuan Hiep\Downloads\javafx-sdk-21.0.11\bin\api-ms-win-core-rtlsupport-l1-1-0.dll
0x0000023aa9ff0000 - 0x0000023aa9ff3000 	C:\Users\Tuan Hiep\Downloads\javafx-sdk-21.0.11\bin\api-ms-win-core-string-l1-1-0.dll
0x0000023aaa000000 - 0x0000023aaa003000 	C:\Users\Tuan Hiep\Downloads\javafx-sdk-21.0.11\bin\api-ms-win-core-synch-l1-1-0.dll
0x0000023aaa010000 - 0x0000023aaa013000 	C:\Users\Tuan Hiep\Downloads\javafx-sdk-21.0.11\bin\api-ms-win-core-synch-l1-2-0.dll
0x0000023aaa020000 - 0x0000023aaa023000 	C:\Users\Tuan Hiep\Downloads\javafx-sdk-21.0.11\bin\api-ms-win-core-sysinfo-l1-1-0.dll
0x0000023aaa030000 - 0x0000023aaa033000 	C:\Users\Tuan Hiep\Downloads\javafx-sdk-21.0.11\bin\api-ms-win-core-timezone-l1-1-0.dll
0x0000023aaa040000 - 0x0000023aaa043000 	C:\Users\Tuan Hiep\Downloads\javafx-sdk-21.0.11\bin\api-ms-win-core-util-l1-1-0.dll
0x0000023aaa050000 - 0x0000023aaa053000 	C:\Users\Tuan Hiep\Downloads\javafx-sdk-21.0.11\bin\api-ms-win-crt-conio-l1-1-0.dll
0x0000023aaa060000 - 0x0000023aaa064000 	C:\Users\Tuan Hiep\Downloads\javafx-sdk-21.0.11\bin\api-ms-win-crt-convert-l1-1-0.dll
0x0000023aaa070000 - 0x0000023aaa073000 	C:\Users\Tuan Hiep\Downloads\javafx-sdk-21.0.11\bin\api-ms-win-crt-environment-l1-1-0.dll
0x0000023aaa080000 - 0x0000023aaa083000 	C:\Users\Tuan Hiep\Downloads\javafx-sdk-21.0.11\bin\api-ms-win-crt-filesystem-l1-1-0.dll
0x0000023aaa090000 - 0x0000023aaa093000 	C:\Users\Tuan Hiep\Downloads\javafx-sdk-21.0.11\bin\api-ms-win-crt-heap-l1-1-0.dll
0x0000023aaa0a0000 - 0x0000023aaa0a3000 	C:\Users\Tuan Hiep\Downloads\javafx-sdk-21.0.11\bin\api-ms-win-crt-locale-l1-1-0.dll
0x0000023aaa0b0000 - 0x0000023aaa0b5000 	C:\Users\Tuan Hiep\Downloads\javafx-sdk-21.0.11\bin\api-ms-win-crt-math-l1-1-0.dll
0x0000023aaa0c0000 - 0x0000023aaa0c5000 	C:\Users\Tuan Hiep\Downloads\javafx-sdk-21.0.11\bin\api-ms-win-crt-multibyte-l1-1-0.dll
0x0000023aaa0d0000 - 0x0000023aaa0df000 	C:\Users\Tuan Hiep\Downloads\javafx-sdk-21.0.11\bin\api-ms-win-crt-private-l1-1-0.dll
0x0000023aaa0e0000 - 0x0000023aaa0e3000 	C:\Users\Tuan Hiep\Downloads\javafx-sdk-21.0.11\bin\api-ms-win-crt-process-l1-1-0.dll
0x0000023aaa0f0000 - 0x0000023aaa0f4000 	C:\Users\Tuan Hiep\Downloads\javafx-sdk-21.0.11\bin\api-ms-win-crt-runtime-l1-1-0.dll
0x0000023aaa100000 - 0x0000023aaa104000 	C:\Users\Tuan Hiep\Downloads\javafx-sdk-21.0.11\bin\api-ms-win-crt-stdio-l1-1-0.dll
0x0000023aaa110000 - 0x0000023aaa114000 	C:\Users\Tuan Hiep\Downloads\javafx-sdk-21.0.11\bin\api-ms-win-crt-string-l1-1-0.dll
0x0000023aaa120000 - 0x0000023aaa123000 	C:\Users\Tuan Hiep\Downloads\javafx-sdk-21.0.11\bin\api-ms-win-crt-time-l1-1-0.dll
0x0000023aaa130000 - 0x0000023aaa133000 	C:\Users\Tuan Hiep\Downloads\javafx-sdk-21.0.11\bin\api-ms-win-crt-utility-l1-1-0.dll
0x00007ffa24440000 - 0x00007ffa24532000 	C:\Users\Tuan Hiep\Downloads\javafx-sdk-21.0.11\bin\ucrtbase.dll
0x00007ffa446a0000 - 0x00007ffa446bb000 	C:\Users\Tuan Hiep\Downloads\javafx-sdk-21.0.11\bin\vcruntime140.dll
0x00007ffa47880000 - 0x00007ffa4788c000 	C:\Users\Tuan Hiep\Downloads\javafx-sdk-21.0.11\bin\vcruntime140_1.dll
0x00007ffa23ef0000 - 0x00007ffa23f7e000 	C:\Users\Tuan Hiep\Downloads\javafx-sdk-21.0.11\bin\msvcp140.dll
0x00007ffa46e40000 - 0x00007ffa46e49000 	C:\Users\Tuan Hiep\Downloads\javafx-sdk-21.0.11\bin\msvcp140_1.dll
0x00007ffa2cfe0000 - 0x00007ffa2d021000 	C:\Users\Tuan Hiep\Downloads\javafx-sdk-21.0.11\bin\msvcp140_2.dll
0x00007ffa2d0a0000 - 0x00007ffa2d0d0000 	C:\Users\Tuan Hiep\Downloads\javafx-sdk-21.0.11\bin\prism_d3d.dll
0x00007ffa56360000 - 0x00007ffa56511000 	C:\WINDOWS\system32\d3d9.dll
0x00007ffa76620000 - 0x00007ffa7664f000 	C:\WINDOWS\SYSTEM32\dwmapi.dll
0x00007ffa76670000 - 0x00007ffa766b4000 	C:\WINDOWS\SYSTEM32\dxcore.dll
0x00007ffa763b0000 - 0x00007ffa7645a000 	C:\WINDOWS\system32\uxtheme.dll
0x00007ffa5c500000 - 0x00007ffa5c520000 	C:\Windows\System32\DriverStore\FileRepository\u0408375.inf_amd64_f8efaaeea4e4611e\B408013\atidx9loader64.dll
0x00007ff9de070000 - 0x00007ff9e18b4000 	C:\Windows\System32\DriverStore\FileRepository\u0408375.inf_amd64_f8efaaeea4e4611e\B408013\AMDXN64.DLL
0x00007ffa7afc0000 - 0x00007ffa7b158000 	C:\WINDOWS\System32\ole32.dll
0x00007ffa7a480000 - 0x00007ffa7a907000 	C:\WINDOWS\System32\SETUPAPI.dll
0x00007ffa76490000 - 0x00007ffa765ca000 	C:\WINDOWS\SYSTEM32\dxgi.dll
0x00007ffa790c0000 - 0x00007ffa790ea000 	C:\WINDOWS\SYSTEM32\BCrypt.dll
0x00007ffa65b30000 - 0x00007ffa65b67000 	C:\Windows\System32\DriverStore\FileRepository\u0408375.inf_amd64_f8efaaeea4e4611e\B408013\amdihk64.dll
0x00007ffa72c70000 - 0x00007ffa72ccf000 	C:\WINDOWS\SYSTEM32\directxdatabasehelper.dll
0x00007ffa78e80000 - 0x00007ffa78ed1000 	C:\WINDOWS\SYSTEM32\cfgmgr32.dll
0x00007ffa23ea0000 - 0x00007ffa23ee2000 	C:\Users\Tuan Hiep\Downloads\javafx-sdk-21.0.11\bin\glass.dll
0x00007ffa7abe0000 - 0x00007ffa7acd2000 	C:\WINDOWS\System32\COMDLG32.dll
0x00007ffa7bda0000 - 0x00007ffa7befd000 	C:\WINDOWS\System32\MSCTF.dll

JVMTI agents:
jdwp path:D:\Dev\JDK\openlogic-openjdk-21.0.9+10-windows-x64\bin\jdwp.dll, loaded, initialized, options:transport=dt_socket,address=127.0.0.1:53693,suspend=y,server=n
C:\Users\TUANHI~1\AppData\Local\Temp\captureAgent8jars\debugger-agent.jar path:D:\Dev\JDK\openlogic-openjdk-21.0.9+10-windows-x64\bin\instrument.dll, loaded, initialized, instrumentlib options:file:///C:/Users/TUANHI~1/AppData/Local/Temp/capture3559733259705024456.props
D:\Dev\IntelliJ\idea-2025.3.1.win\lib\async-profiler\amd64\libasyncProfiler.dll path:D:\Dev\IntelliJ\idea-2025.3.1.win\lib\async-profiler\amd64\libasyncProfiler.dll, loaded, initialized, options:version,jfr,event=wall,interval=10ms,cstack=no,file=C:\Users\Tuan Hiep\IdeaSnapshots\SongPlayerApp_2026_06_01_201345.jfr,dbghelppath=D:\Dev\IntelliJ\idea-2025.3.1.win\lib\async-profiler\amd64\dbghelp.dll,log=C:\Users\TUANHI~1\AppData\Local\Temp\SongPlayerApp_2026_06_01_201345.jfr.log.txt,logLevel=DEBUG

dbghelp: loaded successfully - version: 4.0.5 - missing functions: none
symbol engine: initialized successfully - sym options: 0x614 - pdb path: .;D:\Dev\JDK\openlogic-openjdk-21.0.9+10-windows-x64\bin;C:\WINDOWS\SYSTEM32;C:\WINDOWS\WinSxS\amd64_microsoft.windows.common-controls_6595b64144ccf1df_6.0.26100.8521_none_3e08b75ce33403b3;C:\Program Files\Windhawk\Engine\1.7.3\64;D:\Dev\JDK\openlogic-openjdk-21.0.9+10-windows-x64\bin\server;D:\Dev\IntelliJ\idea-2025.3.1.win\lib\async-profiler\amd64;C:\Users\Tuan Hiep\Downloads\javafx-sdk-21.0.11\bin;C:\Windows\System32\DriverStore\FileRepository\u0408375.inf_amd64_f8efaaeea4e4611e\B408013;C:\WINDOWS\System32\DriverStore\FileRepository\nvam.inf_amd64_8a32a0ebf99c287e

VM Arguments:
jvm_args: -agentlib:jdwp=transport=dt_socket,address=127.0.0.1:53693,suspend=y,server=n -javaagent:C:\Users\TUANHI~1\AppData\Local\Temp\captureAgent8jars\debugger-agent.jar=file:///C:/Users/TUANHI~1/AppData/Local/Temp/capture3559733259705024456.props -Djava.library.path=C:\Users\Tuan Hiep\Downloads\javafx-sdk-21.0.11\bin -agentpath:D:\Dev\IntelliJ\idea-2025.3.1.win\lib\async-profiler\amd64\libasyncProfiler.dll=version,jfr,event=wall,interval=10ms,cstack=no,file=C:\Users\Tuan Hiep\IdeaSnapshots\SongPlayerApp_2026_06_01_201345.jfr,dbghelppath=D:\Dev\IntelliJ\idea-2025.3.1.win\lib\async-profiler\amd64\dbghelp.dll,log=C:\Users\TUANHI~1\AppData\Local\Temp\SongPlayerApp_2026_06_01_201345.jfr.log.txt,logLevel=DEBUG -Dkotlinx.coroutines.debug.enable.creation.stack.trace=false -Ddebugger.agent.enable.coroutines=true -Dkotlinx.coroutines.debug.enable.flows.stack.trace=true -Dkotlinx.coroutines.debug.enable.mutable.state.flows.stack.trace=true -Ddebugger.async.stack.trace.for.all.threads=true -Dfile.encoding=UTF-8 -Dsun.stdout.encoding=UTF-8 -Dsun.stderr.encoding=UTF-8 --module-path=C:\Users\Tuan Hiep\.m2\repository\org\openjfx\javafx-base\21.0.11\javafx-base-21.0.11-win.jar;C:\Users\Tuan Hiep\.m2\repository\org\openjfx\javafx-graphics\21.0.11\javafx-graphics-21.0.11-win.jar;C:\Users\Tuan Hiep\.m2\repository\org\controlsfx\controlsfx\11.2.1\controlsfx-11.2.1.jar;C:\Users\Tuan Hiep\.m2\repository\org\openjfx\javafx-media\21.0.11\javafx-media-21.0.11-win.jar;C:\Users\Tuan Hiep\.m2\repository\org\openjfx\javafx-controls\21.0.11\javafx-controls-21.0.11-win.jar;C:\Users\Tuan Hiep\.m2\repository\com\fasterxml\jackson\core\jackson-annotations\2.17.0\jackson-annotations-2.17.0.jar;C:\Users\Tuan Hiep\.m2\repository\com\fasterxml\jackson\datatype\jackson-datatype-jsr310\2.17.0\jackson-datatype-jsr310-2.17.0.jar;C:\Users\Tuan Hiep\.m2\repository\org\openjfx\javafx-fxml\21.0.11\javafx-fxml-21.0.11-win.jar;C:\Users\Tuan Hiep\.m2\repository\org\kordamp\bootstrapfx\bootstrapfx-core\0.4.0\bootstrapfx-core-0.4.0.jar;C:\Users\Tuan Hiep\.m2\repository\com\zaxxer\HikariCP\5.1.0\HikariCP-5.1.0.jar;C:\Users\Tuan Hiep\.m2\repository\net\synedra\validatorfx\0.6.1\validatorfx-0.6.1.jar;D:\Code\SportT5\target\classes;C:\Users\Tuan Hiep\.m2\repository\org\slf4j\slf4j-api\1.7.36\slf4j-api-1.7.36.jar;C:\Users\Tuan Hiep\.m2\repository\com\dlsc\formsfx\formsfx-core\11.6.0\formsfx-core-11.6.0.jar;C:\Users\Tuan Hiep\.m2\repository\com\fasterxml\jackson\core\jackson-core\2.17.0\jackson-core-2.17.0.jar;C:\Users\Tuan Hiep\.m2\repository\com\fasterxml\jackson\core\jackson-databind\2.17.0\jackson-databind-2.17.0.jar -Djdk.module.main=com.sportt5 
java_command: com.sportt5/com.sportt5.SongPlayerApp
java_class_path (initial): C:\Users\Tuan Hiep\.m2\repository\net\bytebuddy\byte-buddy\1.14.9\byte-buddy-1.14.9.jar;C:\Users\Tuan Hiep\.m2\repository\com\mysql\mysql-connector-j\9.2.0\mysql-connector-j-9.2.0.jar;C:\Users\Tuan Hiep\.m2\repository\com\google\protobuf\protobuf-java\4.29.0\protobuf-java-4.29.0.jar;C:\Users\Tuan Hiep\.m2\repository\org\openjfx\javafx-controls\21.0.11\javafx-controls-21.0.11.jar;C:\Users\Tuan Hiep\.m2\repository\org\openjfx\javafx-graphics\21.0.11\javafx-graphics-21.0.11.jar;C:\Users\Tuan Hiep\.m2\repository\org\openjfx\javafx-base\21.0.11\javafx-base-21.0.11.jar;C:\Users\Tuan Hiep\.m2\repository\org\openjfx\javafx-fxml\21.0.11\javafx-fxml-21.0.11.jar;C:\Users\Tuan Hiep\.m2\repository\org\openjfx\javafx-media\21.0.11\javafx-media-21.0.11.jar;C:\Users\Tuan Hiep\.m2\repository\org\openjfx\javafx-web\21.0.11\javafx-web-21.0.11.jar;C:\Users\Tuan Hiep\.m2\repository\org\openjfx\javafx-web\21.0.11\javafx-web-21.0.11-win.jar;C:\Users\Tuan Hiep\.m2\repository\org\openjfx\javafx-swing\21.0.11\javafx-swing-21.0.11.jar;C:\Users\Tuan Hiep\.m2\repository\org\openjfx\javafx-swing\21.0.11\javafx-swing-21.0.11-win.jar;C:\Users\Tuan Hiep\.m2\repository\org\kordamp\ikonli\ikonli-javafx\12.3.1\ikonli-javafx-12.3.1.jar;C:\Users\Tuan Hiep\.m2\repository\org\kordamp\ikonli\ikonli-core\12.3.1\ikonli-core-12.3.1.jar;C:\Users\Tuan Hiep\.m2\repository\eu\hansolo\tilesfx\21.0.9\tilesfx-21.0.9.jar;C:\Users\Tuan Hiep\.m2\repository\eu\hansolo\fx\countries\21.0.17\countries-21.0.17.jar;C:\Users\Tuan Hiep\.m2\repository\eu\hansolo\fx\heatmap\21.0.5\heatmap-21.0.5.jar;C:\Users\Tuan Hiep\.m2\repository\eu\hansolo\toolboxfx\21.0.5\toolboxfx-21.0.5.jar;C:\Users\Tuan Hiep\.m2\repository\eu\hansolo\toolbox\21.0.9\toolbox-21.0.9.jar;D:\Dev\IntelliJ\idea-2025.3.1.win\lib\idea_rt.jar
Launcher Type: SUN_STANDARD

[Global flags]
     intx CICompilerCount                          = 12                                        {product} {ergonomic}
     uint ConcGCThreads                            = 3                                         {product} {ergonomic}
     uint G1ConcRefinementThreads                  = 13                                        {product} {ergonomic}
   size_t G1HeapRegionSize                         = 4194304                                   {product} {ergonomic}
    uintx GCDrainStackTargetSize                   = 64                                        {product} {ergonomic}
   size_t InitialHeapSize                          = 528482304                                 {product} {ergonomic}
   size_t MarkStackSize                            = 4194304                                   {product} {ergonomic}
   size_t MaxHeapSize                              = 8401190912                                {product} {ergonomic}
   size_t MaxNewSize                               = 5037359104                                {product} {ergonomic}
   size_t MinHeapDeltaBytes                        = 4194304                                   {product} {ergonomic}
   size_t MinHeapSize                              = 8388608                                   {product} {ergonomic}
    uintx NonNMethodCodeHeapSize                   = 7602480                                {pd product} {ergonomic}
    uintx NonProfiledCodeHeapSize                  = 122027880                              {pd product} {ergonomic}
    uintx ProfiledCodeHeapSize                     = 122027880                              {pd product} {ergonomic}
    uintx ReservedCodeCacheSize                    = 251658240                              {pd product} {ergonomic}
     bool SegmentedCodeCache                       = true                                      {product} {ergonomic}
   size_t SoftMaxHeapSize                          = 8401190912                             {manageable} {ergonomic}
     bool UseCompressedOops                        = true                           {product lp64_product} {ergonomic}
     bool UseG1GC                                  = true                                      {product} {ergonomic}
     bool UseLargePagesIndividualAllocation        = false                                  {pd product} {ergonomic}

Logging:
Log output configuration:
 #0: stdout all=warning uptime,level,tags foldmultilines=false
 #1: stderr all=off uptime,level,tags foldmultilines=false

Release file:
IMPLEMENTOR="OpenLogic" 
IMPLEMENTOR_VERSION="OpenLogic-OpenJDK" 
JAVA_RUNTIME_VERSION="21.0.9+10-adhoc.Administrator.jdk21u" 
JAVA_VERSION="21.0.9" 
JAVA_VERSION_DATE="2025-10-21" 
LIBC="default" 
MODULES="java.base java.compiler java.datatransfer java.xml java.prefs java.desktop java.instrument java.logging java.management java.security.sasl java.naming java.rmi java.management.rmi java.net.http java.scripting java.security.jgss java.transaction.xa java.sql java.sql.rowset java.xml.crypto java.se java.smartcardio jdk.jfr javafx.base jdk.unsupported javafx.graphics javafx.controls javafx.fxml javafx.media jdk.unsupported.desktop javafx.swing jdk.jsobject jdk.xml.dom javafx.web jdk.accessibility jdk.internal.jvmstat jdk.attach jdk.charsets jdk.internal.opt jdk.zipfs jdk.compiler jdk.crypto.ec jdk.crypto.cryptoki jdk.crypto.mscapi jdk.dynalink jdk.internal.ed jdk.editpad jdk.hotspot.agent jdk.httpserver jdk.incubator.vector jdk.internal.le jdk.internal.vm.ci jdk.internal.vm.compiler jdk.internal.vm.compiler.management jdk.jartool jdk.javadoc jdk.jcmd jdk.management jdk.management.agent jdk.jconsole jdk.jdeps jdk.jdwp.agent jdk.jdi jdk.jlink jdk.jpackage jdk.jshell jdk.jstatd jdk.localedata jdk.management.jfr jdk.naming.dns jdk.naming.rmi jdk.net jdk.nio.mapmode jdk.random jdk.sctp jdk.security.auth jdk.security.jgss" 
OS_ARCH="x86_64" 
OS_NAME="Windows" 
SOURCE=".:git:7f14648260ff" 

Environment Variables:
JAVA_HOME=D:\Dev\JDK\openlogic-openjdk-21.0.9+10-windows-x64
PATH=C:\Python313\Scripts\;C:\Python313\;C:\WINDOWS\system32;C:\WINDOWS;C:\WINDOWS\System32\Wbem;C:\WINDOWS\System32\WindowsPowerShell\v1.0\;C:\WINDOWS\System32\OpenSSH\;C:\Program Files\dotnet\;C:\Program Files (x86)\NVIDIA Corporation\PhysX\Common;C:\Program Files\NVIDIA Corporation\NVIDIA app\NvDLISR;C:\ProgramData\chocolatey\bin;C:\Program Files (x86)\Microsoft SQL Server\160\Tools\Binn\;C:\Program Files\Microsoft SQL Server\160\Tools\Binn\;C:\Program Files\Microsoft SQL Server\Client SDK\ODBC\170\Tools\Binn\;C:\Program Files\Microsoft SQL Server\160\DTS\Binn\;C:\xampp\php;C:\composer;C:\Program Files\Git\cmd;C:\Program Files\nodejs\;C:\Users\Tuan Hiep\AppData\Local\Microsoft\WindowsApps;D:\Dev\Microsoft VS Code\bin;C:\mingw64\bin;C:\Users\Tuan Hiep\AppData\Local\GitHubDesktop\bin;C:\Users\Tuan Hiep\AppData\Roaming\Composer\vendor\bin;D:\Dev\JDK\openlogic-openjdk-21.0.9+10-windows-x64\bin;C:\Users\Tuan Hiep\AppData\Roaming\npm
USERNAME=Tuan Hiep
OS=Windows_NT
PROCESSOR_IDENTIFIER=AMD64 Family 25 Model 117 Stepping 2, AuthenticAMD
TMP=C:\Users\TUANHI~1\AppData\Local\Temp
TEMP=C:\Users\TUANHI~1\AppData\Local\Temp




Periodic native trim disabled

---------------  S Y S T E M  ---------------

OS:
 Windows 11 , 64 bit Build 26100 (10.0.26100.8521)
OS uptime: 4 days 1:04 hours
Hyper-V role detected

CPU: total 16 (initial active 16) (16 cores per cpu, 2 threads per core) family 25 model 117 stepping 2 microcode 0xa705205, cx8, cmov, fxsr, ht, mmx, 3dnowpref, sse, sse2, sse3, ssse3, sse4a, sse4.1, sse4.2, popcnt, lzcnt, tsc, tscinvbit, avx, avx2, aes, erms, clmul, bmi1, bmi2, adx, avx512f, avx512dq, avx512cd, avx512bw, avx512vl, sha, fma, vzeroupper, avx512_vpopcntdq, avx512_vpclmulqdq, avx512_vaes, avx512_vnni, clflush, clflushopt, avx512_vbmi2, avx512_vbmi, hv, rdtscp, rdpid, fsrm, gfni, avx512_bitalg, f16c, cet_ss, avx512_ifma
Processor Information for processor 0
  Max Mhz: 4001, Current Mhz: 2470, Mhz Limit: 4001
Processor Information for processor 1
  Max Mhz: 4001, Current Mhz: 2470, Mhz Limit: 4001
Processor Information for processor 2
  Max Mhz: 4001, Current Mhz: 2470, Mhz Limit: 4001
Processor Information for processor 3
  Max Mhz: 4001, Current Mhz: 2470, Mhz Limit: 4001
Processor Information for processor 4
  Max Mhz: 4001, Current Mhz: 2470, Mhz Limit: 4001
Processor Information for processor 5
  Max Mhz: 4001, Current Mhz: 3490, Mhz Limit: 4001
Processor Information for processor 6
  Max Mhz: 4001, Current Mhz: 3490, Mhz Limit: 4001
Processor Information for processor 7
  Max Mhz: 4001, Current Mhz: 3490, Mhz Limit: 4001
Processor Information for processor 8
  Max Mhz: 4001, Current Mhz: 2470, Mhz Limit: 4001
Processor Information for processor 9
  Max Mhz: 4001, Current Mhz: 2470, Mhz Limit: 4001
Processor Information for processor 10
  Max Mhz: 4001, Current Mhz: 3490, Mhz Limit: 4001
Processor Information for processor 11
  Max Mhz: 4001, Current Mhz: 2470, Mhz Limit: 4001
Processor Information for processor 12
  Max Mhz: 4001, Current Mhz: 2470, Mhz Limit: 4001
Processor Information for processor 13
  Max Mhz: 4001, Current Mhz: 3490, Mhz Limit: 4001
Processor Information for processor 14
  Max Mhz: 4001, Current Mhz: 2470, Mhz Limit: 4001
Processor Information for processor 15
  Max Mhz: 4001, Current Mhz: 3490, Mhz Limit: 4001

Memory: 4k page, system-wide physical 32045M (12390M free)
TotalPageFile size 34093M (AvailPageFile size 5370M)
current process WorkingSet (physical memory assigned to process): 100M, peak: 100M
current process commit charge ("private bytes"): 654M, peak: 654M

vm_info: OpenJDK 64-Bit Server VM (21.0.9+10-adhoc.Administrator.jdk21u) for windows-amd64 JRE (21.0.9+10-adhoc.Administrator.jdk21u), built on 2025-11-03T13:49:23Z by "Administrator" with MS VC++ 16.10 / 16.11 (VS2019)

END.
