#
# A fatal error has been detected by the Java Runtime Environment:
#
#  EXCEPTION_ACCESS_VIOLATION (0xc0000005) at pc=0x00007ff9db4f8c82, pid=31584, tid=28392
#
# JRE version: OpenJDK Runtime Environment OpenLogic-OpenJDK (21.0.9+10) (build 21.0.9+10-adhoc.Administrator.jdk21u)
# Java VM: OpenJDK 64-Bit Server VM OpenLogic-OpenJDK (21.0.9+10-adhoc.Administrator.jdk21u, mixed mode, sharing, tiered, compressed oops, compressed class ptrs, g1 gc, windows-amd64)
# Problematic frame:
# V  [jvm.dll+0x448c82]
#
# No core dump will be written. Minidumps are not enabled by default on client versions of Windows
#
# If you would like to submit a bug report, please visit:
#   https://techsupport.roguewave.com/
#

---------------  S U M M A R Y ------------

Command Line: -javaagent:D:\Dev\IntelliJ\idea-2025.3.1.win\lib\idea_rt.jar=54972 -Dfile.encoding=UTF-8 -Dsun.stdout.encoding=UTF-8 -Dsun.stderr.encoding=UTF-8 --module-path=C:\Users\Tuan Hiep\.m2\repository\org\openjfx\javafx-media\21.0.11\javafx-media-21.0.11-win.jar;C:\Users\Tuan Hiep\.m2\repository\org\kordamp\bootstrapfx\bootstrapfx-core\0.4.0\bootstrapfx-core-0.4.0.jar;C:\Users\Tuan Hiep\.m2\repository\com\fasterxml\jackson\core\jackson-databind\2.17.0\jackson-databind-2.17.0.jar;C:\Users\Tuan Hiep\.m2\repository\net\synedra\validatorfx\0.6.1\validatorfx-0.6.1.jar;C:\Users\Tuan Hiep\.m2\repository\com\fasterxml\jackson\core\jackson-annotations\2.17.0\jackson-annotations-2.17.0.jar;C:\Users\Tuan Hiep\.m2\repository\org\slf4j\slf4j-api\1.7.36\slf4j-api-1.7.36.jar;C:\Users\Tuan Hiep\.m2\repository\org\openjfx\javafx-base\21.0.11\javafx-base-21.0.11-win.jar;C:\Users\Tuan Hiep\.m2\repository\com\zaxxer\HikariCP\5.1.0\HikariCP-5.1.0.jar;C:\Users\Tuan Hiep\.m2\repository\org\openjfx\javafx-controls\21.0.11\javafx-controls-21.0.11-win.jar;C:\Users\Tuan Hiep\.m2\repository\org\controlsfx\controlsfx\11.2.1\controlsfx-11.2.1.jar;C:\Users\Tuan Hiep\.m2\repository\org\openjfx\javafx-fxml\21.0.11\javafx-fxml-21.0.11-win.jar;C:\Users\Tuan Hiep\.m2\repository\com\fasterxml\jackson\core\jackson-core\2.17.0\jackson-core-2.17.0.jar;C:\Users\Tuan Hiep\.m2\repository\org\openjfx\javafx-graphics\21.0.11\javafx-graphics-21.0.11-win.jar;D:\Code\SportT5\target\classes;C:\Users\Tuan Hiep\.m2\repository\com\dlsc\formsfx\formsfx-core\11.6.0\formsfx-core-11.6.0.jar;C:\Users\Tuan Hiep\.m2\repository\com\fasterxml\jackson\datatype\jackson-datatype-jsr310\2.17.0\jackson-datatype-jsr310-2.17.0.jar -Djdk.module.main=com.sportt5 com.sportt5/com.sportt5.SongPlayerApp

Host: AMD Ryzen 9 8945HS w/ Radeon 780M Graphics, 16 cores, 31G,  Windows 11 , 64 bit Build 26100 (10.0.26100.8521)
Time: Mon Jun  1 20:19:03 2026 SE Asia Standard Time elapsed time: 0.515953 seconds (0d 0h 0m 0s)

---------------  T H R E A D  ---------------

Current thread (0x0000027518b795c0):  JavaThread "WindowsNativeRunloopThread"        [_thread_in_vm, id=28392, stack(0x000000d701500000,0x000000d701600000) (1024K)]

Stack: [0x000000d701500000,0x000000d701600000],  sp=0x000000d7015ff120,  free space=1020k
Native frames: (J=compiled Java code, j=interpreted, Vv=VM code, C=native code)
V  [jvm.dll+0x448c82]
C  [glass.dll+0x530c]

Java frames: (J=compiled Java code, j=interpreted, Vv=VM code)
j  com.sun.glass.ui.win.WinApplication._runLoop(Ljava/lang/Runnable;)V+0 javafx.graphics@21.0.9
j  com.sun.glass.ui.win.WinApplication.lambda$runLoop$3(ILjava/lang/Runnable;)V+8 javafx.graphics@21.0.9
j  com.sun.glass.ui.win.WinApplication$$Lambda+0x00000274d40945b8.run()V+12 javafx.graphics@21.0.9
j  java.lang.Thread.runWith(Ljava/lang/Object;Ljava/lang/Runnable;)V+5 java.base@21.0.9
j  java.lang.Thread.run()V+19 java.base@21.0.9
v  ~StubRoutines::call_stub 0x00000274bd0310e7

siginfo: EXCEPTION_ACCESS_VIOLATION (0xc0000005), reading address 0x0000000000000000


Registers:
RAX=0x0000000000000000, RBX=0x0000027518b795c0, RCX=0x0000027518b79978, RDX=0x000000d7015ff308
RSP=0x000000d7015ff120, RBP=0x000000d7015ff228, RSI=0x0000000000000000, RDI=0x0000027518b79978
R8 =0x0000000000000000, R9 =0x000000d7015ff228, R10=0x0000000000000000, R11=0x000000d7015ff1d8
R12=0x0000000000000000, R13=0x000002751461be30, R14=0x000000d7015ff308, R15=0x0000027518b795c0
RIP=0x00007ff9db4f8c82, EFLAGS=0x0000000000010246

XMM[0]=0x0000000000000000 0x0000000000000000
XMM[1]=0x0000000000000000 0x0000000000000000
XMM[2]=0x0000000000000000 0x0000000000000000
XMM[3]=0x0000000000000000 0x0000000000000000
XMM[4]=0x0000000000000000 0x0000000000000000
XMM[5]=0x0000000000000000 0x0000000000000000
XMM[6]=0x0000000000000000 0x0000000000000000
XMM[7]=0x0000000000000000 0x0000000000000000
XMM[8]=0x0000000000000000 0x0000000000000000
XMM[9]=0x0000000000000000 0x0000000000000000
XMM[10]=0x0000000000000000 0x0000000000000000
XMM[11]=0x0000000000000000 0x0000000000000000
XMM[12]=0x0000000000000000 0x0000000000000000
XMM[13]=0x0000000000000000 0x0000000000000000
XMM[14]=0x0000000000000000 0x0000000000000000
XMM[15]=0x0000000000000000 0x0000000000000000
  MXCSR=0x00001fa0


Register to memory mapping:

RAX=0x0 is null
RBX=0x0000027518b795c0 is a thread
RCX=0x0000027518b79978 points into unknown readable memory: 0x00007ff9dbcf3820 | 20 38 cf db f9 7f 00 00
RDX=0x000000d7015ff308 is pointing into the stack for thread: 0x0000027518b795c0
RSP=0x000000d7015ff120 is pointing into the stack for thread: 0x0000027518b795c0
RBP=0x000000d7015ff228 is pointing into the stack for thread: 0x0000027518b795c0
RSI=0x0 is null
RDI=0x0000027518b79978 points into unknown readable memory: 0x00007ff9dbcf3820 | 20 38 cf db f9 7f 00 00
R8 =0x0 is null
R9 =0x000000d7015ff228 is pointing into the stack for thread: 0x0000027518b795c0
R10=0x0 is null
R11=0x000000d7015ff1d8 is pointing into the stack for thread: 0x0000027518b795c0
R12=0x0 is null
R13={method} {0x000002751461be38} '_runLoop' '(Ljava/lang/Runnable;)V' in 'com/sun/glass/ui/win/WinApplication'
R14=0x000000d7015ff308 is pointing into the stack for thread: 0x0000027518b795c0
R15=0x0000027518b795c0 is a thread

Top of Stack: (sp=0x000000d7015ff120)
0x000000d7015ff120:   00007ffa798fb440 00007ffa7c00a4c1
0x000000d7015ff130:   00007ffa00000004 00007ffa00000000
0x000000d7015ff140:   0000000000000000 000000d7015ff158
0x000000d7015ff150:   0000000000000000 00007ffa7c00a4c1
0x000000d7015ff160:   00007ffa7b0a86e8 0000000000000000
0x000000d7015ff170:   0000027518b795c0 0000000000000000
0x000000d7015ff180:   0000027518abe3b0 00007ffa7a9603cc
0x000000d7015ff190:   0000000000000000 00007ffa7b0cc610
0x000000d7015ff1a0:   0000027518abe3b0 00007ffa79d71b8f
0x000000d7015ff1b0:   0000027518b795c0 0000000000000001
0x000000d7015ff1c0:   0000027518b795c0 000000d7015ff310
0x000000d7015ff1d0:   0000027518b79978 00007ffa4580530c
0x000000d7015ff1e0:   0000000000000000 000000d7015ff2e8
0x000000d7015ff1f0:   000000d7015ff308 0000027518abe3b0
0x000000d7015ff200:   000000d7015ff310 00007ffa4580a9d6
0x000000d7015ff210:   000002751461be30 000000d7015ff2e8
0x000000d7015ff220:   0000000000000000 0000000000000000
0x000000d7015ff230:   00000274bd03893e 00000274bd03ccfc
0x000000d7015ff240:   000002751461be30 000002751461be30
0x000000d7015ff250:   000002751461be30 000000d7015ff310
0x000000d7015ff260:   00000274bd03893e 00000274bd03ce8b
0x000000d7015ff270:   000002751461be30 000000d7015ff940
0x000000d7015ff280:   3ff0000000000000 0000027518b795c0
0x000000d7015ff290:   000000d7015ff940 00000274bd03cb1f
0x000000d7015ff2a0:   000000d7015ff2a0 000002751461be30
0x000000d7015ff2b0:   0000000000000005 000002751464b310
0x000000d7015ff2c0:   0000000000000000 0000000629986e68
0x000000d7015ff2d0:   000002751461be30 0000000000000000
0x000000d7015ff2e0:   000000d7015ff308 000000d7015ff360
0x000000d7015ff2f0:   00000274bd038860 0000000000000000
0x000000d7015ff300:   00000274bd03a3d7 00000006297247e0
0x000000d7015ff310:   00000006297201f8 000000d7015ff318 

Instructions: (pc=0x00007ff9db4f8c82)
0x00007ff9db4f8b82:   48 8b 4b 08 48 8b 43 18 48 89 41 18 48 8b 4b 08
0x00007ff9db4f8b92:   48 8b 43 20 48 89 41 20 48 8d 8f 98 03 00 00 e8
0x00007ff9db4f8ba2:   8a 8c ed ff 90 c7 87 44 04 00 00 04 00 00 00 48
0x00007ff9db4f8bb2:   81 c4 b8 00 00 00 41 5f 41 5e 5f 5e 5d 5b c3 cc
0x00007ff9db4f8bc2:   cc cc cc cc cc cc cc cc cc cc cc cc cc cc 48 89
0x00007ff9db4f8bd2:   5c 24 08 48 89 6c 24 10 48 89 74 24 18 57 41 56
0x00007ff9db4f8be2:   41 57 48 81 ec a0 00 00 00 8b 81 b0 00 00 00 48
0x00007ff9db4f8bf2:   8d 99 48 fc ff ff 05 53 21 ff ff 49 8b e9 49 8b
0x00007ff9db4f8c02:   f0 4c 8b f2 48 8b f9 83 f8 01 77 08 48 8b cb e8
0x00007ff9db4f8c12:   9a 1c fb ff 80 3d c5 4f 86 00 00 c7 83 44 04 00
0x00007ff9db4f8c22:   00 06 00 00 00 75 06 e8 a2 61 28 00 90 48 8b 83
0x00007ff9db4f8c32:   48 04 00 00 a8 01 74 0d 45 33 c0 b2 01 48 8b cb
0x00007ff9db4f8c42:   e8 49 7c 2f 00 8b 83 40 04 00 00 a8 0c 74 08 48
0x00007ff9db4f8c52:   8b cb e8 97 31 fb ff c7 83 44 04 00 00 06 00 00
0x00007ff9db4f8c62:   00 48 83 7b 08 00 48 89 5c 24 50 48 c7 44 24 58
0x00007ff9db4f8c72:   00 00 00 00 74 0a 48 8d 4c 24 50 e8 7e 38 2c 00
0x00007ff9db4f8c82:   48 8b 16 48 8d 4c 24 70 c7 44 24 40 0e 00 00 00
0x00007ff9db4f8c92:   e8 19 46 01 00 48 8d 44 24 70 48 89 5c 24 30 48
0x00007ff9db4f8ca2:   89 44 24 28 4c 8d 3d 53 df 60 00 41 b9 01 00 00
0x00007ff9db4f8cb2:   00 48 89 74 24 20 4d 8b c6 4c 89 7c 24 70 48 8d
0x00007ff9db4f8cc2:   54 24 40 48 89 ac 24 98 00 00 00 48 8b cf e8 5b
0x00007ff9db4f8cd2:   53 01 00 48 83 7c 24 58 00 4c 89 7c 24 70 48 c7
0x00007ff9db4f8ce2:   84 24 98 00 00 00 00 00 00 00 74 0a 48 8d 4c 24
0x00007ff9db4f8cf2:   50 e8 88 38 2c 00 48 8b bb 98 01 00 00 48 8b 4f
0x00007ff9db4f8d02:   10 48 83 39 00 74 0c 48 8b cf e8 ff 2f f6 ff 48
0x00007ff9db4f8d12:   8b 4f 10 48 8b 47 08 48 89 48 10 48 8b 4f 08 48
0x00007ff9db4f8d22:   8b 47 18 48 89 41 18 48 8b 4f 08 48 8b 47 20 48
0x00007ff9db4f8d32:   89 41 20 48 8d 8b 98 03 00 00 e8 ef 8a ed ff 4c
0x00007ff9db4f8d42:   8d 9c 24 a0 00 00 00 90 49 8b 6b 28 49 8b 73 30
0x00007ff9db4f8d52:   c7 83 44 04 00 00 04 00 00 00 49 8b 5b 20 49 8b
0x00007ff9db4f8d62:   e3 41 5f 41 5e 5f c3 cc cc cc cc cc cc cc 48 89
0x00007ff9db4f8d72:   5c 24 08 48 89 6c 24 10 48 89 74 24 18 48 89 7c 


Stack slot to memory mapping:

stack at sp + 0 slots: 0x00007ffa798fb440 KERNELBASE.dll
stack at sp + 1 slots: 0x00007ffa7c00a4c1 ntdll.dll
stack at sp + 2 slots: 0x00007ffa00000004 is an unknown value
stack at sp + 3 slots: 0x00007ffa00000000 is an unknown value
stack at sp + 4 slots: 0x0 is null
stack at sp + 5 slots: 0x000000d7015ff158 is pointing into the stack for thread: 0x0000027518b795c0
stack at sp + 6 slots: 0x0 is null
stack at sp + 7 slots: 0x00007ffa7c00a4c1 ntdll.dll


---------------  P R O C E S S  ---------------

Threads class SMR info:
_java_thread_list=0x00000275189338b0, length=23, elements={
0x00000274ac03bf40, 0x00000274d28d7940, 0x00000274d28dc5a0, 0x00000274d28dd340,
0x00000274d28df220, 0x00000274d28e01f0, 0x00000274d28e1860, 0x00000274d28edb90,
0x00000274d28f50c0, 0x00000274d29cc5e0, 0x00000274d29cdeb0, 0x00000274d2a7a160,
0x00000274d2b21980, 0x00000274d2b224b0, 0x00000274d2b353b0, 0x00000274d2b35a50,
0x00000275183488e0, 0x00000275187525b0, 0x0000027518b4aee0, 0x00000275188ac080,
0x0000027518012090, 0x0000027518171380, 0x0000027518b795c0
}

Java Threads: ( => current thread )
  0x00000274ac03bf40 JavaThread "main"                              [_thread_blocked, id=17092, stack(0x000000d77f800000,0x000000d77f900000) (1024K)]
  0x00000274d28d7940 JavaThread "Reference Handler"          daemon [_thread_blocked, id=31844, stack(0x000000d700000000,0x000000d700100000) (1024K)]
  0x00000274d28dc5a0 JavaThread "Finalizer"                  daemon [_thread_blocked, id=13976, stack(0x000000d700100000,0x000000d700200000) (1024K)]
  0x00000274d28dd340 JavaThread "Signal Dispatcher"          daemon [_thread_blocked, id=19872, stack(0x000000d700200000,0x000000d700300000) (1024K)]
  0x00000274d28df220 JavaThread "Attach Listener"            daemon [_thread_blocked, id=13076, stack(0x000000d700300000,0x000000d700400000) (1024K)]
  0x00000274d28e01f0 JavaThread "Service Thread"             daemon [_thread_blocked, id=31320, stack(0x000000d700400000,0x000000d700500000) (1024K)]
  0x00000274d28e1860 JavaThread "Monitor Deflation Thread"   daemon [_thread_blocked, id=12944, stack(0x000000d700500000,0x000000d700600000) (1024K)]
  0x00000274d28edb90 JavaThread "C2 CompilerThread0"         daemon [_thread_blocked, id=15496, stack(0x000000d700600000,0x000000d700700000) (1024K)]
  0x00000274d28f50c0 JavaThread "C1 CompilerThread0"         daemon [_thread_blocked, id=23564, stack(0x000000d700700000,0x000000d700800000) (1024K)]
  0x00000274d29cc5e0 JavaThread "C1 CompilerThread1"         daemon [_thread_blocked, id=11836, stack(0x000000d700800000,0x000000d700900000) (1024K)]
  0x00000274d29cdeb0 JavaThread "C1 CompilerThread2"         daemon [_thread_blocked, id=1776, stack(0x000000d700900000,0x000000d700a00000) (1024K)]
  0x00000274d2a7a160 JavaThread "Common-Cleaner"             daemon [_thread_blocked, id=21812, stack(0x000000d700a00000,0x000000d700b00000) (1024K)]
  0x00000274d2b21980 JavaThread "C2 CompilerThread1"         daemon [_thread_blocked, id=29748, stack(0x000000d700b00000,0x000000d700c00000) (1024K)]
  0x00000274d2b224b0 JavaThread "C1 CompilerThread3"         daemon [_thread_blocked, id=15328, stack(0x000000d700c00000,0x000000d700d00000) (1024K)]
  0x00000274d2b353b0 JavaThread "C2 CompilerThread2"         daemon [_thread_blocked, id=29028, stack(0x000000d700d00000,0x000000d700e00000) (1024K)]
  0x00000274d2b35a50 JavaThread "C2 CompilerThread3"         daemon [_thread_blocked, id=6632, stack(0x000000d700e00000,0x000000d700f00000) (1024K)]
  0x00000275183488e0 JavaThread "C2 CompilerThread4"         daemon [_thread_blocked, id=13464, stack(0x000000d700f00000,0x000000d701000000) (1024K)]
  0x00000275187525b0 JavaThread "C2 CompilerThread5"         daemon [_thread_blocked, id=12132, stack(0x000000d701000000,0x000000d701100000) (1024K)]
  0x0000027518b4aee0 JavaThread "Monitor Ctrl-Break"         daemon [_thread_in_native, id=32088, stack(0x000000d701100000,0x000000d701200000) (1024K)]
  0x00000275188ac080 JavaThread "Notification Thread"        daemon [_thread_blocked, id=12108, stack(0x000000d701200000,0x000000d701300000) (1024K)]
  0x0000027518012090 JavaThread "QuantumRenderer-0"          daemon [_thread_blocked, id=18952, stack(0x000000d701300000,0x000000d701400000) (1024K)]
  0x0000027518171380 JavaThread "InvokeLaterDispatcher"      daemon [_thread_blocked, id=21268, stack(0x000000d701400000,0x000000d701500000) (1024K)]
=>0x0000027518b795c0 JavaThread "WindowsNativeRunloopThread"        [_thread_in_vm, id=28392, stack(0x000000d701500000,0x000000d701600000) (1024K)]
Total: 23

Other Threads:
  0x00000274d28b94c0 VMThread "VM Thread"                           [id=20568, stack(0x000000d77ff00000,0x000000d780000000) (1024K)] _threads_hazard_ptr=0x00000275189338b0
  0x00000274cfad7c40 WatcherThread "VM Periodic Task Thread"        [id=32236, stack(0x000000d77fe00000,0x000000d77ff00000) (1024K)]
  0x00000274cf91fa40 WorkerThread "GC Thread#0"                     [id=28616, stack(0x000000d77f900000,0x000000d77fa00000) (1024K)]
  0x00000274ac0b5b40 ConcurrentGCThread "G1 Main Marker"            [id=16868, stack(0x000000d77fa00000,0x000000d77fb00000) (1024K)]
  0x00000274ac0b74c0 WorkerThread "G1 Conc#0"                       [id=31932, stack(0x000000d77fb00000,0x000000d77fc00000) (1024K)]
  0x00000274cf9a2950 ConcurrentGCThread "G1 Refine#0"               [id=30988, stack(0x000000d77fc00000,0x000000d77fd00000) (1024K)]
  0x00000274cf9a3360 ConcurrentGCThread "G1 Service"                [id=6132, stack(0x000000d77fd00000,0x000000d77fe00000) (1024K)]
Total: 7

Threads with active compile tasks:
C1 CompilerThread2  562 1657       3       jdk.internal.org.objectweb.asm.ClassWriter::toByteArray (1517 bytes)
C2 CompilerThread2  562 1475       4       jdk.internal.util.xml.impl.Parser::step (891 bytes)
C2 CompilerThread3  562 1649       4       java.util.HashSet::add (20 bytes)
C2 CompilerThread5  562 1619       4       java.util.HashMap::put (13 bytes)
Total: 4

VM state: synchronizing (normal execution)

VM Mutex/Monitor currently owned by a thread:  ([mutex/lock_event])
[0x00007ff9dbd764e0] Threads_lock - owner thread: 0x00000274d28b94c0
[0x00007ff9dbd765e0] Heap_lock - owner thread: 0x00000274d28df220

Heap address: 0x000000060b400000, size: 8012 MB, Compressed Oops mode: Zero based, Oop shift amount: 3

CDS archive(s) mapped at: [0x00000274d3000000-0x00000274d3c90000-0x00000274d3c90000), size 13172736, SharedBaseAddress: 0x00000274d3000000, ArchiveRelocationMode: 1.
Compressed class space mapped at: 0x00000274d4000000-0x0000027514000000, reserved size: 1073741824
Narrow klass base: 0x00000274d3000000, Narrow klass shift: 0, Narrow klass range: 0x100000000

GC Precious Log:
 CardTable entry size: 512
 Card Set container configuration: InlinePtr #cards 4 size 8 Array Of Cards #cards 32 size 80 Howl #buckets 8 coarsen threshold 7372 Howl Bitmap #cards 1024 size 144 coarsen threshold 921 Card regions per heap region 1 cards per card region 8192
 CPUs: 16 total, 16 available
 Memory: 32045M
 Large Page Support: Disabled
 NUMA Support: Disabled
 Compressed Oops: Enabled (Zero based)
 Heap Region Size: 4M
 Heap Min Capacity: 8M
 Heap Initial Capacity: 504M
 Heap Max Capacity: 8012M
 Pre-touch: Disabled
 Parallel Workers: 13
 Concurrent Workers: 3
 Concurrent Refinement Workers: 13
 Periodic GC: Disabled

Heap:
 garbage-first heap   total 516096K, used 24576K [0x000000060b400000, 0x0000000800000000)
  region size 4096K, 6 young (24576K), 0 survivors (0K)
 Metaspace       used 7015K, committed 7296K, reserved 1114112K
  class space    used 753K, committed 896K, reserved 1048576K

Heap Regions: E=young(eden), S=young(survivor), O=old, HS=humongous(starts), HC=humongous(continues), CS=collection set, F=free, TAMS=top-at-mark-start, PB=parsable bottom
|   0|0x000000060b400000, 0x000000060b400000, 0x000000060b800000|  0%| F|  |TAMS 0x000000060b400000| PB 0x000000060b400000| Untracked 
|   1|0x000000060b800000, 0x000000060b800000, 0x000000060bc00000|  0%| F|  |TAMS 0x000000060b800000| PB 0x000000060b800000| Untracked 
|   2|0x000000060bc00000, 0x000000060bc00000, 0x000000060c000000|  0%| F|  |TAMS 0x000000060bc00000| PB 0x000000060bc00000| Untracked 
|   3|0x000000060c000000, 0x000000060c000000, 0x000000060c400000|  0%| F|  |TAMS 0x000000060c000000| PB 0x000000060c000000| Untracked 
|   4|0x000000060c400000, 0x000000060c400000, 0x000000060c800000|  0%| F|  |TAMS 0x000000060c400000| PB 0x000000060c400000| Untracked 
|   5|0x000000060c800000, 0x000000060c800000, 0x000000060cc00000|  0%| F|  |TAMS 0x000000060c800000| PB 0x000000060c800000| Untracked 
|   6|0x000000060cc00000, 0x000000060cc00000, 0x000000060d000000|  0%| F|  |TAMS 0x000000060cc00000| PB 0x000000060cc00000| Untracked 
|   7|0x000000060d000000, 0x000000060d000000, 0x000000060d400000|  0%| F|  |TAMS 0x000000060d000000| PB 0x000000060d000000| Untracked 
|   8|0x000000060d400000, 0x000000060d400000, 0x000000060d800000|  0%| F|  |TAMS 0x000000060d400000| PB 0x000000060d400000| Untracked 
|   9|0x000000060d800000, 0x000000060d800000, 0x000000060dc00000|  0%| F|  |TAMS 0x000000060d800000| PB 0x000000060d800000| Untracked 
|  10|0x000000060dc00000, 0x000000060dc00000, 0x000000060e000000|  0%| F|  |TAMS 0x000000060dc00000| PB 0x000000060dc00000| Untracked 
|  11|0x000000060e000000, 0x000000060e000000, 0x000000060e400000|  0%| F|  |TAMS 0x000000060e000000| PB 0x000000060e000000| Untracked 
|  12|0x000000060e400000, 0x000000060e400000, 0x000000060e800000|  0%| F|  |TAMS 0x000000060e400000| PB 0x000000060e400000| Untracked 
|  13|0x000000060e800000, 0x000000060e800000, 0x000000060ec00000|  0%| F|  |TAMS 0x000000060e800000| PB 0x000000060e800000| Untracked 
|  14|0x000000060ec00000, 0x000000060ec00000, 0x000000060f000000|  0%| F|  |TAMS 0x000000060ec00000| PB 0x000000060ec00000| Untracked 
|  15|0x000000060f000000, 0x000000060f000000, 0x000000060f400000|  0%| F|  |TAMS 0x000000060f000000| PB 0x000000060f000000| Untracked 
|  16|0x000000060f400000, 0x000000060f400000, 0x000000060f800000|  0%| F|  |TAMS 0x000000060f400000| PB 0x000000060f400000| Untracked 
|  17|0x000000060f800000, 0x000000060f800000, 0x000000060fc00000|  0%| F|  |TAMS 0x000000060f800000| PB 0x000000060f800000| Untracked 
|  18|0x000000060fc00000, 0x000000060fc00000, 0x0000000610000000|  0%| F|  |TAMS 0x000000060fc00000| PB 0x000000060fc00000| Untracked 
|  19|0x0000000610000000, 0x0000000610000000, 0x0000000610400000|  0%| F|  |TAMS 0x0000000610000000| PB 0x0000000610000000| Untracked 
|  20|0x0000000610400000, 0x0000000610400000, 0x0000000610800000|  0%| F|  |TAMS 0x0000000610400000| PB 0x0000000610400000| Untracked 
|  21|0x0000000610800000, 0x0000000610800000, 0x0000000610c00000|  0%| F|  |TAMS 0x0000000610800000| PB 0x0000000610800000| Untracked 
|  22|0x0000000610c00000, 0x0000000610c00000, 0x0000000611000000|  0%| F|  |TAMS 0x0000000610c00000| PB 0x0000000610c00000| Untracked 
|  23|0x0000000611000000, 0x0000000611000000, 0x0000000611400000|  0%| F|  |TAMS 0x0000000611000000| PB 0x0000000611000000| Untracked 
|  24|0x0000000611400000, 0x0000000611400000, 0x0000000611800000|  0%| F|  |TAMS 0x0000000611400000| PB 0x0000000611400000| Untracked 
|  25|0x0000000611800000, 0x0000000611800000, 0x0000000611c00000|  0%| F|  |TAMS 0x0000000611800000| PB 0x0000000611800000| Untracked 
|  26|0x0000000611c00000, 0x0000000611c00000, 0x0000000612000000|  0%| F|  |TAMS 0x0000000611c00000| PB 0x0000000611c00000| Untracked 
|  27|0x0000000612000000, 0x0000000612000000, 0x0000000612400000|  0%| F|  |TAMS 0x0000000612000000| PB 0x0000000612000000| Untracked 
|  28|0x0000000612400000, 0x0000000612400000, 0x0000000612800000|  0%| F|  |TAMS 0x0000000612400000| PB 0x0000000612400000| Untracked 
|  29|0x0000000612800000, 0x0000000612800000, 0x0000000612c00000|  0%| F|  |TAMS 0x0000000612800000| PB 0x0000000612800000| Untracked 
|  30|0x0000000612c00000, 0x0000000612c00000, 0x0000000613000000|  0%| F|  |TAMS 0x0000000612c00000| PB 0x0000000612c00000| Untracked 
|  31|0x0000000613000000, 0x0000000613000000, 0x0000000613400000|  0%| F|  |TAMS 0x0000000613000000| PB 0x0000000613000000| Untracked 
|  32|0x0000000613400000, 0x0000000613400000, 0x0000000613800000|  0%| F|  |TAMS 0x0000000613400000| PB 0x0000000613400000| Untracked 
|  33|0x0000000613800000, 0x0000000613800000, 0x0000000613c00000|  0%| F|  |TAMS 0x0000000613800000| PB 0x0000000613800000| Untracked 
|  34|0x0000000613c00000, 0x0000000613c00000, 0x0000000614000000|  0%| F|  |TAMS 0x0000000613c00000| PB 0x0000000613c00000| Untracked 
|  35|0x0000000614000000, 0x0000000614000000, 0x0000000614400000|  0%| F|  |TAMS 0x0000000614000000| PB 0x0000000614000000| Untracked 
|  36|0x0000000614400000, 0x0000000614400000, 0x0000000614800000|  0%| F|  |TAMS 0x0000000614400000| PB 0x0000000614400000| Untracked 
|  37|0x0000000614800000, 0x0000000614800000, 0x0000000614c00000|  0%| F|  |TAMS 0x0000000614800000| PB 0x0000000614800000| Untracked 
|  38|0x0000000614c00000, 0x0000000614c00000, 0x0000000615000000|  0%| F|  |TAMS 0x0000000614c00000| PB 0x0000000614c00000| Untracked 
|  39|0x0000000615000000, 0x0000000615000000, 0x0000000615400000|  0%| F|  |TAMS 0x0000000615000000| PB 0x0000000615000000| Untracked 
|  40|0x0000000615400000, 0x0000000615400000, 0x0000000615800000|  0%| F|  |TAMS 0x0000000615400000| PB 0x0000000615400000| Untracked 
|  41|0x0000000615800000, 0x0000000615800000, 0x0000000615c00000|  0%| F|  |TAMS 0x0000000615800000| PB 0x0000000615800000| Untracked 
|  42|0x0000000615c00000, 0x0000000615c00000, 0x0000000616000000|  0%| F|  |TAMS 0x0000000615c00000| PB 0x0000000615c00000| Untracked 
|  43|0x0000000616000000, 0x0000000616000000, 0x0000000616400000|  0%| F|  |TAMS 0x0000000616000000| PB 0x0000000616000000| Untracked 
|  44|0x0000000616400000, 0x0000000616400000, 0x0000000616800000|  0%| F|  |TAMS 0x0000000616400000| PB 0x0000000616400000| Untracked 
|  45|0x0000000616800000, 0x0000000616800000, 0x0000000616c00000|  0%| F|  |TAMS 0x0000000616800000| PB 0x0000000616800000| Untracked 
|  46|0x0000000616c00000, 0x0000000616c00000, 0x0000000617000000|  0%| F|  |TAMS 0x0000000616c00000| PB 0x0000000616c00000| Untracked 
|  47|0x0000000617000000, 0x0000000617000000, 0x0000000617400000|  0%| F|  |TAMS 0x0000000617000000| PB 0x0000000617000000| Untracked 
|  48|0x0000000617400000, 0x0000000617400000, 0x0000000617800000|  0%| F|  |TAMS 0x0000000617400000| PB 0x0000000617400000| Untracked 
|  49|0x0000000617800000, 0x0000000617800000, 0x0000000617c00000|  0%| F|  |TAMS 0x0000000617800000| PB 0x0000000617800000| Untracked 
|  50|0x0000000617c00000, 0x0000000617c00000, 0x0000000618000000|  0%| F|  |TAMS 0x0000000617c00000| PB 0x0000000617c00000| Untracked 
|  51|0x0000000618000000, 0x0000000618000000, 0x0000000618400000|  0%| F|  |TAMS 0x0000000618000000| PB 0x0000000618000000| Untracked 
|  52|0x0000000618400000, 0x0000000618400000, 0x0000000618800000|  0%| F|  |TAMS 0x0000000618400000| PB 0x0000000618400000| Untracked 
|  53|0x0000000618800000, 0x0000000618800000, 0x0000000618c00000|  0%| F|  |TAMS 0x0000000618800000| PB 0x0000000618800000| Untracked 
|  54|0x0000000618c00000, 0x0000000618c00000, 0x0000000619000000|  0%| F|  |TAMS 0x0000000618c00000| PB 0x0000000618c00000| Untracked 
|  55|0x0000000619000000, 0x0000000619000000, 0x0000000619400000|  0%| F|  |TAMS 0x0000000619000000| PB 0x0000000619000000| Untracked 
|  56|0x0000000619400000, 0x0000000619400000, 0x0000000619800000|  0%| F|  |TAMS 0x0000000619400000| PB 0x0000000619400000| Untracked 
|  57|0x0000000619800000, 0x0000000619800000, 0x0000000619c00000|  0%| F|  |TAMS 0x0000000619800000| PB 0x0000000619800000| Untracked 
|  58|0x0000000619c00000, 0x0000000619c00000, 0x000000061a000000|  0%| F|  |TAMS 0x0000000619c00000| PB 0x0000000619c00000| Untracked 
|  59|0x000000061a000000, 0x000000061a000000, 0x000000061a400000|  0%| F|  |TAMS 0x000000061a000000| PB 0x000000061a000000| Untracked 
|  60|0x000000061a400000, 0x000000061a400000, 0x000000061a800000|  0%| F|  |TAMS 0x000000061a400000| PB 0x000000061a400000| Untracked 
|  61|0x000000061a800000, 0x000000061a800000, 0x000000061ac00000|  0%| F|  |TAMS 0x000000061a800000| PB 0x000000061a800000| Untracked 
|  62|0x000000061ac00000, 0x000000061ac00000, 0x000000061b000000|  0%| F|  |TAMS 0x000000061ac00000| PB 0x000000061ac00000| Untracked 
|  63|0x000000061b000000, 0x000000061b000000, 0x000000061b400000|  0%| F|  |TAMS 0x000000061b000000| PB 0x000000061b000000| Untracked 
|  64|0x000000061b400000, 0x000000061b400000, 0x000000061b800000|  0%| F|  |TAMS 0x000000061b400000| PB 0x000000061b400000| Untracked 
|  65|0x000000061b800000, 0x000000061b800000, 0x000000061bc00000|  0%| F|  |TAMS 0x000000061b800000| PB 0x000000061b800000| Untracked 
|  66|0x000000061bc00000, 0x000000061bc00000, 0x000000061c000000|  0%| F|  |TAMS 0x000000061bc00000| PB 0x000000061bc00000| Untracked 
|  67|0x000000061c000000, 0x000000061c000000, 0x000000061c400000|  0%| F|  |TAMS 0x000000061c000000| PB 0x000000061c000000| Untracked 
|  68|0x000000061c400000, 0x000000061c400000, 0x000000061c800000|  0%| F|  |TAMS 0x000000061c400000| PB 0x000000061c400000| Untracked 
|  69|0x000000061c800000, 0x000000061c800000, 0x000000061cc00000|  0%| F|  |TAMS 0x000000061c800000| PB 0x000000061c800000| Untracked 
|  70|0x000000061cc00000, 0x000000061cc00000, 0x000000061d000000|  0%| F|  |TAMS 0x000000061cc00000| PB 0x000000061cc00000| Untracked 
|  71|0x000000061d000000, 0x000000061d000000, 0x000000061d400000|  0%| F|  |TAMS 0x000000061d000000| PB 0x000000061d000000| Untracked 
|  72|0x000000061d400000, 0x000000061d400000, 0x000000061d800000|  0%| F|  |TAMS 0x000000061d400000| PB 0x000000061d400000| Untracked 
|  73|0x000000061d800000, 0x000000061d800000, 0x000000061dc00000|  0%| F|  |TAMS 0x000000061d800000| PB 0x000000061d800000| Untracked 
|  74|0x000000061dc00000, 0x000000061dc00000, 0x000000061e000000|  0%| F|  |TAMS 0x000000061dc00000| PB 0x000000061dc00000| Untracked 
|  75|0x000000061e000000, 0x000000061e000000, 0x000000061e400000|  0%| F|  |TAMS 0x000000061e000000| PB 0x000000061e000000| Untracked 
|  76|0x000000061e400000, 0x000000061e400000, 0x000000061e800000|  0%| F|  |TAMS 0x000000061e400000| PB 0x000000061e400000| Untracked 
|  77|0x000000061e800000, 0x000000061e800000, 0x000000061ec00000|  0%| F|  |TAMS 0x000000061e800000| PB 0x000000061e800000| Untracked 
|  78|0x000000061ec00000, 0x000000061ec00000, 0x000000061f000000|  0%| F|  |TAMS 0x000000061ec00000| PB 0x000000061ec00000| Untracked 
|  79|0x000000061f000000, 0x000000061f000000, 0x000000061f400000|  0%| F|  |TAMS 0x000000061f000000| PB 0x000000061f000000| Untracked 
|  80|0x000000061f400000, 0x000000061f400000, 0x000000061f800000|  0%| F|  |TAMS 0x000000061f400000| PB 0x000000061f400000| Untracked 
|  81|0x000000061f800000, 0x000000061f800000, 0x000000061fc00000|  0%| F|  |TAMS 0x000000061f800000| PB 0x000000061f800000| Untracked 
|  82|0x000000061fc00000, 0x000000061fc00000, 0x0000000620000000|  0%| F|  |TAMS 0x000000061fc00000| PB 0x000000061fc00000| Untracked 
|  83|0x0000000620000000, 0x0000000620000000, 0x0000000620400000|  0%| F|  |TAMS 0x0000000620000000| PB 0x0000000620000000| Untracked 
|  84|0x0000000620400000, 0x0000000620400000, 0x0000000620800000|  0%| F|  |TAMS 0x0000000620400000| PB 0x0000000620400000| Untracked 
|  85|0x0000000620800000, 0x0000000620800000, 0x0000000620c00000|  0%| F|  |TAMS 0x0000000620800000| PB 0x0000000620800000| Untracked 
|  86|0x0000000620c00000, 0x0000000620c00000, 0x0000000621000000|  0%| F|  |TAMS 0x0000000620c00000| PB 0x0000000620c00000| Untracked 
|  87|0x0000000621000000, 0x0000000621000000, 0x0000000621400000|  0%| F|  |TAMS 0x0000000621000000| PB 0x0000000621000000| Untracked 
|  88|0x0000000621400000, 0x0000000621400000, 0x0000000621800000|  0%| F|  |TAMS 0x0000000621400000| PB 0x0000000621400000| Untracked 
|  89|0x0000000621800000, 0x0000000621800000, 0x0000000621c00000|  0%| F|  |TAMS 0x0000000621800000| PB 0x0000000621800000| Untracked 
|  90|0x0000000621c00000, 0x0000000621c00000, 0x0000000622000000|  0%| F|  |TAMS 0x0000000621c00000| PB 0x0000000621c00000| Untracked 
|  91|0x0000000622000000, 0x0000000622000000, 0x0000000622400000|  0%| F|  |TAMS 0x0000000622000000| PB 0x0000000622000000| Untracked 
|  92|0x0000000622400000, 0x0000000622400000, 0x0000000622800000|  0%| F|  |TAMS 0x0000000622400000| PB 0x0000000622400000| Untracked 
|  93|0x0000000622800000, 0x0000000622800000, 0x0000000622c00000|  0%| F|  |TAMS 0x0000000622800000| PB 0x0000000622800000| Untracked 
|  94|0x0000000622c00000, 0x0000000622c00000, 0x0000000623000000|  0%| F|  |TAMS 0x0000000622c00000| PB 0x0000000622c00000| Untracked 
|  95|0x0000000623000000, 0x0000000623000000, 0x0000000623400000|  0%| F|  |TAMS 0x0000000623000000| PB 0x0000000623000000| Untracked 
|  96|0x0000000623400000, 0x0000000623400000, 0x0000000623800000|  0%| F|  |TAMS 0x0000000623400000| PB 0x0000000623400000| Untracked 
|  97|0x0000000623800000, 0x0000000623800000, 0x0000000623c00000|  0%| F|  |TAMS 0x0000000623800000| PB 0x0000000623800000| Untracked 
|  98|0x0000000623c00000, 0x0000000623c00000, 0x0000000624000000|  0%| F|  |TAMS 0x0000000623c00000| PB 0x0000000623c00000| Untracked 
|  99|0x0000000624000000, 0x0000000624000000, 0x0000000624400000|  0%| F|  |TAMS 0x0000000624000000| PB 0x0000000624000000| Untracked 
| 100|0x0000000624400000, 0x0000000624400000, 0x0000000624800000|  0%| F|  |TAMS 0x0000000624400000| PB 0x0000000624400000| Untracked 
| 101|0x0000000624800000, 0x0000000624800000, 0x0000000624c00000|  0%| F|  |TAMS 0x0000000624800000| PB 0x0000000624800000| Untracked 
| 102|0x0000000624c00000, 0x0000000624c00000, 0x0000000625000000|  0%| F|  |TAMS 0x0000000624c00000| PB 0x0000000624c00000| Untracked 
| 103|0x0000000625000000, 0x0000000625000000, 0x0000000625400000|  0%| F|  |TAMS 0x0000000625000000| PB 0x0000000625000000| Untracked 
| 104|0x0000000625400000, 0x0000000625400000, 0x0000000625800000|  0%| F|  |TAMS 0x0000000625400000| PB 0x0000000625400000| Untracked 
| 105|0x0000000625800000, 0x0000000625800000, 0x0000000625c00000|  0%| F|  |TAMS 0x0000000625800000| PB 0x0000000625800000| Untracked 
| 106|0x0000000625c00000, 0x0000000625c00000, 0x0000000626000000|  0%| F|  |TAMS 0x0000000625c00000| PB 0x0000000625c00000| Untracked 
| 107|0x0000000626000000, 0x0000000626000000, 0x0000000626400000|  0%| F|  |TAMS 0x0000000626000000| PB 0x0000000626000000| Untracked 
| 108|0x0000000626400000, 0x0000000626400000, 0x0000000626800000|  0%| F|  |TAMS 0x0000000626400000| PB 0x0000000626400000| Untracked 
| 109|0x0000000626800000, 0x0000000626800000, 0x0000000626c00000|  0%| F|  |TAMS 0x0000000626800000| PB 0x0000000626800000| Untracked 
| 110|0x0000000626c00000, 0x0000000626c00000, 0x0000000627000000|  0%| F|  |TAMS 0x0000000626c00000| PB 0x0000000626c00000| Untracked 
| 111|0x0000000627000000, 0x0000000627000000, 0x0000000627400000|  0%| F|  |TAMS 0x0000000627000000| PB 0x0000000627000000| Untracked 
| 112|0x0000000627400000, 0x0000000627400000, 0x0000000627800000|  0%| F|  |TAMS 0x0000000627400000| PB 0x0000000627400000| Untracked 
| 113|0x0000000627800000, 0x0000000627800000, 0x0000000627c00000|  0%| F|  |TAMS 0x0000000627800000| PB 0x0000000627800000| Untracked 
| 114|0x0000000627c00000, 0x0000000627c00000, 0x0000000628000000|  0%| F|  |TAMS 0x0000000627c00000| PB 0x0000000627c00000| Untracked 
| 115|0x0000000628000000, 0x0000000628000000, 0x0000000628400000|  0%| F|  |TAMS 0x0000000628000000| PB 0x0000000628000000| Untracked 
| 116|0x0000000628400000, 0x0000000628400000, 0x0000000628800000|  0%| F|  |TAMS 0x0000000628400000| PB 0x0000000628400000| Untracked 
| 117|0x0000000628800000, 0x0000000628800000, 0x0000000628c00000|  0%| F|  |TAMS 0x0000000628800000| PB 0x0000000628800000| Untracked 
| 118|0x0000000628c00000, 0x0000000628c00000, 0x0000000629000000|  0%| F|  |TAMS 0x0000000628c00000| PB 0x0000000628c00000| Untracked 
| 119|0x0000000629000000, 0x0000000629000000, 0x0000000629400000|  0%| F|  |TAMS 0x0000000629000000| PB 0x0000000629000000| Untracked 
| 120|0x0000000629400000, 0x0000000629800000, 0x0000000629800000|100%| E|CS|TAMS 0x0000000629400000| PB 0x0000000629400000| Complete 
| 121|0x0000000629800000, 0x0000000629c00000, 0x0000000629c00000|100%| E|CS|TAMS 0x0000000629800000| PB 0x0000000629800000| Complete 
| 122|0x0000000629c00000, 0x000000062a000000, 0x000000062a000000|100%| E|CS|TAMS 0x0000000629c00000| PB 0x0000000629c00000| Complete 
| 123|0x000000062a000000, 0x000000062a400000, 0x000000062a400000|100%| E|CS|TAMS 0x000000062a000000| PB 0x000000062a000000| Complete 
| 124|0x000000062a400000, 0x000000062a800000, 0x000000062a800000|100%| E|CS|TAMS 0x000000062a400000| PB 0x000000062a400000| Complete 
| 125|0x000000062a800000, 0x000000062ac00000, 0x000000062ac00000|100%| E|CS|TAMS 0x000000062a800000| PB 0x000000062a800000| Complete 

Card table byte_map: [0x00000274c6b40000,0x00000274c7af0000] _byte_map_base: 0x00000274c3ae6000

Marking Bits: (CMBitMap*) 0x00000274ac0a5810
 Bits: [0x00000274c7af0000, 0x00000274cf820000)

Polling page: 0x00000274aa650000

Metaspace:

Usage:
  Non-class:      6.12 MB used.
      Class:    753.12 KB used.
       Both:      6.85 MB used.

Virtual space:
  Non-class space:       64.00 MB reserved,       6.25 MB ( 10%) committed,  1 nodes.
      Class space:        1.00 GB reserved,     896.00 KB ( <1%) committed,  1 nodes.
             Both:        1.06 GB reserved,       7.12 MB ( <1%) committed. 

Chunk freelists:
   Non-Class:  9.68 MB
       Class:  15.15 MB
        Both:  24.83 MB

MaxMetaspaceSize: unlimited
CompressedClassSpaceSize: 1.00 GB
Initial GC threshold: 21.00 MB
Current GC threshold: 21.00 MB
CDS: on
 - commit_granule_bytes: 65536.
 - commit_granule_words: 8192.
 - virtual_space_node_default_size: 8388608.
 - enlarge_chunks_in_place: 1.
 - use_allocation_guard: 0.


Internal statistics:

num_allocs_failed_limit: 0.
num_arena_births: 170.
num_arena_deaths: 0.
num_vsnodes_births: 2.
num_vsnodes_deaths: 0.
num_space_committed: 114.
num_space_uncommitted: 0.
num_chunks_returned_to_freelist: 0.
num_chunks_taken_from_freelist: 280.
num_chunk_merges: 0.
num_chunk_splits: 171.
num_chunks_enlarged: 86.
num_inconsistent_stats: 0.

CodeHeap 'non-profiled nmethods': size=119168Kb used=599Kb max_used=599Kb free=118568Kb
 bounds [0x00000274bd780000, 0x00000274bd9f0000, 0x00000274c4be0000]
CodeHeap 'profiled nmethods': size=119104Kb used=2784Kb max_used=2784Kb free=116319Kb
 bounds [0x00000274b5be0000, 0x00000274b5ea0000, 0x00000274bd030000]
CodeHeap 'non-nmethods': size=7488Kb used=3157Kb max_used=3190Kb free=4330Kb
 bounds [0x00000274bd030000, 0x00000274bd360000, 0x00000274bd780000]
CodeCache: size=245760Kb, used=6540Kb, max_used=6573Kb, free=239217Kb
 total_blobs=2168, nmethods=1656, adapters=413, full_count=0
Compilation: enabled, stopped_count=0, restarted_count=0

Compilation events (20 events):
Event: 0.504 Thread 0x00000274d28f50c0 1640       3       java.lang.invoke.LambdaForm::returnType (26 bytes)
Event: 0.504 Thread 0x00000274d29cc5e0 nmethod 1635 0x00000274b5e81a90 code [0x00000274b5e81c40, 0x00000274b5e81dc0]
Event: 0.504 Thread 0x00000274d2b224b0 nmethod 1631 0x00000274b5e81e90 code [0x00000274b5e82040, 0x00000274b5e82250]
Event: 0.504 Thread 0x00000274d28f50c0 nmethod 1640 0x00000274b5e82310 code [0x00000274b5e824c0, 0x00000274b5e82670]
Event: 0.504 Thread 0x00000274d28f50c0 1641       3       java.lang.invoke.LambdaForm::normalizeNames (270 bytes)
Event: 0.504 Thread 0x00000274d2b224b0 1642       3       jdk.internal.org.objectweb.asm.Type::getReturnTypeOffset (64 bytes)
Event: 0.505 Thread 0x00000274d2b224b0 nmethod 1642 0x00000274b5e82790 code [0x00000274b5e82a80, 0x00000274b5e83c28]
Event: 0.505 Thread 0x00000274d28f50c0 nmethod 1641 0x00000274b5e84310 code [0x00000274b5e845e0, 0x00000274b5e85830]
Event: 0.505 Thread 0x00000274d29cc5e0 1643       3       java.util.Locale::getLanguage (8 bytes)
Event: 0.505 Thread 0x00000274d29cc5e0 nmethod 1643 0x00000274b5e85d90 code [0x00000274b5e85f20, 0x00000274b5e86058]
Event: 0.505 Thread 0x00000274d29cc5e0 1644       3       jdk.internal.loader.NativeLibraries$NativeLibraryImpl::find (9 bytes)
Event: 0.505 Thread 0x00000274d29cc5e0 nmethod 1644 0x00000274b5e86110 code [0x00000274b5e862c0, 0x00000274b5e86400]
Event: 0.506 Thread 0x00000274d29cc5e0 1645       1       sun.security.util.KnownOIDs::registerNames (2 bytes)
Event: 0.506 Thread 0x00000274d29cc5e0 nmethod 1645 0x00000274bd815890 code [0x00000274bd815a20, 0x00000274bd815ae8]
Event: 0.506 Thread 0x00000274d29cdeb0 nmethod 1632 0x00000274b5e86490 code [0x00000274b5e86cc0, 0x00000274b5e8be68]
Event: 0.506 Thread 0x00000274d29cc5e0 1646       3       java.lang.StringLatin1::toUpperCase (186 bytes)
Event: 0.507 Thread 0x00000274d29cc5e0 nmethod 1646 0x00000274b5e8dd10 code [0x00000274b5e8dfa0, 0x00000274b5e8ea98]
Event: 0.510 Thread 0x00000274d2b224b0 1647       3       java.lang.String::toUpperCase (29 bytes)
Event: 0.510 Thread 0x00000274d2b224b0 nmethod 1647 0x00000274b5e8ee90 code [0x00000274b5e8f060, 0x00000274b5e8f320]
Event: 0.511 Thread 0x00000274d29cc5e0 1648       3       sun.security.util.KnownOIDs::register (349 bytes)

GC Heap History (0 events):
No events

Dll operation events (20 events):
Event: 0.353 Loaded shared library D:\Dev\JDK\openlogic-openjdk-21.0.9+10-windows-x64\bin\api-ms-win-crt-filesystem-l1-1-0.dll
Event: 0.354 Loaded shared library D:\Dev\JDK\openlogic-openjdk-21.0.9+10-windows-x64\bin\api-ms-win-crt-heap-l1-1-0.dll
Event: 0.356 Loaded shared library D:\Dev\JDK\openlogic-openjdk-21.0.9+10-windows-x64\bin\api-ms-win-crt-locale-l1-1-0.dll
Event: 0.357 Loaded shared library D:\Dev\JDK\openlogic-openjdk-21.0.9+10-windows-x64\bin\api-ms-win-crt-math-l1-1-0.dll
Event: 0.358 Loaded shared library D:\Dev\JDK\openlogic-openjdk-21.0.9+10-windows-x64\bin\api-ms-win-crt-multibyte-l1-1-0.dll
Event: 0.360 Loaded shared library D:\Dev\JDK\openlogic-openjdk-21.0.9+10-windows-x64\bin\api-ms-win-crt-private-l1-1-0.dll
Event: 0.361 Loaded shared library D:\Dev\JDK\openlogic-openjdk-21.0.9+10-windows-x64\bin\api-ms-win-crt-process-l1-1-0.dll
Event: 0.364 Loaded shared library D:\Dev\JDK\openlogic-openjdk-21.0.9+10-windows-x64\bin\api-ms-win-crt-runtime-l1-1-0.dll
Event: 0.365 Loaded shared library D:\Dev\JDK\openlogic-openjdk-21.0.9+10-windows-x64\bin\api-ms-win-crt-stdio-l1-1-0.dll
Event: 0.366 Loaded shared library D:\Dev\JDK\openlogic-openjdk-21.0.9+10-windows-x64\bin\api-ms-win-crt-string-l1-1-0.dll
Event: 0.367 Loaded shared library D:\Dev\JDK\openlogic-openjdk-21.0.9+10-windows-x64\bin\api-ms-win-crt-time-l1-1-0.dll
Event: 0.368 Loaded shared library D:\Dev\JDK\openlogic-openjdk-21.0.9+10-windows-x64\bin\api-ms-win-crt-utility-l1-1-0.dll
Event: 0.370 Loaded shared library D:\Dev\JDK\openlogic-openjdk-21.0.9+10-windows-x64\bin\ucrtbase.dll
Event: 0.371 Loaded shared library D:\Dev\JDK\openlogic-openjdk-21.0.9+10-windows-x64\bin\vcruntime140.dll
Event: 0.372 Loaded shared library D:\Dev\JDK\openlogic-openjdk-21.0.9+10-windows-x64\bin\vcruntime140_1.dll
Event: 0.372 Loaded shared library D:\Dev\JDK\openlogic-openjdk-21.0.9+10-windows-x64\bin\msvcp140.dll
Event: 0.373 Loaded shared library D:\Dev\JDK\openlogic-openjdk-21.0.9+10-windows-x64\bin\msvcp140_1.dll
Event: 0.375 Loaded shared library D:\Dev\JDK\openlogic-openjdk-21.0.9+10-windows-x64\bin\msvcp140_2.dll
Event: 0.401 Loaded shared library D:\Dev\JDK\openlogic-openjdk-21.0.9+10-windows-x64\bin\prism_d3d.dll
Event: 0.498 Loaded shared library D:\Dev\JDK\openlogic-openjdk-21.0.9+10-windows-x64\bin\glass.dll

Deoptimization events (20 events):
Event: 0.491 Thread 0x00000274ac03bf40 Uncommon trap: trap_request=0xffffffc6 fr.pc=0x00000274bd800420 relative=0x0000000000001840
Event: 0.491 Thread 0x00000274ac03bf40 Uncommon trap: reason=bimorphic_or_optimized_type_check action=maybe_recompile pc=0x00000274bd800420 method=java.util.HashMap.putVal(ILjava/lang/Object;Ljava/lang/Object;ZZ)Ljava/lang/Object; @ 56 c2
Event: 0.491 Thread 0x00000274ac03bf40 DEOPT PACKING pc=0x00000274bd800420 sp=0x000000d77f8fd360
Event: 0.491 Thread 0x00000274ac03bf40 DEOPT UNPACKING pc=0x00000274bd087ba2 sp=0x000000d77f8fd290 mode 2
Event: 0.491 Thread 0x00000274ac03bf40 Uncommon trap: trap_request=0xffffffc6 fr.pc=0x00000274bd800420 relative=0x0000000000001840
Event: 0.491 Thread 0x00000274ac03bf40 Uncommon trap: reason=bimorphic_or_optimized_type_check action=maybe_recompile pc=0x00000274bd800420 method=java.util.HashMap.putVal(ILjava/lang/Object;Ljava/lang/Object;ZZ)Ljava/lang/Object; @ 56 c2
Event: 0.491 Thread 0x00000274ac03bf40 DEOPT PACKING pc=0x00000274bd800420 sp=0x000000d77f8fd360
Event: 0.491 Thread 0x00000274ac03bf40 DEOPT UNPACKING pc=0x00000274bd087ba2 sp=0x000000d77f8fd290 mode 2
Event: 0.491 Thread 0x00000274ac03bf40 Uncommon trap: trap_request=0xffffffc6 fr.pc=0x00000274bd800420 relative=0x0000000000001840
Event: 0.491 Thread 0x00000274ac03bf40 Uncommon trap: reason=bimorphic_or_optimized_type_check action=maybe_recompile pc=0x00000274bd800420 method=java.util.HashMap.putVal(ILjava/lang/Object;Ljava/lang/Object;ZZ)Ljava/lang/Object; @ 56 c2
Event: 0.491 Thread 0x00000274ac03bf40 DEOPT PACKING pc=0x00000274bd800420 sp=0x000000d77f8fd360
Event: 0.491 Thread 0x00000274ac03bf40 DEOPT UNPACKING pc=0x00000274bd087ba2 sp=0x000000d77f8fd290 mode 2
Event: 0.491 Thread 0x00000274ac03bf40 Uncommon trap: trap_request=0xffffffc6 fr.pc=0x00000274bd7f8bc0 relative=0x0000000000001960
Event: 0.491 Thread 0x00000274ac03bf40 Uncommon trap: reason=bimorphic_or_optimized_type_check action=maybe_recompile pc=0x00000274bd7f8bc0 method=java.util.HashMap.putVal(ILjava/lang/Object;Ljava/lang/Object;ZZ)Ljava/lang/Object; @ 152 c2
Event: 0.491 Thread 0x00000274ac03bf40 DEOPT PACKING pc=0x00000274bd7f8bc0 sp=0x000000d77f8fd2e0
Event: 0.491 Thread 0x00000274ac03bf40 DEOPT UNPACKING pc=0x00000274bd087ba2 sp=0x000000d77f8fd2a0 mode 2
Event: 0.491 Thread 0x00000274ac03bf40 Uncommon trap: trap_request=0xffffffc6 fr.pc=0x00000274bd7f8aa8 relative=0x0000000000001848
Event: 0.491 Thread 0x00000274ac03bf40 Uncommon trap: reason=bimorphic_or_optimized_type_check action=maybe_recompile pc=0x00000274bd7f8aa8 method=java.util.HashMap.putVal(ILjava/lang/Object;Ljava/lang/Object;ZZ)Ljava/lang/Object; @ 56 c2
Event: 0.492 Thread 0x00000274ac03bf40 DEOPT PACKING pc=0x00000274bd7f8aa8 sp=0x000000d77f8fd2e0
Event: 0.492 Thread 0x00000274ac03bf40 DEOPT UNPACKING pc=0x00000274bd087ba2 sp=0x000000d77f8fd298 mode 2

Classes loaded (20 events):
Event: 0.497 Loading class sun/security/util/KnownOIDs$6
Event: 0.497 Loading class sun/security/util/KnownOIDs$6 done
Event: 0.497 Loading class sun/security/util/KnownOIDs$7
Event: 0.497 Loading class sun/security/util/KnownOIDs$7 done
Event: 0.497 Loading class sun/security/util/KnownOIDs$8
Event: 0.497 Loading class sun/security/util/KnownOIDs$8 done
Event: 0.497 Loading class sun/security/util/KnownOIDs$9
Event: 0.497 Loading class sun/security/util/KnownOIDs$9 done
Event: 0.497 Loading class sun/security/util/KnownOIDs$10
Event: 0.497 Loading class sun/security/util/KnownOIDs$10 done
Event: 0.499 Loading class java/lang/Throwable$WrappedPrintStream
Event: 0.499 Loading class java/lang/Throwable$PrintStreamOrWriter
Event: 0.499 Loading class java/lang/Throwable$PrintStreamOrWriter done
Event: 0.499 Loading class java/lang/Throwable$WrappedPrintStream done
Event: 0.499 Loading class java/lang/StackTraceElement$HashedModules
Event: 0.499 Loading class java/lang/StackTraceElement$HashedModules done
Event: 0.500 Loading class java/util/concurrent/BlockingDeque
Event: 0.501 Loading class java/util/concurrent/BlockingDeque done
Event: 0.501 Loading class java/util/concurrent/LinkedBlockingDeque
Event: 0.501 Loading class java/util/concurrent/LinkedBlockingDeque done

Classes unloaded (0 events):
No events

Classes redefined (0 events):
No events

Internal exceptions (20 events):
Event: 0.252 Thread 0x00000274ac03bf40 Exception <a 'java/lang/NoSuchMethodError'{0x0000000629d8de00}: 'java.lang.Object java.lang.invoke.Invokers$Holder.invokeExact_MT(java.lang.Object, java.lang.Object, java.lang.Object, java.lang.Object, java.lang.Object)'> (0x0000000629d8de00) 
thrown [s\src\hotspot\share\interpreter\linkResolver.cpp, line 773]
Event: 0.269 Thread 0x0000027518b4aee0 Exception <a 'java/lang/ClassNotFoundException'{0x0000000629ecd9f8}: jdk/net/ExtendedSocketOptions> (0x0000000629ecd9f8) 
thrown [s\src\hotspot\share\classfile\systemDictionary.cpp, line 312]
Event: 0.271 Thread 0x0000027518b4aee0 Exception <a 'java/lang/NoSuchMethodError'{0x0000000629ecf168}: 'void java.lang.invoke.DirectMethodHandle$Holder.invokeStatic(java.lang.Object, java.lang.Object)'> (0x0000000629ecf168) 
thrown [s\src\hotspot\share\interpreter\linkResolver.cpp, line 773]
Event: 0.277 Thread 0x00000274ac03bf40 Exception <a 'java/lang/NoSuchMethodError'{0x0000000629db49b8}: 'java.lang.Object java.lang.invoke.Invokers$Holder.invokeExact_MT(java.lang.Object, java.lang.Object, java.lang.Object, java.lang.Object, java.lang.Object, java.lang.Object)'> (0x0000000629db49b8) 
thrown [s\src\hotspot\share\interpreter\linkResolver.cpp, line 773]
Event: 0.281 Thread 0x00000274d28df220 Implicit null exception at 0x00000274bd7b92bd to 0x00000274bd7b9341
Event: 0.289 Thread 0x00000274d28df220 Exception <a 'java/lang/NoSuchMethodError'{0x0000000629f4a5a0}: 'int java.lang.invoke.DirectMethodHandle$Holder.invokeStatic(java.lang.Object, java.lang.Object, java.lang.Object, java.lang.Object)'> (0x0000000629f4a5a0) 
thrown [s\src\hotspot\share\interpreter\linkResolver.cpp, line 773]
Event: 0.289 Thread 0x00000274d28df220 Exception <a 'java/lang/NoSuchMethodError'{0x0000000629f4d898}: 'int java.lang.invoke.DirectMethodHandle$Holder.invokeStaticInit(java.lang.Object, java.lang.Object, java.lang.Object, java.lang.Object)'> (0x0000000629f4d898) 
thrown [s\src\hotspot\share\interpreter\linkResolver.cpp, line 773]
Event: 0.290 Thread 0x00000274d28df220 Exception <a 'java/lang/IncompatibleClassChangeError'{0x0000000629f559d0}: Found class java.lang.Object, but interface was expected> (0x0000000629f559d0) 
thrown [s\src\hotspot\share\interpreter\linkResolver.cpp, line 840]
Event: 0.291 Thread 0x00000274d28df220 Exception <a 'java/lang/NoSuchMethodError'{0x0000000629f58238}: 'void java.lang.invoke.DirectMethodHandle$Holder.invokeStaticInit(java.lang.Object, java.lang.Object)'> (0x0000000629f58238) 
thrown [s\src\hotspot\share\interpreter\linkResolver.cpp, line 773]
Event: 0.292 Thread 0x00000274d28df220 Exception <a 'java/lang/NoSuchMethodError'{0x0000000629f5d3f0}: 'int java.lang.invoke.DirectMethodHandle$Holder.invokeStaticInit(java.lang.Object, java.lang.Object)'> (0x0000000629f5d3f0) 
thrown [s\src\hotspot\share\interpreter\linkResolver.cpp, line 773]
Event: 0.305 Thread 0x00000274d28df220 Exception <a 'sun/nio/fs/WindowsException'{0x0000000629829ba8}> (0x0000000629829ba8) 
thrown [s\src\hotspot\share\prims\jni.cpp, line 520]
Event: 0.309 Thread 0x00000274d28df220 Exception <a 'sun/nio/fs/WindowsException'{0x000000062984a3d8}> (0x000000062984a3d8) 
thrown [s\src\hotspot\share\prims\jni.cpp, line 520]
Event: 0.333 Thread 0x00000274d28df220 Exception <a 'java/lang/NoSuchMethodError'{0x000000062986e088}: 'int java.lang.invoke.DirectMethodHandle$Holder.invokeInterface(java.lang.Object, java.lang.Object)'> (0x000000062986e088) 
thrown [s\src\hotspot\share\interpreter\linkResolver.cpp, line 773]
Event: 0.333 Thread 0x00000274d28df220 Exception <a 'java/lang/IncompatibleClassChangeError'{0x00000006298710a8}: Found class java.lang.Object, but interface was expected> (0x00000006298710a8) 
thrown [s\src\hotspot\share\interpreter\linkResolver.cpp, line 840]
Event: 0.374 Thread 0x00000274d28df220 Exception <a 'java/lang/NoSuchMethodError'{0x0000000629a1c368}: 'int java.lang.invoke.DirectMethodHandle$Holder.invokeSpecial(java.lang.Object, java.lang.Object, java.lang.Object)'> (0x0000000629a1c368) 
thrown [s\src\hotspot\share\interpreter\linkResolver.cpp, line 773]
Event: 0.404 Thread 0x00000274d28df220 Exception <a 'java/lang/NoSuchMethodError'{0x0000000629ba3730}: 'java.lang.Object java.lang.invoke.DirectMethodHandle$Holder.invokeStaticInit(java.lang.Object, java.lang.Object, java.lang.Object)'> (0x0000000629ba3730) 
thrown [s\src\hotspot\share\interpreter\linkResolver.cpp, line 773]
Event: 0.479 Thread 0x00000274ac03bf40 Exception <a 'java/lang/NoSuchMethodError'{0x0000000629975628}: 'int java.lang.invoke.DirectMethodHandle$Holder.invokeStaticInit(java.lang.Object, java.lang.Object, java.lang.Object)'> (0x0000000629975628) 
thrown [s\src\hotspot\share\interpreter\linkResolver.cpp, line 773]
Event: 0.498 Thread 0x00000274ac03bf40 Exception <a 'java/lang/NoSuchMethodError'{0x000000062971c348}: notifyThemeChanged> (0x000000062971c348) 
thrown [s\src\hotspot\share\prims\jni.cpp, line 1077]
Event: 0.502 Thread 0x00000274ac03bf40 Exception <a 'java/lang/NoSuchMethodError'{0x000000062972c198}: 'java.lang.Object java.lang.invoke.DirectMethodHandle$Holder.newInvokeSpecial(java.lang.Object, java.lang.Object, int, java.lang.Object)'> (0x000000062972c198) 
thrown [s\src\hotspot\share\interpreter\linkResolver.cpp, line 773]
Event: 0.503 Thread 0x00000274ac03bf40 Exception <a 'java/lang/NoSuchMethodError'{0x00000006297303a0}: 'java.lang.Object java.lang.invoke.DirectMethodHandle$Holder.invokeSpecial(java.lang.Object, java.lang.Object, java.lang.Object, int, java.lang.Object)'> (0x00000006297303a0) 
thrown [s\src\hotspot\share\interpreter\linkResolver.cpp, line 773]

ZGC Phase Switch (0 events):
No events

VM Operations (16 events):
Event: 0.097 Executing VM operation: HandshakeAllThreads (Deoptimize)
Event: 0.097 Executing VM operation: HandshakeAllThreads (Deoptimize) done
Event: 0.128 Executing VM operation: HandshakeAllThreads (Deoptimize)
Event: 0.128 Executing VM operation: HandshakeAllThreads (Deoptimize) done
Event: 0.207 Executing VM operation: HandshakeAllThreads (Deoptimize)
Event: 0.207 Executing VM operation: HandshakeAllThreads (Deoptimize) done
Event: 0.267 Executing VM operation: ICBufferFull
Event: 0.268 Executing VM operation: ICBufferFull done
Event: 0.282 Executing VM operation: HandshakeAllThreads (Deoptimize)
Event: 0.282 Executing VM operation: HandshakeAllThreads (Deoptimize) done
Event: 0.306 Executing VM operation: HandshakeAllThreads (Deoptimize)
Event: 0.306 Executing VM operation: HandshakeAllThreads (Deoptimize) done
Event: 0.489 Executing VM operation: HandshakeAllThreads (Deoptimize)
Event: 0.489 Executing VM operation: HandshakeAllThreads (Deoptimize) done
Event: 0.491 Executing VM operation: HandshakeAllThreads (Deoptimize)
Event: 0.491 Executing VM operation: HandshakeAllThreads (Deoptimize) done

Memory protections (0 events):
No events

Nmethod flushes (0 events):
No events

Events (20 events):
Event: 0.035 Thread 0x00000274ac03bf40 Thread added: 0x00000274d28dd340
Event: 0.035 Thread 0x00000274ac03bf40 Thread added: 0x00000274d28df220
Event: 0.035 Thread 0x00000274ac03bf40 Thread added: 0x00000274d28e01f0
Event: 0.035 Thread 0x00000274ac03bf40 Thread added: 0x00000274d28e1860
Event: 0.035 Thread 0x00000274ac03bf40 Thread added: 0x00000274d28edb90
Event: 0.035 Thread 0x00000274ac03bf40 Thread added: 0x00000274d28f50c0
Event: 0.038 Thread 0x00000274d28f50c0 Thread added: 0x00000274d29cc5e0
Event: 0.038 Thread 0x00000274d28f50c0 Thread added: 0x00000274d29cdeb0
Event: 0.071 Thread 0x00000274ac03bf40 Thread added: 0x00000274d2a7a160
Event: 0.109 Thread 0x00000274d29cdeb0 Thread added: 0x00000274d2b21980
Event: 0.110 Thread 0x00000274d29cc5e0 Thread added: 0x00000274d2b224b0
Event: 0.117 Thread 0x00000274d2b224b0 Thread added: 0x00000274d2b353b0
Event: 0.119 Thread 0x00000274d2b224b0 Thread added: 0x00000274d2b35a50
Event: 0.160 Thread 0x00000274d29cdeb0 Thread added: 0x00000275183488e0
Event: 0.218 Thread 0x00000274d29cdeb0 Thread added: 0x00000275187525b0
Event: 0.258 Thread 0x00000274ac03bf40 Thread added: 0x0000027518b4aee0
Event: 0.258 Thread 0x00000274ac03bf40 Thread added: 0x00000275188ac080
Event: 0.396 Thread 0x00000274ac03bf40 Thread added: 0x0000027518012090
Event: 0.501 Thread 0x00000274ac03bf40 Thread added: 0x0000027518171380
Event: 0.505 Thread 0x00000274ac03bf40 Thread added: 0x0000027518b795c0


Dynamic libraries:
0x00007ff65f320000 - 0x00007ff65f32e000 	D:\Dev\JDK\openlogic-openjdk-21.0.9+10-windows-x64\bin\java.exe
0x00007ffa7bf40000 - 0x00007ffa7c1a6000 	C:\WINDOWS\SYSTEM32\ntdll.dll
0x00007ffa7ad30000 - 0x00007ffa7adf9000 	C:\WINDOWS\System32\KERNEL32.DLL
0x00007ffa79800000 - 0x00007ffa79bfa000 	C:\WINDOWS\System32\KERNELBASE.dll
0x00007ffa791d0000 - 0x00007ffa7931c000 	C:\WINDOWS\System32\ucrtbase.dll
0x00007ffa5aa90000 - 0x00007ffa5aaab000 	D:\Dev\JDK\openlogic-openjdk-21.0.9+10-windows-x64\bin\VCRUNTIME140.dll
0x00007ffa62a30000 - 0x00007ffa62a48000 	D:\Dev\JDK\openlogic-openjdk-21.0.9+10-windows-x64\bin\jli.dll
0x00007ffa7a910000 - 0x00007ffa7aad7000 	C:\WINDOWS\System32\USER32.dll
0x00007ffa6d0c0000 - 0x00007ffa6d352000 	C:\WINDOWS\WinSxS\amd64_microsoft.windows.common-controls_6595b64144ccf1df_6.0.26100.8521_none_3e08b75ce33403b3\COMCTL32.dll
0x00007ffa79720000 - 0x00007ffa79747000 	C:\WINDOWS\System32\win32u.dll
0x00007ffa7b290000 - 0x00007ffa7b339000 	C:\WINDOWS\System32\msvcrt.dll
0x00007ffa7ae60000 - 0x00007ffa7ae8b000 	C:\WINDOWS\System32\GDI32.dll
0x00007ffa79320000 - 0x00007ffa7944b000 	C:\WINDOWS\System32\gdi32full.dll
0x00007ffa79750000 - 0x00007ffa797f3000 	C:\WINDOWS\System32\msvcp_win.dll
0x00007ffa7acf0000 - 0x00007ffa7ad22000 	C:\WINDOWS\System32\IMM32.DLL
0x00007ffa53a10000 - 0x00007ffa53b02000 	C:\Program Files\Windhawk\Engine\1.7.3\64\windhawk.dll
0x00007ffa7a2b0000 - 0x00007ffa7a366000 	C:\WINDOWS\System32\ADVAPI32.dll
0x00007ffa7af10000 - 0x00007ffa7afba000 	C:\WINDOWS\System32\sechost.dll
0x00007ffa7a190000 - 0x00007ffa7a2a8000 	C:\WINDOWS\System32\RPCRT4.dll
0x00007ffa5c400000 - 0x00007ffa5c40c000 	D:\Dev\JDK\openlogic-openjdk-21.0.9+10-windows-x64\bin\vcruntime140_1.dll
0x00007ffa48130000 - 0x00007ffa481be000 	D:\Dev\JDK\openlogic-openjdk-21.0.9+10-windows-x64\bin\msvcp140.dll
0x00007ff9db0b0000 - 0x00007ff9dbe58000 	D:\Dev\JDK\openlogic-openjdk-21.0.9+10-windows-x64\bin\server\jvm.dll
0x00007ffa7b1e0000 - 0x00007ffa7b260000 	C:\WINDOWS\System32\WS2_32.dll
0x00007ffa78a30000 - 0x00007ffa78a8e000 	C:\WINDOWS\SYSTEM32\POWRPROF.dll
0x00007ffa713d0000 - 0x00007ffa713db000 	C:\WINDOWS\SYSTEM32\VERSION.dll
0x00007ffa65f20000 - 0x00007ffa65f56000 	C:\WINDOWS\SYSTEM32\WINMM.dll
0x00007ffa78a10000 - 0x00007ffa78a24000 	C:\WINDOWS\SYSTEM32\UMPDC.dll
0x00007ffa77f20000 - 0x00007ffa77f3b000 	C:\WINDOWS\SYSTEM32\kernel.appcore.dll
0x00007ffa4dc20000 - 0x00007ffa4dc2a000 	D:\Dev\JDK\openlogic-openjdk-21.0.9+10-windows-x64\bin\jimage.dll
0x00007ffa6fc00000 - 0x00007ffa6fe42000 	C:\WINDOWS\SYSTEM32\DBGHELP.DLL
0x00007ffa79cb0000 - 0x00007ffa7a033000 	C:\WINDOWS\System32\combase.dll
0x00007ffa7a0b0000 - 0x00007ffa7a189000 	C:\WINDOWS\System32\OLEAUT32.dll
0x00007ffa58d10000 - 0x00007ffa58d4b000 	C:\WINDOWS\SYSTEM32\dbgcore.DLL
0x00007ffa79c00000 - 0x00007ffa79ca8000 	C:\WINDOWS\System32\bcryptPrimitives.dll
0x00007ffa4dc10000 - 0x00007ffa4dc1e000 	D:\Dev\JDK\openlogic-openjdk-21.0.9+10-windows-x64\bin\instrument.dll
0x00007ffa49a00000 - 0x00007ffa49a1f000 	D:\Dev\JDK\openlogic-openjdk-21.0.9+10-windows-x64\bin\java.dll
0x00007ffa7b560000 - 0x00007ffa7bce4000 	C:\WINDOWS\System32\SHELL32.dll
0x00007ffa76d60000 - 0x00007ffa775e0000 	C:\WINDOWS\SYSTEM32\windows.storage.dll
0x00007ffa7aae0000 - 0x00007ffa7abd6000 	C:\WINDOWS\System32\SHCORE.dll
0x00007ffa7a040000 - 0x00007ffa7a0a7000 	C:\WINDOWS\System32\shlwapi.dll
0x00007ffa790f0000 - 0x00007ffa79119000 	C:\WINDOWS\SYSTEM32\profapi.dll
0x00007ffa2e2d0000 - 0x00007ffa2e3a6000 	D:\Dev\JDK\openlogic-openjdk-21.0.9+10-windows-x64\bin\jsvml.dll
0x00007ffa49ac0000 - 0x00007ffa49ad0000 	D:\Dev\JDK\openlogic-openjdk-21.0.9+10-windows-x64\bin\net.dll
0x00007ffa72600000 - 0x00007ffa72729000 	C:\WINDOWS\SYSTEM32\WINHTTP.dll
0x00007ffa78470000 - 0x00007ffa784dc000 	C:\WINDOWS\system32\mswsock.dll
0x00007ffa499e0000 - 0x00007ffa499f6000 	D:\Dev\JDK\openlogic-openjdk-21.0.9+10-windows-x64\bin\nio.dll
0x00007ffa494d0000 - 0x00007ffa494e8000 	D:\Dev\JDK\openlogic-openjdk-21.0.9+10-windows-x64\bin\zip.dll
0x00007ffa77a00000 - 0x00007ffa77b4a000 	C:\WINDOWS\SYSTEM32\DNSAPI.dll
0x00007ffa78240000 - 0x00007ffa7824d000 	C:\WINDOWS\SYSTEM32\DSPARSE.dll
0x00007ffa77960000 - 0x00007ffa77993000 	C:\WINDOWS\SYSTEM32\IPHLPAPI.DLL
0x00007ffa7bcf0000 - 0x00007ffa7bcfa000 	C:\WINDOWS\System32\NSI.dll
0x0000000066320000 - 0x0000000066346000 	C:\Program Files\Bonjour\mdnsNSP.dll
0x00007ffa71a30000 - 0x00007ffa71a3b000 	C:\Windows\System32\rasadhlp.dll
0x00007ffa72af0000 - 0x00007ffa72b76000 	C:\WINDOWS\System32\fwpuclnt.dll
0x00000274aa6b0000 - 0x00000274aa6b3000 	D:\Dev\JDK\openlogic-openjdk-21.0.9+10-windows-x64\bin\api-ms-win-core-console-l1-1-0.dll
0x00007ffa494c0000 - 0x00007ffa494c9000 	D:\Dev\JDK\openlogic-openjdk-21.0.9+10-windows-x64\bin\management.dll
0x00000274aa6c0000 - 0x00000274aa6c3000 	D:\Dev\JDK\openlogic-openjdk-21.0.9+10-windows-x64\bin\api-ms-win-core-datetime-l1-1-0.dll
0x00000274aa6d0000 - 0x00000274aa6d3000 	D:\Dev\JDK\openlogic-openjdk-21.0.9+10-windows-x64\bin\api-ms-win-core-debug-l1-1-0.dll
0x00000274aa6e0000 - 0x00000274aa6e3000 	D:\Dev\JDK\openlogic-openjdk-21.0.9+10-windows-x64\bin\api-ms-win-core-errorhandling-l1-1-0.dll
0x00000274aa6f0000 - 0x00000274aa6f4000 	D:\Dev\JDK\openlogic-openjdk-21.0.9+10-windows-x64\bin\api-ms-win-core-file-l1-1-0.dll
0x00000274aaa20000 - 0x00000274aaa23000 	D:\Dev\JDK\openlogic-openjdk-21.0.9+10-windows-x64\bin\api-ms-win-core-file-l1-2-0.dll
0x00000274aaa30000 - 0x00000274aaa33000 	D:\Dev\JDK\openlogic-openjdk-21.0.9+10-windows-x64\bin\api-ms-win-core-file-l2-1-0.dll
0x00000274ac0f0000 - 0x00000274ac0f3000 	D:\Dev\JDK\openlogic-openjdk-21.0.9+10-windows-x64\bin\api-ms-win-core-handle-l1-1-0.dll
0x00007ffa494b0000 - 0x00007ffa494bb000 	D:\Dev\JDK\openlogic-openjdk-21.0.9+10-windows-x64\bin\management_ext.dll
0x00007ffa7ace0000 - 0x00007ffa7ace8000 	C:\WINDOWS\System32\PSAPI.DLL
0x00000274ac100000 - 0x00000274ac103000 	D:\Dev\JDK\openlogic-openjdk-21.0.9+10-windows-x64\bin\api-ms-win-core-heap-l1-1-0.dll
0x00000274ac110000 - 0x00000274ac113000 	D:\Dev\JDK\openlogic-openjdk-21.0.9+10-windows-x64\bin\api-ms-win-core-interlocked-l1-1-0.dll
0x00000274ac120000 - 0x00000274ac123000 	D:\Dev\JDK\openlogic-openjdk-21.0.9+10-windows-x64\bin\api-ms-win-core-libraryloader-l1-1-0.dll
0x00000274ac130000 - 0x00000274ac133000 	D:\Dev\JDK\openlogic-openjdk-21.0.9+10-windows-x64\bin\api-ms-win-core-localization-l1-2-0.dll
0x00000274ac140000 - 0x00000274ac143000 	D:\Dev\JDK\openlogic-openjdk-21.0.9+10-windows-x64\bin\api-ms-win-core-memory-l1-1-0.dll
0x00000274ac150000 - 0x00000274ac153000 	D:\Dev\JDK\openlogic-openjdk-21.0.9+10-windows-x64\bin\api-ms-win-core-namedpipe-l1-1-0.dll
0x00000274ac160000 - 0x00000274ac163000 	D:\Dev\JDK\openlogic-openjdk-21.0.9+10-windows-x64\bin\api-ms-win-core-processenvironment-l1-1-0.dll
0x00000274ac170000 - 0x00000274ac173000 	D:\Dev\JDK\openlogic-openjdk-21.0.9+10-windows-x64\bin\api-ms-win-core-processthreads-l1-1-0.dll
0x00000274ac180000 - 0x00000274ac183000 	D:\Dev\JDK\openlogic-openjdk-21.0.9+10-windows-x64\bin\api-ms-win-core-processthreads-l1-1-1.dll
0x00000274ac190000 - 0x00000274ac193000 	D:\Dev\JDK\openlogic-openjdk-21.0.9+10-windows-x64\bin\api-ms-win-core-profile-l1-1-0.dll
0x00000274d2dc0000 - 0x00000274d2dc3000 	D:\Dev\JDK\openlogic-openjdk-21.0.9+10-windows-x64\bin\api-ms-win-core-rtlsupport-l1-1-0.dll
0x00000274d2dd0000 - 0x00000274d2dd3000 	D:\Dev\JDK\openlogic-openjdk-21.0.9+10-windows-x64\bin\api-ms-win-core-string-l1-1-0.dll
0x00000274d2de0000 - 0x00000274d2de3000 	D:\Dev\JDK\openlogic-openjdk-21.0.9+10-windows-x64\bin\api-ms-win-core-synch-l1-1-0.dll
0x00000274d2df0000 - 0x00000274d2df3000 	D:\Dev\JDK\openlogic-openjdk-21.0.9+10-windows-x64\bin\api-ms-win-core-synch-l1-2-0.dll
0x00000274d2e00000 - 0x00000274d2e03000 	D:\Dev\JDK\openlogic-openjdk-21.0.9+10-windows-x64\bin\api-ms-win-core-sysinfo-l1-1-0.dll
0x00000274d2e10000 - 0x00000274d2e13000 	D:\Dev\JDK\openlogic-openjdk-21.0.9+10-windows-x64\bin\api-ms-win-core-timezone-l1-1-0.dll
0x00000274d2e20000 - 0x00000274d2e23000 	D:\Dev\JDK\openlogic-openjdk-21.0.9+10-windows-x64\bin\api-ms-win-core-util-l1-1-0.dll
0x00000274d2e30000 - 0x00000274d2e33000 	D:\Dev\JDK\openlogic-openjdk-21.0.9+10-windows-x64\bin\api-ms-win-crt-conio-l1-1-0.dll
0x00000274d2e40000 - 0x00000274d2e44000 	D:\Dev\JDK\openlogic-openjdk-21.0.9+10-windows-x64\bin\api-ms-win-crt-convert-l1-1-0.dll
0x00000274d2e50000 - 0x00000274d2e53000 	D:\Dev\JDK\openlogic-openjdk-21.0.9+10-windows-x64\bin\api-ms-win-crt-environment-l1-1-0.dll
0x00000274d2e60000 - 0x00000274d2e63000 	D:\Dev\JDK\openlogic-openjdk-21.0.9+10-windows-x64\bin\api-ms-win-crt-filesystem-l1-1-0.dll
0x00000274d2e70000 - 0x00000274d2e73000 	D:\Dev\JDK\openlogic-openjdk-21.0.9+10-windows-x64\bin\api-ms-win-crt-heap-l1-1-0.dll
0x00000274d2e80000 - 0x00000274d2e83000 	D:\Dev\JDK\openlogic-openjdk-21.0.9+10-windows-x64\bin\api-ms-win-crt-locale-l1-1-0.dll
0x00000274d2e90000 - 0x00000274d2e95000 	D:\Dev\JDK\openlogic-openjdk-21.0.9+10-windows-x64\bin\api-ms-win-crt-math-l1-1-0.dll
0x00000274d2ea0000 - 0x00000274d2ea5000 	D:\Dev\JDK\openlogic-openjdk-21.0.9+10-windows-x64\bin\api-ms-win-crt-multibyte-l1-1-0.dll
0x00000274d2eb0000 - 0x00000274d2ebf000 	D:\Dev\JDK\openlogic-openjdk-21.0.9+10-windows-x64\bin\api-ms-win-crt-private-l1-1-0.dll
0x00000274d2ec0000 - 0x00000274d2ec3000 	D:\Dev\JDK\openlogic-openjdk-21.0.9+10-windows-x64\bin\api-ms-win-crt-process-l1-1-0.dll
0x00000274d2ed0000 - 0x00000274d2ed4000 	D:\Dev\JDK\openlogic-openjdk-21.0.9+10-windows-x64\bin\api-ms-win-crt-runtime-l1-1-0.dll
0x00000274d2ee0000 - 0x00000274d2ee4000 	D:\Dev\JDK\openlogic-openjdk-21.0.9+10-windows-x64\bin\api-ms-win-crt-stdio-l1-1-0.dll
0x00000274d2ef0000 - 0x00000274d2ef4000 	D:\Dev\JDK\openlogic-openjdk-21.0.9+10-windows-x64\bin\api-ms-win-crt-string-l1-1-0.dll
0x00000274d2f00000 - 0x00000274d2f03000 	D:\Dev\JDK\openlogic-openjdk-21.0.9+10-windows-x64\bin\api-ms-win-crt-time-l1-1-0.dll
0x00000274d2f10000 - 0x00000274d2f13000 	D:\Dev\JDK\openlogic-openjdk-21.0.9+10-windows-x64\bin\api-ms-win-crt-utility-l1-1-0.dll
0x00007ffa2d600000 - 0x00007ffa2d6f2000 	D:\Dev\JDK\openlogic-openjdk-21.0.9+10-windows-x64\bin\ucrtbase.dll
0x00007ffa49490000 - 0x00007ffa49499000 	D:\Dev\JDK\openlogic-openjdk-21.0.9+10-windows-x64\bin\msvcp140_1.dll
0x00007ffa46e90000 - 0x00007ffa46ed1000 	D:\Dev\JDK\openlogic-openjdk-21.0.9+10-windows-x64\bin\msvcp140_2.dll
0x00007ffa46e60000 - 0x00007ffa46e90000 	D:\Dev\JDK\openlogic-openjdk-21.0.9+10-windows-x64\bin\prism_d3d.dll
0x00007ffa56360000 - 0x00007ffa56511000 	C:\WINDOWS\system32\d3d9.dll
0x00007ffa76620000 - 0x00007ffa7664f000 	C:\WINDOWS\SYSTEM32\dwmapi.dll
0x00007ffa76670000 - 0x00007ffa766b4000 	C:\WINDOWS\SYSTEM32\dxcore.dll
0x00007ffa763b0000 - 0x00007ffa7645a000 	C:\WINDOWS\system32\uxtheme.dll
0x00007ffa5c500000 - 0x00007ffa5c520000 	C:\Windows\System32\DriverStore\FileRepository\u0408375.inf_amd64_f8efaaeea4e4611e\B408013\atidx9loader64.dll
0x00007ff9de070000 - 0x00007ff9e18b4000 	C:\Windows\System32\DriverStore\FileRepository\u0408375.inf_amd64_f8efaaeea4e4611e\B408013\AMDXN64.DLL
0x00007ffa7afc0000 - 0x00007ffa7b158000 	C:\WINDOWS\System32\ole32.dll
0x00007ffa7a480000 - 0x00007ffa7a907000 	C:\WINDOWS\System32\SETUPAPI.dll
0x00007ffa76490000 - 0x00007ffa765ca000 	C:\WINDOWS\SYSTEM32\dxgi.dll
0x00007ffa790c0000 - 0x00007ffa790ea000 	C:\WINDOWS\SYSTEM32\BCrypt.dll
0x00007ffa65b30000 - 0x00007ffa65b67000 	C:\Windows\System32\DriverStore\FileRepository\u0408375.inf_amd64_f8efaaeea4e4611e\B408013\amdihk64.dll
0x00007ffa72c70000 - 0x00007ffa72ccf000 	C:\WINDOWS\SYSTEM32\directxdatabasehelper.dll
0x00007ffa78e80000 - 0x00007ffa78ed1000 	C:\WINDOWS\SYSTEM32\cfgmgr32.dll
0x00007ffa45800000 - 0x00007ffa45842000 	D:\Dev\JDK\openlogic-openjdk-21.0.9+10-windows-x64\bin\glass.dll
0x00007ffa7abe0000 - 0x00007ffa7acd2000 	C:\WINDOWS\System32\COMDLG32.dll
0x00007ffa7bda0000 - 0x00007ffa7befd000 	C:\WINDOWS\System32\MSCTF.dll

JVMTI agents:
D:\Dev\IntelliJ\idea-2025.3.1.win\lib\idea_rt.jar path:D:\Dev\JDK\openlogic-openjdk-21.0.9+10-windows-x64\bin\instrument.dll, loaded, initialized, instrumentlib options:54972

dbghelp: loaded successfully - version: 4.0.5 - missing functions: none
symbol engine: initialized successfully - sym options: 0x614 - pdb path: .;D:\Dev\JDK\openlogic-openjdk-21.0.9+10-windows-x64\bin;C:\WINDOWS\SYSTEM32;C:\WINDOWS\WinSxS\amd64_microsoft.windows.common-controls_6595b64144ccf1df_6.0.26100.8521_none_3e08b75ce33403b3;C:\Program Files\Windhawk\Engine\1.7.3\64;D:\Dev\JDK\openlogic-openjdk-21.0.9+10-windows-x64\bin\server;C:\Program Files\Bonjour;C:\Windows\System32\DriverStore\FileRepository\u0408375.inf_amd64_f8efaaeea4e4611e\B408013

VM Arguments:
jvm_args: -javaagent:D:\Dev\IntelliJ\idea-2025.3.1.win\lib\idea_rt.jar=54972 -Dfile.encoding=UTF-8 -Dsun.stdout.encoding=UTF-8 -Dsun.stderr.encoding=UTF-8 --module-path=C:\Users\Tuan Hiep\.m2\repository\org\openjfx\javafx-media\21.0.11\javafx-media-21.0.11-win.jar;C:\Users\Tuan Hiep\.m2\repository\org\kordamp\bootstrapfx\bootstrapfx-core\0.4.0\bootstrapfx-core-0.4.0.jar;C:\Users\Tuan Hiep\.m2\repository\com\fasterxml\jackson\core\jackson-databind\2.17.0\jackson-databind-2.17.0.jar;C:\Users\Tuan Hiep\.m2\repository\net\synedra\validatorfx\0.6.1\validatorfx-0.6.1.jar;C:\Users\Tuan Hiep\.m2\repository\com\fasterxml\jackson\core\jackson-annotations\2.17.0\jackson-annotations-2.17.0.jar;C:\Users\Tuan Hiep\.m2\repository\org\slf4j\slf4j-api\1.7.36\slf4j-api-1.7.36.jar;C:\Users\Tuan Hiep\.m2\repository\org\openjfx\javafx-base\21.0.11\javafx-base-21.0.11-win.jar;C:\Users\Tuan Hiep\.m2\repository\com\zaxxer\HikariCP\5.1.0\HikariCP-5.1.0.jar;C:\Users\Tuan Hiep\.m2\repository\org\openjfx\javafx-controls\21.0.11\javafx-controls-21.0.11-win.jar;C:\Users\Tuan Hiep\.m2\repository\org\controlsfx\controlsfx\11.2.1\controlsfx-11.2.1.jar;C:\Users\Tuan Hiep\.m2\repository\org\openjfx\javafx-fxml\21.0.11\javafx-fxml-21.0.11-win.jar;C:\Users\Tuan Hiep\.m2\repository\com\fasterxml\jackson\core\jackson-core\2.17.0\jackson-core-2.17.0.jar;C:\Users\Tuan Hiep\.m2\repository\org\openjfx\javafx-graphics\21.0.11\javafx-graphics-21.0.11-win.jar;D:\Code\SportT5\target\classes;C:\Users\Tuan Hiep\.m2\repository\com\dlsc\formsfx\formsfx-core\11.6.0\formsfx-core-11.6.0.jar;C:\Users\Tuan Hiep\.m2\repository\com\fasterxml\jackson\datatype\jackson-datatype-jsr310\2.17.0\jackson-datatype-jsr310-2.17.0.jar -Djdk.module.main=com.sportt5 
java_command: com.sportt5/com.sportt5.SongPlayerApp
java_class_path (initial): C:\Users\Tuan Hiep\.m2\repository\net\bytebuddy\byte-buddy\1.14.9\byte-buddy-1.14.9.jar;C:\Users\Tuan Hiep\.m2\repository\com\mysql\mysql-connector-j\9.2.0\mysql-connector-j-9.2.0.jar;C:\Users\Tuan Hiep\.m2\repository\com\google\protobuf\protobuf-java\4.29.0\protobuf-java-4.29.0.jar;C:\Users\Tuan Hiep\.m2\repository\org\openjfx\javafx-controls\21.0.11\javafx-controls-21.0.11.jar;C:\Users\Tuan Hiep\.m2\repository\org\openjfx\javafx-graphics\21.0.11\javafx-graphics-21.0.11.jar;C:\Users\Tuan Hiep\.m2\repository\org\openjfx\javafx-base\21.0.11\javafx-base-21.0.11.jar;C:\Users\Tuan Hiep\.m2\repository\org\openjfx\javafx-fxml\21.0.11\javafx-fxml-21.0.11.jar;C:\Users\Tuan Hiep\.m2\repository\org\openjfx\javafx-media\21.0.11\javafx-media-21.0.11.jar;C:\Users\Tuan Hiep\.m2\repository\org\openjfx\javafx-web\21.0.11\javafx-web-21.0.11.jar;C:\Users\Tuan Hiep\.m2\repository\org\openjfx\javafx-web\21.0.11\javafx-web-21.0.11-win.jar;C:\Users\Tuan Hiep\.m2\repository\org\openjfx\javafx-swing\21.0.11\javafx-swing-21.0.11.jar;C:\Users\Tuan Hiep\.m2\repository\org\openjfx\javafx-swing\21.0.11\javafx-swing-21.0.11-win.jar;C:\Users\Tuan Hiep\.m2\repository\org\kordamp\ikonli\ikonli-javafx\12.3.1\ikonli-javafx-12.3.1.jar;C:\Users\Tuan Hiep\.m2\repository\org\kordamp\ikonli\ikonli-core\12.3.1\ikonli-core-12.3.1.jar;C:\Users\Tuan Hiep\.m2\repository\eu\hansolo\tilesfx\21.0.9\tilesfx-21.0.9.jar;C:\Users\Tuan Hiep\.m2\repository\eu\hansolo\fx\countries\21.0.17\countries-21.0.17.jar;C:\Users\Tuan Hiep\.m2\repository\eu\hansolo\fx\heatmap\21.0.5\heatmap-21.0.5.jar;C:\Users\Tuan Hiep\.m2\repository\eu\hansolo\toolboxfx\21.0.5\toolboxfx-21.0.5.jar;C:\Users\Tuan Hiep\.m2\repository\eu\hansolo\toolbox\21.0.9\toolbox-21.0.9.jar
Launcher Type: SUN_STANDARD

[Global flags]
     intx CICompilerCount                          = 12                                        {product} {ergonomic}
     uint ConcGCThreads                            = 3                                         {product} {ergonomic}
     uint G1ConcRefinementThreads                  = 13                                        {product} {ergonomic}
   size_t G1HeapRegionSize                         = 4194304                                   {product} {ergonomic}
    uintx GCDrainStackTargetSize                   = 64                                        {product} {ergonomic}
   size_t InitialHeapSize                          = 528482304                                 {product} {ergonomic}
   size_t MarkStackSize                            = 4194304                                   {product} {ergonomic}
   size_t MaxHeapSize                              = 8401190912                                {product} {ergonomic}
   size_t MaxNewSize                               = 5037359104                                {product} {ergonomic}
   size_t MinHeapDeltaBytes                        = 4194304                                   {product} {ergonomic}
   size_t MinHeapSize                              = 8388608                                   {product} {ergonomic}
    uintx NonNMethodCodeHeapSize                   = 7602480                                {pd product} {ergonomic}
    uintx NonProfiledCodeHeapSize                  = 122027880                              {pd product} {ergonomic}
    uintx ProfiledCodeHeapSize                     = 122027880                              {pd product} {ergonomic}
    uintx ReservedCodeCacheSize                    = 251658240                              {pd product} {ergonomic}
     bool SegmentedCodeCache                       = true                                      {product} {ergonomic}
   size_t SoftMaxHeapSize                          = 8401190912                             {manageable} {ergonomic}
     bool UseCompressedOops                        = true                           {product lp64_product} {ergonomic}
     bool UseG1GC                                  = true                                      {product} {ergonomic}
     bool UseLargePagesIndividualAllocation        = false                                  {pd product} {ergonomic}

Logging:
Log output configuration:
 #0: stdout all=warning uptime,level,tags foldmultilines=false
 #1: stderr all=off uptime,level,tags foldmultilines=false

Release file:
IMPLEMENTOR="OpenLogic" 
IMPLEMENTOR_VERSION="OpenLogic-OpenJDK" 
JAVA_RUNTIME_VERSION="21.0.9+10-adhoc.Administrator.jdk21u" 
JAVA_VERSION="21.0.9" 
JAVA_VERSION_DATE="2025-10-21" 
LIBC="default" 
MODULES="java.base java.compiler java.datatransfer java.xml java.prefs java.desktop java.instrument java.logging java.management java.security.sasl java.naming java.rmi java.management.rmi java.net.http java.scripting java.security.jgss java.transaction.xa java.sql java.sql.rowset java.xml.crypto java.se java.smartcardio jdk.jfr javafx.base jdk.unsupported javafx.graphics javafx.controls javafx.fxml javafx.media jdk.unsupported.desktop javafx.swing jdk.jsobject jdk.xml.dom javafx.web jdk.accessibility jdk.internal.jvmstat jdk.attach jdk.charsets jdk.internal.opt jdk.zipfs jdk.compiler jdk.crypto.ec jdk.crypto.cryptoki jdk.crypto.mscapi jdk.dynalink jdk.internal.ed jdk.editpad jdk.hotspot.agent jdk.httpserver jdk.incubator.vector jdk.internal.le jdk.internal.vm.ci jdk.internal.vm.compiler jdk.internal.vm.compiler.management jdk.jartool jdk.javadoc jdk.jcmd jdk.management jdk.management.agent jdk.jconsole jdk.jdeps jdk.jdwp.agent jdk.jdi jdk.jlink jdk.jpackage jdk.jshell jdk.jstatd jdk.localedata jdk.management.jfr jdk.naming.dns jdk.naming.rmi jdk.net jdk.nio.mapmode jdk.random jdk.sctp jdk.security.auth jdk.security.jgss" 
OS_ARCH="x86_64" 
OS_NAME="Windows" 
SOURCE=".:git:7f14648260ff" 

Environment Variables:
JAVA_HOME=D:\Dev\JDK\openlogic-openjdk-21.0.9+10-windows-x64
PATH=C:\Python313\Scripts\;C:\Python313\;C:\WINDOWS\system32;C:\WINDOWS;C:\WINDOWS\System32\Wbem;C:\WINDOWS\System32\WindowsPowerShell\v1.0\;C:\WINDOWS\System32\OpenSSH\;C:\Program Files\dotnet\;C:\Program Files (x86)\NVIDIA Corporation\PhysX\Common;C:\Program Files\NVIDIA Corporation\NVIDIA app\NvDLISR;C:\ProgramData\chocolatey\bin;C:\Program Files (x86)\Microsoft SQL Server\160\Tools\Binn\;C:\Program Files\Microsoft SQL Server\160\Tools\Binn\;C:\Program Files\Microsoft SQL Server\Client SDK\ODBC\170\Tools\Binn\;C:\Program Files\Microsoft SQL Server\160\DTS\Binn\;C:\xampp\php;C:\composer;C:\Program Files\Git\cmd;C:\Program Files\nodejs\;C:\Users\Tuan Hiep\AppData\Local\Microsoft\WindowsApps;D:\Dev\Microsoft VS Code\bin;C:\mingw64\bin;C:\Users\Tuan Hiep\AppData\Local\GitHubDesktop\bin;C:\Users\Tuan Hiep\AppData\Roaming\Composer\vendor\bin;D:\Dev\JDK\openlogic-openjdk-21.0.9+10-windows-x64\bin;C:\Users\Tuan Hiep\AppData\Roaming\npm;C:\Users\Tuan Hiep\Downloads\apache-maven-3.9.16\bin;
USERNAME=Tuan Hiep
OS=Windows_NT
PROCESSOR_IDENTIFIER=AMD64 Family 25 Model 117 Stepping 2, AuthenticAMD
TMP=C:\Users\TUANHI~1\AppData\Local\Temp
TEMP=C:\Users\TUANHI~1\AppData\Local\Temp




Periodic native trim disabled

---------------  S Y S T E M  ---------------

OS:
 Windows 11 , 64 bit Build 26100 (10.0.26100.8521)
OS uptime: 4 days 1:10 hours
Hyper-V role detected

CPU: total 16 (initial active 16) (16 cores per cpu, 2 threads per core) family 25 model 117 stepping 2 microcode 0xa705205, cx8, cmov, fxsr, ht, mmx, 3dnowpref, sse, sse2, sse3, ssse3, sse4a, sse4.1, sse4.2, popcnt, lzcnt, tsc, tscinvbit, avx, avx2, aes, erms, clmul, bmi1, bmi2, adx, avx512f, avx512dq, avx512cd, avx512bw, avx512vl, sha, fma, vzeroupper, avx512_vpopcntdq, avx512_vpclmulqdq, avx512_vaes, avx512_vnni, clflush, clflushopt, avx512_vbmi2, avx512_vbmi, hv, rdtscp, rdpid, fsrm, gfni, avx512_bitalg, f16c, cet_ss, avx512_ifma
Processor Information for processor 0
  Max Mhz: 4001, Current Mhz: 2470, Mhz Limit: 4001
Processor Information for processor 1
  Max Mhz: 4001, Current Mhz: 2470, Mhz Limit: 4001
Processor Information for processor 2
  Max Mhz: 4001, Current Mhz: 2470, Mhz Limit: 4001
Processor Information for processor 3
  Max Mhz: 4001, Current Mhz: 2470, Mhz Limit: 4001
Processor Information for processor 4
  Max Mhz: 4001, Current Mhz: 2470, Mhz Limit: 4001
Processor Information for processor 5
  Max Mhz: 4001, Current Mhz: 2470, Mhz Limit: 4001
Processor Information for processor 6
  Max Mhz: 4001, Current Mhz: 3490, Mhz Limit: 4001
Processor Information for processor 7
  Max Mhz: 4001, Current Mhz: 3490, Mhz Limit: 4001
Processor Information for processor 8
  Max Mhz: 4001, Current Mhz: 2470, Mhz Limit: 4001
Processor Information for processor 9
  Max Mhz: 4001, Current Mhz: 3490, Mhz Limit: 4001
Processor Information for processor 10
  Max Mhz: 4001, Current Mhz: 2470, Mhz Limit: 4001
Processor Information for processor 11
  Max Mhz: 4001, Current Mhz: 2470, Mhz Limit: 4001
Processor Information for processor 12
  Max Mhz: 4001, Current Mhz: 2470, Mhz Limit: 4001
Processor Information for processor 13
  Max Mhz: 4001, Current Mhz: 2470, Mhz Limit: 4001
Processor Information for processor 14
  Max Mhz: 4001, Current Mhz: 2470, Mhz Limit: 4001
Processor Information for processor 15
  Max Mhz: 4001, Current Mhz: 2470, Mhz Limit: 4001

Memory: 4k page, system-wide physical 32045M (15395M free)
TotalPageFile size 34093M (AvailPageFile size 8456M)
current process WorkingSet (physical memory assigned to process): 99M, peak: 100M
current process commit charge ("private bytes"): 637M, peak: 638M

vm_info: OpenJDK 64-Bit Server VM (21.0.9+10-adhoc.Administrator.jdk21u) for windows-amd64 JRE (21.0.9+10-adhoc.Administrator.jdk21u), built on 2025-11-03T13:49:23Z by "Administrator" with MS VC++ 16.10 / 16.11 (VS2019)

END.
