#
# A fatal error has been detected by the Java Runtime Environment:
#
#  EXCEPTION_ACCESS_VIOLATION (0xc0000005) at pc=0x00007ff9db4f8c82, pid=32752, tid=19380
#
# JRE version: OpenJDK Runtime Environment OpenLogic-OpenJDK (21.0.9+10) (build 21.0.9+10-adhoc.Administrator.jdk21u)
# Java VM: OpenJDK 64-Bit Server VM OpenLogic-OpenJDK (21.0.9+10-adhoc.Administrator.jdk21u, mixed mode, sharing, tiered, compressed oops, compressed class ptrs, g1 gc, windows-amd64)
# Problematic frame:
# V  [jvm.dll+0x448c82]
#
# No core dump will be written. Minidumps are not enabled by default on client versions of Windows
#
# If you would like to submit a bug report, please visit:
#   https://techsupport.roguewave.com/
#

---------------  S U M M A R Y ------------

Command Line: -javaagent:D:\Dev\IntelliJ\idea-2025.3.1.win\lib\idea_rt.jar=61933 -Dfile.encoding=UTF-8 -Dsun.stdout.encoding=UTF-8 -Dsun.stderr.encoding=UTF-8 --module-path=C:\Users\Tuan Hiep\.m2\repository\org\openjfx\javafx-media\21.0.11\javafx-media-21.0.11-win.jar;C:\Users\Tuan Hiep\.m2\repository\org\kordamp\bootstrapfx\bootstrapfx-core\0.4.0\bootstrapfx-core-0.4.0.jar;C:\Users\Tuan Hiep\.m2\repository\com\fasterxml\jackson\core\jackson-databind\2.17.0\jackson-databind-2.17.0.jar;C:\Users\Tuan Hiep\.m2\repository\net\synedra\validatorfx\0.6.1\validatorfx-0.6.1.jar;C:\Users\Tuan Hiep\.m2\repository\com\fasterxml\jackson\core\jackson-annotations\2.17.0\jackson-annotations-2.17.0.jar;C:\Users\Tuan Hiep\.m2\repository\org\slf4j\slf4j-api\1.7.36\slf4j-api-1.7.36.jar;C:\Users\Tuan Hiep\.m2\repository\org\openjfx\javafx-base\21.0.11\javafx-base-21.0.11-win.jar;C:\Users\Tuan Hiep\.m2\repository\com\zaxxer\HikariCP\5.1.0\HikariCP-5.1.0.jar;C:\Users\Tuan Hiep\.m2\repository\org\openjfx\javafx-controls\21.0.11\javafx-controls-21.0.11-win.jar;C:\Users\Tuan Hiep\.m2\repository\org\controlsfx\controlsfx\11.2.1\controlsfx-11.2.1.jar;C:\Users\Tuan Hiep\.m2\repository\org\openjfx\javafx-fxml\21.0.11\javafx-fxml-21.0.11-win.jar;C:\Users\Tuan Hiep\.m2\repository\com\fasterxml\jackson\core\jackson-core\2.17.0\jackson-core-2.17.0.jar;C:\Users\Tuan Hiep\.m2\repository\org\openjfx\javafx-graphics\21.0.11\javafx-graphics-21.0.11-win.jar;D:\Code\SportT5\target\classes;C:\Users\Tuan Hiep\.m2\repository\com\dlsc\formsfx\formsfx-core\11.6.0\formsfx-core-11.6.0.jar;C:\Users\Tuan Hiep\.m2\repository\com\fasterxml\jackson\datatype\jackson-datatype-jsr310\2.17.0\jackson-datatype-jsr310-2.17.0.jar -Djdk.module.main=com.sportt5 com.sportt5/com.sportt5.SongPlayerApp

Host: AMD Ryzen 9 8945HS w/ Radeon 780M Graphics, 16 cores, 31G,  Windows 11 , 64 bit Build 26100 (10.0.26100.8521)
Time: Mon Jun  1 20:18:53 2026 SE Asia Standard Time elapsed time: 0.521379 seconds (0d 0h 0m 0s)

---------------  T H R E A D  ---------------

Current thread (0x00000273e6b8ca80):  JavaThread "WindowsNativeRunloopThread"        [_thread_in_vm, id=19380, stack(0x000000b7f3e00000,0x000000b7f3f00000) (1024K)]

Stack: [0x000000b7f3e00000,0x000000b7f3f00000],  sp=0x000000b7f3eff270,  free space=1020k
Native frames: (J=compiled Java code, j=interpreted, Vv=VM code, C=native code)
V  [jvm.dll+0x448c82]
C  [glass.dll+0x530c]

Java frames: (J=compiled Java code, j=interpreted, Vv=VM code)
j  com.sun.glass.ui.win.WinApplication._runLoop(Ljava/lang/Runnable;)V+0 javafx.graphics@21.0.9
j  com.sun.glass.ui.win.WinApplication.lambda$runLoop$3(ILjava/lang/Runnable;)V+8 javafx.graphics@21.0.9
j  com.sun.glass.ui.win.WinApplication$$Lambda+0x00000273a208a950.run()V+12 javafx.graphics@21.0.9
j  java.lang.Thread.runWith(Ljava/lang/Object;Ljava/lang/Runnable;)V+5 java.base@21.0.9
j  java.lang.Thread.run()V+19 java.base@21.0.9
v  ~StubRoutines::call_stub 0x0000027390e810e7

siginfo: EXCEPTION_ACCESS_VIOLATION (0xc0000005), reading address 0x0000000000000000


Registers:
RAX=0x0000000000000000, RBX=0x00000273e6b8ca80, RCX=0x00000273e6b8ce38, RDX=0x000000b7f3eff458
RSP=0x000000b7f3eff270, RBP=0x000000b7f3eff378, RSI=0x0000000000000000, RDI=0x00000273e6b8ce38
R8 =0x0000000000000000, R9 =0x000000b7f3eff378, R10=0x0000000000000000, R11=0x000000b7f3eff328
R12=0x0000000000000000, R13=0x00000273e251ef28, R14=0x000000b7f3eff458, R15=0x00000273e6b8ca80
RIP=0x00007ff9db4f8c82, EFLAGS=0x0000000000010246

XMM[0]=0x0000000000000000 0x0000000000000000
XMM[1]=0x0000000000000000 0x0000000000000000
XMM[2]=0x0000000000000000 0x0000000000000000
XMM[3]=0x0000000000000000 0x0000000000000000
XMM[4]=0x0000000000000000 0x0000000000000000
XMM[5]=0x0000000000000000 0x0000000000000000
XMM[6]=0x0000000000000000 0x0000000000000000
XMM[7]=0x0000000000000000 0x0000000000000000
XMM[8]=0x0000000000000000 0x0000000000000000
XMM[9]=0x0000000000000000 0x0000000000000000
XMM[10]=0x0000000000000000 0x0000000000000000
XMM[11]=0x0000000000000000 0x0000000000000000
XMM[12]=0x0000000000000000 0x0000000000000000
XMM[13]=0x0000000000000000 0x0000000000000000
XMM[14]=0x0000000000000000 0x0000000000000000
XMM[15]=0x0000000000000000 0x0000000000000000
  MXCSR=0x00001fa0


Register to memory mapping:

RAX=0x0 is null
RBX=0x00000273e6b8ca80 is a thread
RCX=0x00000273e6b8ce38 points into unknown readable memory: 0x00007ff9dbcf3820 | 20 38 cf db f9 7f 00 00
RDX=0x000000b7f3eff458 is pointing into the stack for thread: 0x00000273e6b8ca80
RSP=0x000000b7f3eff270 is pointing into the stack for thread: 0x00000273e6b8ca80
RBP=0x000000b7f3eff378 is pointing into the stack for thread: 0x00000273e6b8ca80
RSI=0x0 is null
RDI=0x00000273e6b8ce38 points into unknown readable memory: 0x00007ff9dbcf3820 | 20 38 cf db f9 7f 00 00
R8 =0x0 is null
R9 =0x000000b7f3eff378 is pointing into the stack for thread: 0x00000273e6b8ca80
R10=0x0 is null
R11=0x000000b7f3eff328 is pointing into the stack for thread: 0x00000273e6b8ca80
R12=0x0 is null
R13={method} {0x00000273e251ef30} '_runLoop' '(Ljava/lang/Runnable;)V' in 'com/sun/glass/ui/win/WinApplication'
R14=0x000000b7f3eff458 is pointing into the stack for thread: 0x00000273e6b8ca80
R15=0x00000273e6b8ca80 is a thread

Top of Stack: (sp=0x000000b7f3eff270)
0x000000b7f3eff270:   00007ffa798fb440 00007ffa7c00a4c1
0x000000b7f3eff280:   00007ffa00000004 00007ffa00000000
0x000000b7f3eff290:   0000000000000000 000000b7f3eff2a8
0x000000b7f3eff2a0:   0000000000000000 00007ffa7c00a4c1
0x000000b7f3eff2b0:   00007ffa7b0a86e8 0000000000000000
0x000000b7f3eff2c0:   00000273e6b8ca80 0000000000000000
0x000000b7f3eff2d0:   00000273e693e6b0 00007ffa7a9603cc
0x000000b7f3eff2e0:   0000000000000000 00007ffa7b0cc610
0x000000b7f3eff2f0:   00000273e693e6b0 00007ffa79d71b8f
0x000000b7f3eff300:   00000273e6b8ca80 0000000000000001
0x000000b7f3eff310:   00000273e6b8ca80 000000b7f3eff460
0x000000b7f3eff320:   00000273e6b8ce38 00007ffa446d530c
0x000000b7f3eff330:   0000000000000000 000000b7f3eff438
0x000000b7f3eff340:   000000b7f3eff458 00000273e693e6b0
0x000000b7f3eff350:   000000b7f3eff460 00007ffa446da9d6
0x000000b7f3eff360:   00000273e251ef28 000000b7f3eff438
0x000000b7f3eff370:   0000000000000000 0000000000000000
0x000000b7f3eff380:   0000027390e8893e 0000027390e8ccfc
0x000000b7f3eff390:   00000273e251ef28 00000273e251ef28
0x000000b7f3eff3a0:   00000273e251ef28 000000b7f3eff460
0x000000b7f3eff3b0:   0000027390e8893e 0000027390e8ce8b
0x000000b7f3eff3c0:   00000273e251ef28 000000b7f3effa90
0x000000b7f3eff3d0:   3ff0000000000000 00000273e6b8ca80
0x000000b7f3eff3e0:   000000b7f3effa90 0000027390e8cb1f
0x000000b7f3eff3f0:   000000b7f3eff3f0 00000273e251ef28
0x000000b7f3eff400:   0000000000000005 00000273e2548ed8
0x000000b7f3eff410:   0000000000000000 000000062994a0d0
0x000000b7f3eff420:   00000273e251ef28 0000000000000000
0x000000b7f3eff430:   000000b7f3eff458 000000b7f3eff4b0
0x000000b7f3eff440:   0000027390e88860 0000000000000000
0x000000b7f3eff450:   0000027390e8a3d7 0000000629bfe738
0x000000b7f3eff460:   000000062996cbc0 000000b7f3eff468 

Instructions: (pc=0x00007ff9db4f8c82)
0x00007ff9db4f8b82:   48 8b 4b 08 48 8b 43 18 48 89 41 18 48 8b 4b 08
0x00007ff9db4f8b92:   48 8b 43 20 48 89 41 20 48 8d 8f 98 03 00 00 e8
0x00007ff9db4f8ba2:   8a 8c ed ff 90 c7 87 44 04 00 00 04 00 00 00 48
0x00007ff9db4f8bb2:   81 c4 b8 00 00 00 41 5f 41 5e 5f 5e 5d 5b c3 cc
0x00007ff9db4f8bc2:   cc cc cc cc cc cc cc cc cc cc cc cc cc cc 48 89
0x00007ff9db4f8bd2:   5c 24 08 48 89 6c 24 10 48 89 74 24 18 57 41 56
0x00007ff9db4f8be2:   41 57 48 81 ec a0 00 00 00 8b 81 b0 00 00 00 48
0x00007ff9db4f8bf2:   8d 99 48 fc ff ff 05 53 21 ff ff 49 8b e9 49 8b
0x00007ff9db4f8c02:   f0 4c 8b f2 48 8b f9 83 f8 01 77 08 48 8b cb e8
0x00007ff9db4f8c12:   9a 1c fb ff 80 3d c5 4f 86 00 00 c7 83 44 04 00
0x00007ff9db4f8c22:   00 06 00 00 00 75 06 e8 a2 61 28 00 90 48 8b 83
0x00007ff9db4f8c32:   48 04 00 00 a8 01 74 0d 45 33 c0 b2 01 48 8b cb
0x00007ff9db4f8c42:   e8 49 7c 2f 00 8b 83 40 04 00 00 a8 0c 74 08 48
0x00007ff9db4f8c52:   8b cb e8 97 31 fb ff c7 83 44 04 00 00 06 00 00
0x00007ff9db4f8c62:   00 48 83 7b 08 00 48 89 5c 24 50 48 c7 44 24 58
0x00007ff9db4f8c72:   00 00 00 00 74 0a 48 8d 4c 24 50 e8 7e 38 2c 00
0x00007ff9db4f8c82:   48 8b 16 48 8d 4c 24 70 c7 44 24 40 0e 00 00 00
0x00007ff9db4f8c92:   e8 19 46 01 00 48 8d 44 24 70 48 89 5c 24 30 48
0x00007ff9db4f8ca2:   89 44 24 28 4c 8d 3d 53 df 60 00 41 b9 01 00 00
0x00007ff9db4f8cb2:   00 48 89 74 24 20 4d 8b c6 4c 89 7c 24 70 48 8d
0x00007ff9db4f8cc2:   54 24 40 48 89 ac 24 98 00 00 00 48 8b cf e8 5b
0x00007ff9db4f8cd2:   53 01 00 48 83 7c 24 58 00 4c 89 7c 24 70 48 c7
0x00007ff9db4f8ce2:   84 24 98 00 00 00 00 00 00 00 74 0a 48 8d 4c 24
0x00007ff9db4f8cf2:   50 e8 88 38 2c 00 48 8b bb 98 01 00 00 48 8b 4f
0x00007ff9db4f8d02:   10 48 83 39 00 74 0c 48 8b cf e8 ff 2f f6 ff 48
0x00007ff9db4f8d12:   8b 4f 10 48 8b 47 08 48 89 48 10 48 8b 4f 08 48
0x00007ff9db4f8d22:   8b 47 18 48 89 41 18 48 8b 4f 08 48 8b 47 20 48
0x00007ff9db4f8d32:   89 41 20 48 8d 8b 98 03 00 00 e8 ef 8a ed ff 4c
0x00007ff9db4f8d42:   8d 9c 24 a0 00 00 00 90 49 8b 6b 28 49 8b 73 30
0x00007ff9db4f8d52:   c7 83 44 04 00 00 04 00 00 00 49 8b 5b 20 49 8b
0x00007ff9db4f8d62:   e3 41 5f 41 5e 5f c3 cc cc cc cc cc cc cc 48 89
0x00007ff9db4f8d72:   5c 24 08 48 89 6c 24 10 48 89 74 24 18 48 89 7c 


Stack slot to memory mapping:

stack at sp + 0 slots: 0x00007ffa798fb440 KERNELBASE.dll
stack at sp + 1 slots: 0x00007ffa7c00a4c1 ntdll.dll
stack at sp + 2 slots: 0x00007ffa00000004 is an unknown value
stack at sp + 3 slots: 0x00007ffa00000000 is an unknown value
stack at sp + 4 slots: 0x0 is null
stack at sp + 5 slots: 0x000000b7f3eff2a8 is pointing into the stack for thread: 0x00000273e6b8ca80
stack at sp + 6 slots: 0x0 is null
stack at sp + 7 slots: 0x00007ffa7c00a4c1 ntdll.dll


---------------  P R O C E S S  ---------------

Threads class SMR info:
_java_thread_list=0x00000273e69e0c40, length=23, elements={
0x00000273f98dc340, 0x00000273a0787930, 0x00000273a078a150, 0x00000273a078a960,
0x00000273a078afc0, 0x00000273a078fbe0, 0x00000273a07903f0, 0x00000273a07a10f0,
0x00000273a07b71a0, 0x00000273a07b5d30, 0x00000273a07b6ad0, 0x00000273a07b8610,
0x00000273a08dfb30, 0x00000273a07b4f90, 0x00000273a07b6400, 0x00000273a07b7870,
0x00000273a07b7f40, 0x00000273a07b5660, 0x00000273e61f06f0, 0x00000273a095b130,
0x00000273e68220a0, 0x00000273e6af5d40, 0x00000273e6b8ca80
}

Java Threads: ( => current thread )
  0x00000273f98dc340 JavaThread "main"                              [_thread_blocked, id=17660, stack(0x000000b7f2100000,0x000000b7f2200000) (1024K)]
  0x00000273a0787930 JavaThread "Reference Handler"          daemon [_thread_blocked, id=31376, stack(0x000000b7f2900000,0x000000b7f2a00000) (1024K)]
  0x00000273a078a150 JavaThread "Finalizer"                  daemon [_thread_blocked, id=21940, stack(0x000000b7f2a00000,0x000000b7f2b00000) (1024K)]
  0x00000273a078a960 JavaThread "Signal Dispatcher"          daemon [_thread_blocked, id=24124, stack(0x000000b7f2b00000,0x000000b7f2c00000) (1024K)]
  0x00000273a078afc0 JavaThread "Attach Listener"            daemon [_thread_blocked, id=31456, stack(0x000000b7f2c00000,0x000000b7f2d00000) (1024K)]
  0x00000273a078fbe0 JavaThread "Service Thread"             daemon [_thread_blocked, id=14508, stack(0x000000b7f2d00000,0x000000b7f2e00000) (1024K)]
  0x00000273a07903f0 JavaThread "Monitor Deflation Thread"   daemon [_thread_blocked, id=7940, stack(0x000000b7f2e00000,0x000000b7f2f00000) (1024K)]
  0x00000273a07a10f0 JavaThread "C2 CompilerThread0"         daemon [_thread_blocked, id=21744, stack(0x000000b7f2f00000,0x000000b7f3000000) (1024K)]
  0x00000273a07b71a0 JavaThread "C1 CompilerThread0"         daemon [_thread_blocked, id=16176, stack(0x000000b7f3000000,0x000000b7f3100000) (1024K)]
  0x00000273a07b5d30 JavaThread "C1 CompilerThread1"         daemon [_thread_blocked, id=28804, stack(0x000000b7f3100000,0x000000b7f3200000) (1024K)]
  0x00000273a07b6ad0 JavaThread "C1 CompilerThread2"         daemon [_thread_blocked, id=19364, stack(0x000000b7f3200000,0x000000b7f3300000) (1024K)]
  0x00000273a07b8610 JavaThread "C1 CompilerThread3"         daemon [_thread_blocked, id=21344, stack(0x000000b7f3300000,0x000000b7f3400000) (1024K)]
  0x00000273a08dfb30 JavaThread "Common-Cleaner"             daemon [_thread_blocked, id=16832, stack(0x000000b7f3400000,0x000000b7f3500000) (1024K)]
  0x00000273a07b4f90 JavaThread "C2 CompilerThread1"         daemon [_thread_blocked, id=17648, stack(0x000000b7f3500000,0x000000b7f3600000) (1024K)]
  0x00000273a07b6400 JavaThread "C2 CompilerThread2"         daemon [_thread_blocked, id=3180, stack(0x000000b7f3600000,0x000000b7f3700000) (1024K)]
  0x00000273a07b7870 JavaThread "C2 CompilerThread3"         daemon [_thread_blocked, id=13484, stack(0x000000b7f3700000,0x000000b7f3800000) (1024K)]
  0x00000273a07b7f40 JavaThread "C2 CompilerThread4"         daemon [_thread_in_native, id=7640, stack(0x000000b7f3800000,0x000000b7f3900000) (1024K)]
  0x00000273a07b5660 JavaThread "C2 CompilerThread5"         daemon [_thread_blocked, id=32212, stack(0x000000b7f3900000,0x000000b7f3a00000) (1024K)]
  0x00000273e61f06f0 JavaThread "Monitor Ctrl-Break"         daemon [_thread_in_native, id=26732, stack(0x000000b7f3a00000,0x000000b7f3b00000) (1024K)]
  0x00000273a095b130 JavaThread "Notification Thread"        daemon [_thread_blocked, id=8112, stack(0x000000b7f3b00000,0x000000b7f3c00000) (1024K)]
  0x00000273e68220a0 JavaThread "QuantumRenderer-0"          daemon [_thread_blocked, id=23072, stack(0x000000b7f3c00000,0x000000b7f3d00000) (1024K)]
  0x00000273e6af5d40 JavaThread "InvokeLaterDispatcher"      daemon [_thread_blocked, id=12000, stack(0x000000b7f3d00000,0x000000b7f3e00000) (1024K)]
=>0x00000273e6b8ca80 JavaThread "WindowsNativeRunloopThread"        [_thread_in_vm, id=19380, stack(0x000000b7f3e00000,0x000000b7f3f00000) (1024K)]
Total: 23

Other Threads:
  0x00000273a0768920 VMThread "VM Thread"                           [id=29860, stack(0x000000b7f2800000,0x000000b7f2900000) (1024K)] _threads_hazard_ptr=0x00000273e69e0c40
  0x00000273fc3679b0 WatcherThread "VM Periodic Task Thread"        [id=13692, stack(0x000000b7f2700000,0x000000b7f2800000) (1024K)]
  0x00000273fc1afa40 WorkerThread "GC Thread#0"                     [id=23956, stack(0x000000b7f2200000,0x000000b7f2300000) (1024K)]
  0x00000273f9955a70 ConcurrentGCThread "G1 Main Marker"            [id=32556, stack(0x000000b7f2300000,0x000000b7f2400000) (1024K)]
  0x00000273f9957300 WorkerThread "G1 Conc#0"                       [id=22952, stack(0x000000b7f2400000,0x000000b7f2500000) (1024K)]
  0x00000273fc23b920 ConcurrentGCThread "G1 Refine#0"               [id=31364, stack(0x000000b7f2500000,0x000000b7f2600000) (1024K)]
  0x00000273fc23be50 ConcurrentGCThread "G1 Service"                [id=15480, stack(0x000000b7f2600000,0x000000b7f2700000) (1024K)]
Total: 7

Threads with active compile tasks:
C2 CompilerThread0  574 1367       4       java.util.HashMap::putVal (300 bytes)
C1 CompilerThread2  574 1579       3       java.lang.invoke.TypeConvertingMethodAdapter::convertType (299 bytes)
C2 CompilerThread1  574 1387       4       java.util.HashMap::put (13 bytes)
C2 CompilerThread2  574 1384       4       jdk.internal.org.objectweb.asm.SymbolTable::addConstantUtf8 (98 bytes)
C2 CompilerThread3  574 1522       4       jdk.internal.util.xml.impl.Parser::step (891 bytes)
C2 CompilerThread4  574 1388       4       java.util.HashSet::add (20 bytes)
C2 CompilerThread5  574 1526       4       jdk.internal.util.xml.impl.Parser::bname (354 bytes)
Total: 7

VM state: synchronizing (normal execution)

VM Mutex/Monitor currently owned by a thread:  ([mutex/lock_event])
[0x00007ff9dbd764e0] Threads_lock - owner thread: 0x00000273a0768920
[0x00007ff9dbd765e0] Heap_lock - owner thread: 0x00000273a078afc0

Heap address: 0x000000060b400000, size: 8012 MB, Compressed Oops mode: Zero based, Oop shift amount: 3

CDS archive(s) mapped at: [0x00000273a1000000-0x00000273a1c90000-0x00000273a1c90000), size 13172736, SharedBaseAddress: 0x00000273a1000000, ArchiveRelocationMode: 1.
Compressed class space mapped at: 0x00000273a2000000-0x00000273e2000000, reserved size: 1073741824
Narrow klass base: 0x00000273a1000000, Narrow klass shift: 0, Narrow klass range: 0x100000000

GC Precious Log:
 CardTable entry size: 512
 Card Set container configuration: InlinePtr #cards 4 size 8 Array Of Cards #cards 32 size 80 Howl #buckets 8 coarsen threshold 7372 Howl Bitmap #cards 1024 size 144 coarsen threshold 921 Card regions per heap region 1 cards per card region 8192
 CPUs: 16 total, 16 available
 Memory: 32045M
 Large Page Support: Disabled
 NUMA Support: Disabled
 Compressed Oops: Enabled (Zero based)
 Heap Region Size: 4M
 Heap Min Capacity: 8M
 Heap Initial Capacity: 504M
 Heap Max Capacity: 8012M
 Pre-touch: Disabled
 Parallel Workers: 13
 Concurrent Workers: 3
 Concurrent Refinement Workers: 13
 Periodic GC: Disabled

Heap:
 garbage-first heap   total 516096K, used 20480K [0x000000060b400000, 0x0000000800000000)
  region size 4096K, 6 young (24576K), 0 survivors (0K)
 Metaspace       used 6311K, committed 6592K, reserved 1114112K
  class space    used 669K, committed 768K, reserved 1048576K

Heap Regions: E=young(eden), S=young(survivor), O=old, HS=humongous(starts), HC=humongous(continues), CS=collection set, F=free, TAMS=top-at-mark-start, PB=parsable bottom
|   0|0x000000060b400000, 0x000000060b400000, 0x000000060b800000|  0%| F|  |TAMS 0x000000060b400000| PB 0x000000060b400000| Untracked 
|   1|0x000000060b800000, 0x000000060b800000, 0x000000060bc00000|  0%| F|  |TAMS 0x000000060b800000| PB 0x000000060b800000| Untracked 
|   2|0x000000060bc00000, 0x000000060bc00000, 0x000000060c000000|  0%| F|  |TAMS 0x000000060bc00000| PB 0x000000060bc00000| Untracked 
|   3|0x000000060c000000, 0x000000060c000000, 0x000000060c400000|  0%| F|  |TAMS 0x000000060c000000| PB 0x000000060c000000| Untracked 
|   4|0x000000060c400000, 0x000000060c400000, 0x000000060c800000|  0%| F|  |TAMS 0x000000060c400000| PB 0x000000060c400000| Untracked 
|   5|0x000000060c800000, 0x000000060c800000, 0x000000060cc00000|  0%| F|  |TAMS 0x000000060c800000| PB 0x000000060c800000| Untracked 
|   6|0x000000060cc00000, 0x000000060cc00000, 0x000000060d000000|  0%| F|  |TAMS 0x000000060cc00000| PB 0x000000060cc00000| Untracked 
|   7|0x000000060d000000, 0x000000060d000000, 0x000000060d400000|  0%| F|  |TAMS 0x000000060d000000| PB 0x000000060d000000| Untracked 
|   8|0x000000060d400000, 0x000000060d400000, 0x000000060d800000|  0%| F|  |TAMS 0x000000060d400000| PB 0x000000060d400000| Untracked 
|   9|0x000000060d800000, 0x000000060d800000, 0x000000060dc00000|  0%| F|  |TAMS 0x000000060d800000| PB 0x000000060d800000| Untracked 
|  10|0x000000060dc00000, 0x000000060dc00000, 0x000000060e000000|  0%| F|  |TAMS 0x000000060dc00000| PB 0x000000060dc00000| Untracked 
|  11|0x000000060e000000, 0x000000060e000000, 0x000000060e400000|  0%| F|  |TAMS 0x000000060e000000| PB 0x000000060e000000| Untracked 
|  12|0x000000060e400000, 0x000000060e400000, 0x000000060e800000|  0%| F|  |TAMS 0x000000060e400000| PB 0x000000060e400000| Untracked 
|  13|0x000000060e800000, 0x000000060e800000, 0x000000060ec00000|  0%| F|  |TAMS 0x000000060e800000| PB 0x000000060e800000| Untracked 
|  14|0x000000060ec00000, 0x000000060ec00000, 0x000000060f000000|  0%| F|  |TAMS 0x000000060ec00000| PB 0x000000060ec00000| Untracked 
|  15|0x000000060f000000, 0x000000060f000000, 0x000000060f400000|  0%| F|  |TAMS 0x000000060f000000| PB 0x000000060f000000| Untracked 
|  16|0x000000060f400000, 0x000000060f400000, 0x000000060f800000|  0%| F|  |TAMS 0x000000060f400000| PB 0x000000060f400000| Untracked 
|  17|0x000000060f800000, 0x000000060f800000, 0x000000060fc00000|  0%| F|  |TAMS 0x000000060f800000| PB 0x000000060f800000| Untracked 
|  18|0x000000060fc00000, 0x000000060fc00000, 0x0000000610000000|  0%| F|  |TAMS 0x000000060fc00000| PB 0x000000060fc00000| Untracked 
|  19|0x0000000610000000, 0x0000000610000000, 0x0000000610400000|  0%| F|  |TAMS 0x0000000610000000| PB 0x0000000610000000| Untracked 
|  20|0x0000000610400000, 0x0000000610400000, 0x0000000610800000|  0%| F|  |TAMS 0x0000000610400000| PB 0x0000000610400000| Untracked 
|  21|0x0000000610800000, 0x0000000610800000, 0x0000000610c00000|  0%| F|  |TAMS 0x0000000610800000| PB 0x0000000610800000| Untracked 
|  22|0x0000000610c00000, 0x0000000610c00000, 0x0000000611000000|  0%| F|  |TAMS 0x0000000610c00000| PB 0x0000000610c00000| Untracked 
|  23|0x0000000611000000, 0x0000000611000000, 0x0000000611400000|  0%| F|  |TAMS 0x0000000611000000| PB 0x0000000611000000| Untracked 
|  24|0x0000000611400000, 0x0000000611400000, 0x0000000611800000|  0%| F|  |TAMS 0x0000000611400000| PB 0x0000000611400000| Untracked 
|  25|0x0000000611800000, 0x0000000611800000, 0x0000000611c00000|  0%| F|  |TAMS 0x0000000611800000| PB 0x0000000611800000| Untracked 
|  26|0x0000000611c00000, 0x0000000611c00000, 0x0000000612000000|  0%| F|  |TAMS 0x0000000611c00000| PB 0x0000000611c00000| Untracked 
|  27|0x0000000612000000, 0x0000000612000000, 0x0000000612400000|  0%| F|  |TAMS 0x0000000612000000| PB 0x0000000612000000| Untracked 
|  28|0x0000000612400000, 0x0000000612400000, 0x0000000612800000|  0%| F|  |TAMS 0x0000000612400000| PB 0x0000000612400000| Untracked 
|  29|0x0000000612800000, 0x0000000612800000, 0x0000000612c00000|  0%| F|  |TAMS 0x0000000612800000| PB 0x0000000612800000| Untracked 
|  30|0x0000000612c00000, 0x0000000612c00000, 0x0000000613000000|  0%| F|  |TAMS 0x0000000612c00000| PB 0x0000000612c00000| Untracked 
|  31|0x0000000613000000, 0x0000000613000000, 0x0000000613400000|  0%| F|  |TAMS 0x0000000613000000| PB 0x0000000613000000| Untracked 
|  32|0x0000000613400000, 0x0000000613400000, 0x0000000613800000|  0%| F|  |TAMS 0x0000000613400000| PB 0x0000000613400000| Untracked 
|  33|0x0000000613800000, 0x0000000613800000, 0x0000000613c00000|  0%| F|  |TAMS 0x0000000613800000| PB 0x0000000613800000| Untracked 
|  34|0x0000000613c00000, 0x0000000613c00000, 0x0000000614000000|  0%| F|  |TAMS 0x0000000613c00000| PB 0x0000000613c00000| Untracked 
|  35|0x0000000614000000, 0x0000000614000000, 0x0000000614400000|  0%| F|  |TAMS 0x0000000614000000| PB 0x0000000614000000| Untracked 
|  36|0x0000000614400000, 0x0000000614400000, 0x0000000614800000|  0%| F|  |TAMS 0x0000000614400000| PB 0x0000000614400000| Untracked 
|  37|0x0000000614800000, 0x0000000614800000, 0x0000000614c00000|  0%| F|  |TAMS 0x0000000614800000| PB 0x0000000614800000| Untracked 
|  38|0x0000000614c00000, 0x0000000614c00000, 0x0000000615000000|  0%| F|  |TAMS 0x0000000614c00000| PB 0x0000000614c00000| Untracked 
|  39|0x0000000615000000, 0x0000000615000000, 0x0000000615400000|  0%| F|  |TAMS 0x0000000615000000| PB 0x0000000615000000| Untracked 
|  40|0x0000000615400000, 0x0000000615400000, 0x0000000615800000|  0%| F|  |TAMS 0x0000000615400000| PB 0x0000000615400000| Untracked 
|  41|0x0000000615800000, 0x0000000615800000, 0x0000000615c00000|  0%| F|  |TAMS 0x0000000615800000| PB 0x0000000615800000| Untracked 
|  42|0x0000000615c00000, 0x0000000615c00000, 0x0000000616000000|  0%| F|  |TAMS 0x0000000615c00000| PB 0x0000000615c00000| Untracked 
|  43|0x0000000616000000, 0x0000000616000000, 0x0000000616400000|  0%| F|  |TAMS 0x0000000616000000| PB 0x0000000616000000| Untracked 
|  44|0x0000000616400000, 0x0000000616400000, 0x0000000616800000|  0%| F|  |TAMS 0x0000000616400000| PB 0x0000000616400000| Untracked 
|  45|0x0000000616800000, 0x0000000616800000, 0x0000000616c00000|  0%| F|  |TAMS 0x0000000616800000| PB 0x0000000616800000| Untracked 
|  46|0x0000000616c00000, 0x0000000616c00000, 0x0000000617000000|  0%| F|  |TAMS 0x0000000616c00000| PB 0x0000000616c00000| Untracked 
|  47|0x0000000617000000, 0x0000000617000000, 0x0000000617400000|  0%| F|  |TAMS 0x0000000617000000| PB 0x0000000617000000| Untracked 
|  48|0x0000000617400000, 0x0000000617400000, 0x0000000617800000|  0%| F|  |TAMS 0x0000000617400000| PB 0x0000000617400000| Untracked 
|  49|0x0000000617800000, 0x0000000617800000, 0x0000000617c00000|  0%| F|  |TAMS 0x0000000617800000| PB 0x0000000617800000| Untracked 
|  50|0x0000000617c00000, 0x0000000617c00000, 0x0000000618000000|  0%| F|  |TAMS 0x0000000617c00000| PB 0x0000000617c00000| Untracked 
|  51|0x0000000618000000, 0x0000000618000000, 0x0000000618400000|  0%| F|  |TAMS 0x0000000618000000| PB 0x0000000618000000| Untracked 
|  52|0x0000000618400000, 0x0000000618400000, 0x0000000618800000|  0%| F|  |TAMS 0x0000000618400000| PB 0x0000000618400000| Untracked 
|  53|0x0000000618800000, 0x0000000618800000, 0x0000000618c00000|  0%| F|  |TAMS 0x0000000618800000| PB 0x0000000618800000| Untracked 
|  54|0x0000000618c00000, 0x0000000618c00000, 0x0000000619000000|  0%| F|  |TAMS 0x0000000618c00000| PB 0x0000000618c00000| Untracked 
|  55|0x0000000619000000, 0x0000000619000000, 0x0000000619400000|  0%| F|  |TAMS 0x0000000619000000| PB 0x0000000619000000| Untracked 
|  56|0x0000000619400000, 0x0000000619400000, 0x0000000619800000|  0%| F|  |TAMS 0x0000000619400000| PB 0x0000000619400000| Untracked 
|  57|0x0000000619800000, 0x0000000619800000, 0x0000000619c00000|  0%| F|  |TAMS 0x0000000619800000| PB 0x0000000619800000| Untracked 
|  58|0x0000000619c00000, 0x0000000619c00000, 0x000000061a000000|  0%| F|  |TAMS 0x0000000619c00000| PB 0x0000000619c00000| Untracked 
|  59|0x000000061a000000, 0x000000061a000000, 0x000000061a400000|  0%| F|  |TAMS 0x000000061a000000| PB 0x000000061a000000| Untracked 
|  60|0x000000061a400000, 0x000000061a400000, 0x000000061a800000|  0%| F|  |TAMS 0x000000061a400000| PB 0x000000061a400000| Untracked 
|  61|0x000000061a800000, 0x000000061a800000, 0x000000061ac00000|  0%| F|  |TAMS 0x000000061a800000| PB 0x000000061a800000| Untracked 
|  62|0x000000061ac00000, 0x000000061ac00000, 0x000000061b000000|  0%| F|  |TAMS 0x000000061ac00000| PB 0x000000061ac00000| Untracked 
|  63|0x000000061b000000, 0x000000061b000000, 0x000000061b400000|  0%| F|  |TAMS 0x000000061b000000| PB 0x000000061b000000| Untracked 
|  64|0x000000061b400000, 0x000000061b400000, 0x000000061b800000|  0%| F|  |TAMS 0x000000061b400000| PB 0x000000061b400000| Untracked 
|  65|0x000000061b800000, 0x000000061b800000, 0x000000061bc00000|  0%| F|  |TAMS 0x000000061b800000| PB 0x000000061b800000| Untracked 
|  66|0x000000061bc00000, 0x000000061bc00000, 0x000000061c000000|  0%| F|  |TAMS 0x000000061bc00000| PB 0x000000061bc00000| Untracked 
|  67|0x000000061c000000, 0x000000061c000000, 0x000000061c400000|  0%| F|  |TAMS 0x000000061c000000| PB 0x000000061c000000| Untracked 
|  68|0x000000061c400000, 0x000000061c400000, 0x000000061c800000|  0%| F|  |TAMS 0x000000061c400000| PB 0x000000061c400000| Untracked 
|  69|0x000000061c800000, 0x000000061c800000, 0x000000061cc00000|  0%| F|  |TAMS 0x000000061c800000| PB 0x000000061c800000| Untracked 
|  70|0x000000061cc00000, 0x000000061cc00000, 0x000000061d000000|  0%| F|  |TAMS 0x000000061cc00000| PB 0x000000061cc00000| Untracked 
|  71|0x000000061d000000, 0x000000061d000000, 0x000000061d400000|  0%| F|  |TAMS 0x000000061d000000| PB 0x000000061d000000| Untracked 
|  72|0x000000061d400000, 0x000000061d400000, 0x000000061d800000|  0%| F|  |TAMS 0x000000061d400000| PB 0x000000061d400000| Untracked 
|  73|0x000000061d800000, 0x000000061d800000, 0x000000061dc00000|  0%| F|  |TAMS 0x000000061d800000| PB 0x000000061d800000| Untracked 
|  74|0x000000061dc00000, 0x000000061dc00000, 0x000000061e000000|  0%| F|  |TAMS 0x000000061dc00000| PB 0x000000061dc00000| Untracked 
|  75|0x000000061e000000, 0x000000061e000000, 0x000000061e400000|  0%| F|  |TAMS 0x000000061e000000| PB 0x000000061e000000| Untracked 
|  76|0x000000061e400000, 0x000000061e400000, 0x000000061e800000|  0%| F|  |TAMS 0x000000061e400000| PB 0x000000061e400000| Untracked 
|  77|0x000000061e800000, 0x000000061e800000, 0x000000061ec00000|  0%| F|  |TAMS 0x000000061e800000| PB 0x000000061e800000| Untracked 
|  78|0x000000061ec00000, 0x000000061ec00000, 0x000000061f000000|  0%| F|  |TAMS 0x000000061ec00000| PB 0x000000061ec00000| Untracked 
|  79|0x000000061f000000, 0x000000061f000000, 0x000000061f400000|  0%| F|  |TAMS 0x000000061f000000| PB 0x000000061f000000| Untracked 
|  80|0x000000061f400000, 0x000000061f400000, 0x000000061f800000|  0%| F|  |TAMS 0x000000061f400000| PB 0x000000061f400000| Untracked 
|  81|0x000000061f800000, 0x000000061f800000, 0x000000061fc00000|  0%| F|  |TAMS 0x000000061f800000| PB 0x000000061f800000| Untracked 
|  82|0x000000061fc00000, 0x000000061fc00000, 0x0000000620000000|  0%| F|  |TAMS 0x000000061fc00000| PB 0x000000061fc00000| Untracked 
|  83|0x0000000620000000, 0x0000000620000000, 0x0000000620400000|  0%| F|  |TAMS 0x0000000620000000| PB 0x0000000620000000| Untracked 
|  84|0x0000000620400000, 0x0000000620400000, 0x0000000620800000|  0%| F|  |TAMS 0x0000000620400000| PB 0x0000000620400000| Untracked 
|  85|0x0000000620800000, 0x0000000620800000, 0x0000000620c00000|  0%| F|  |TAMS 0x0000000620800000| PB 0x0000000620800000| Untracked 
|  86|0x0000000620c00000, 0x0000000620c00000, 0x0000000621000000|  0%| F|  |TAMS 0x0000000620c00000| PB 0x0000000620c00000| Untracked 
|  87|0x0000000621000000, 0x0000000621000000, 0x0000000621400000|  0%| F|  |TAMS 0x0000000621000000| PB 0x0000000621000000| Untracked 
|  88|0x0000000621400000, 0x0000000621400000, 0x0000000621800000|  0%| F|  |TAMS 0x0000000621400000| PB 0x0000000621400000| Untracked 
|  89|0x0000000621800000, 0x0000000621800000, 0x0000000621c00000|  0%| F|  |TAMS 0x0000000621800000| PB 0x0000000621800000| Untracked 
|  90|0x0000000621c00000, 0x0000000621c00000, 0x0000000622000000|  0%| F|  |TAMS 0x0000000621c00000| PB 0x0000000621c00000| Untracked 
|  91|0x0000000622000000, 0x0000000622000000, 0x0000000622400000|  0%| F|  |TAMS 0x0000000622000000| PB 0x0000000622000000| Untracked 
|  92|0x0000000622400000, 0x0000000622400000, 0x0000000622800000|  0%| F|  |TAMS 0x0000000622400000| PB 0x0000000622400000| Untracked 
|  93|0x0000000622800000, 0x0000000622800000, 0x0000000622c00000|  0%| F|  |TAMS 0x0000000622800000| PB 0x0000000622800000| Untracked 
|  94|0x0000000622c00000, 0x0000000622c00000, 0x0000000623000000|  0%| F|  |TAMS 0x0000000622c00000| PB 0x0000000622c00000| Untracked 
|  95|0x0000000623000000, 0x0000000623000000, 0x0000000623400000|  0%| F|  |TAMS 0x0000000623000000| PB 0x0000000623000000| Untracked 
|  96|0x0000000623400000, 0x0000000623400000, 0x0000000623800000|  0%| F|  |TAMS 0x0000000623400000| PB 0x0000000623400000| Untracked 
|  97|0x0000000623800000, 0x0000000623800000, 0x0000000623c00000|  0%| F|  |TAMS 0x0000000623800000| PB 0x0000000623800000| Untracked 
|  98|0x0000000623c00000, 0x0000000623c00000, 0x0000000624000000|  0%| F|  |TAMS 0x0000000623c00000| PB 0x0000000623c00000| Untracked 
|  99|0x0000000624000000, 0x0000000624000000, 0x0000000624400000|  0%| F|  |TAMS 0x0000000624000000| PB 0x0000000624000000| Untracked 
| 100|0x0000000624400000, 0x0000000624400000, 0x0000000624800000|  0%| F|  |TAMS 0x0000000624400000| PB 0x0000000624400000| Untracked 
| 101|0x0000000624800000, 0x0000000624800000, 0x0000000624c00000|  0%| F|  |TAMS 0x0000000624800000| PB 0x0000000624800000| Untracked 
| 102|0x0000000624c00000, 0x0000000624c00000, 0x0000000625000000|  0%| F|  |TAMS 0x0000000624c00000| PB 0x0000000624c00000| Untracked 
| 103|0x0000000625000000, 0x0000000625000000, 0x0000000625400000|  0%| F|  |TAMS 0x0000000625000000| PB 0x0000000625000000| Untracked 
| 104|0x0000000625400000, 0x0000000625400000, 0x0000000625800000|  0%| F|  |TAMS 0x0000000625400000| PB 0x0000000625400000| Untracked 
| 105|0x0000000625800000, 0x0000000625800000, 0x0000000625c00000|  0%| F|  |TAMS 0x0000000625800000| PB 0x0000000625800000| Untracked 
| 106|0x0000000625c00000, 0x0000000625c00000, 0x0000000626000000|  0%| F|  |TAMS 0x0000000625c00000| PB 0x0000000625c00000| Untracked 
| 107|0x0000000626000000, 0x0000000626000000, 0x0000000626400000|  0%| F|  |TAMS 0x0000000626000000| PB 0x0000000626000000| Untracked 
| 108|0x0000000626400000, 0x0000000626400000, 0x0000000626800000|  0%| F|  |TAMS 0x0000000626400000| PB 0x0000000626400000| Untracked 
| 109|0x0000000626800000, 0x0000000626800000, 0x0000000626c00000|  0%| F|  |TAMS 0x0000000626800000| PB 0x0000000626800000| Untracked 
| 110|0x0000000626c00000, 0x0000000626c00000, 0x0000000627000000|  0%| F|  |TAMS 0x0000000626c00000| PB 0x0000000626c00000| Untracked 
| 111|0x0000000627000000, 0x0000000627000000, 0x0000000627400000|  0%| F|  |TAMS 0x0000000627000000| PB 0x0000000627000000| Untracked 
| 112|0x0000000627400000, 0x0000000627400000, 0x0000000627800000|  0%| F|  |TAMS 0x0000000627400000| PB 0x0000000627400000| Untracked 
| 113|0x0000000627800000, 0x0000000627800000, 0x0000000627c00000|  0%| F|  |TAMS 0x0000000627800000| PB 0x0000000627800000| Untracked 
| 114|0x0000000627c00000, 0x0000000627c00000, 0x0000000628000000|  0%| F|  |TAMS 0x0000000627c00000| PB 0x0000000627c00000| Untracked 
| 115|0x0000000628000000, 0x0000000628000000, 0x0000000628400000|  0%| F|  |TAMS 0x0000000628000000| PB 0x0000000628000000| Untracked 
| 116|0x0000000628400000, 0x0000000628400000, 0x0000000628800000|  0%| F|  |TAMS 0x0000000628400000| PB 0x0000000628400000| Untracked 
| 117|0x0000000628800000, 0x0000000628800000, 0x0000000628c00000|  0%| F|  |TAMS 0x0000000628800000| PB 0x0000000628800000| Untracked 
| 118|0x0000000628c00000, 0x0000000628c00000, 0x0000000629000000|  0%| F|  |TAMS 0x0000000628c00000| PB 0x0000000628c00000| Untracked 
| 119|0x0000000629000000, 0x0000000629000000, 0x0000000629400000|  0%| F|  |TAMS 0x0000000629000000| PB 0x0000000629000000| Untracked 
| 120|0x0000000629400000, 0x0000000629800000, 0x0000000629800000|100%| E|CS|TAMS 0x0000000629400000| PB 0x0000000629400000| Complete 
| 121|0x0000000629800000, 0x0000000629c00000, 0x0000000629c00000|100%| E|  |TAMS 0x0000000629800000| PB 0x0000000629800000| Complete 
| 122|0x0000000629c00000, 0x000000062a000000, 0x000000062a000000|100%| E|CS|TAMS 0x0000000629c00000| PB 0x0000000629c00000| Complete 
| 123|0x000000062a000000, 0x000000062a400000, 0x000000062a400000|100%| E|CS|TAMS 0x000000062a000000| PB 0x000000062a000000| Complete 
| 124|0x000000062a400000, 0x000000062a800000, 0x000000062a800000|100%| E|CS|TAMS 0x000000062a400000| PB 0x000000062a400000| Complete 
| 125|0x000000062a800000, 0x000000062ac00000, 0x000000062ac00000|100%| E|CS|TAMS 0x000000062a800000| PB 0x000000062a800000| Complete 

Card table byte_map: [0x00000273fb1c0000,0x00000273fc170000] _byte_map_base: 0x00000273f8166000

Marking Bits: (CMBitMap*) 0x00000273f9945740
 Bits: [0x0000027398a30000, 0x00000273a0760000)

Polling page: 0x00000273f7630000

Metaspace:

Usage:
  Non-class:      5.51 MB used.
      Class:    669.68 KB used.
       Both:      6.16 MB used.

Virtual space:
  Non-class space:       64.00 MB reserved,       5.69 MB (  9%) committed,  1 nodes.
      Class space:        1.00 GB reserved,     768.00 KB ( <1%) committed,  1 nodes.
             Both:        1.06 GB reserved,       6.44 MB ( <1%) committed. 

Chunk freelists:
   Non-Class:  10.18 MB
       Class:  15.20 MB
        Both:  25.37 MB

MaxMetaspaceSize: unlimited
CompressedClassSpaceSize: 1.00 GB
Initial GC threshold: 21.00 MB
Current GC threshold: 21.00 MB
CDS: on
 - commit_granule_bytes: 65536.
 - commit_granule_words: 8192.
 - virtual_space_node_default_size: 8388608.
 - enlarge_chunks_in_place: 1.
 - use_allocation_guard: 0.


Internal statistics:

num_allocs_failed_limit: 0.
num_arena_births: 168.
num_arena_deaths: 0.
num_vsnodes_births: 2.
num_vsnodes_deaths: 0.
num_space_committed: 103.
num_space_uncommitted: 0.
num_chunks_returned_to_freelist: 0.
num_chunks_taken_from_freelist: 259.
num_chunk_merges: 0.
num_chunk_splits: 167.
num_chunks_enlarged: 99.
num_inconsistent_stats: 0.

CodeHeap 'non-profiled nmethods': size=119168Kb used=561Kb max_used=561Kb free=118606Kb
 bounds [0x00000273915d0000, 0x0000027391840000, 0x0000027398a30000]
CodeHeap 'profiled nmethods': size=119104Kb used=2615Kb max_used=2615Kb free=116488Kb
 bounds [0x0000027389a30000, 0x0000027389cc0000, 0x0000027390e80000]
CodeHeap 'non-nmethods': size=7488Kb used=3160Kb max_used=3180Kb free=4327Kb
 bounds [0x0000027390e80000, 0x00000273911a0000, 0x00000273915d0000]
CodeCache: size=245760Kb, used=6336Kb, max_used=6356Kb, free=239421Kb
 total_blobs=2088, nmethods=1576, adapters=413, full_count=0
Compilation: enabled, stopped_count=0, restarted_count=0

Compilation events (20 events):
Event: 0.514 Thread 0x00000273a07b6ad0 1429       3       jdk.internal.util.xml.impl.Parser::del (40 bytes)
Event: 0.514 Thread 0x00000273a07b5d30 nmethod 1427 0x0000027389c60390 code [0x0000027389c60560, 0x0000027389c608b8]
Event: 0.515 Thread 0x00000273a07b6ad0 nmethod 1429 0x0000027389c60a10 code [0x0000027389c60bc0, 0x0000027389c60e80]
Event: 0.515 Thread 0x00000273a07b71a0 nmethod 1428 0x0000027389c60f10 code [0x0000027389c611a0, 0x0000027389c61e10]
Event: 0.515 Thread 0x00000273a07b5d30 1430       3       java.util.Locale::getDefault (4 bytes)
Event: 0.515 Thread 0x00000273a07b6ad0 1431       3       java.lang.String::toLowerCase (8 bytes)
Event: 0.515 Thread 0x00000273a07b5d30 nmethod 1430 0x0000027389c62310 code [0x0000027389c624a0, 0x0000027389c625a0]
Event: 0.515 Thread 0x00000273a07b5660 nmethod 1425 0x0000027391657d10 code [0x0000027391657ea0, 0x0000027391657f88]
Event: 0.515 Thread 0x00000273a07b5d30 1442       3       jdk.internal.util.xml.impl.Parser::bqstr (462 bytes)
Event: 0.515 Thread 0x00000273a07b71a0 1440       3       java.lang.AbstractStringBuilder::appendChars (130 bytes)
Event: 0.515 Thread 0x00000273a07b6ad0 nmethod 1431 0x0000027389c62610 code [0x0000027389c62800, 0x0000027389c62b90]
Event: 0.516 Thread 0x00000273a07b5660 1435       4       java.lang.Class::getClassLoader (28 bytes)
Event: 0.516 Thread 0x00000273a07b6ad0 1438       3       jdk.internal.util.xml.impl.Parser::qname (37 bytes)
Event: 0.516 Thread 0x00000273a07b6ad0 nmethod 1438 0x0000027389c62c90 code [0x0000027389c62e60, 0x0000027389c63118]
Event: 0.516 Thread 0x00000273a07b71a0 nmethod 1440 0x0000027389c63210 code [0x0000027389c63420, 0x0000027389c63990]
Event: 0.516 Thread 0x00000273a07b6ad0 1439       3       jdk.internal.util.xml.impl.Pair::local (63 bytes)
Event: 0.516 Thread 0x00000273a07b71a0 1441       3       jdk.internal.util.xml.impl.Parser::attr (500 bytes)
Event: 0.517 Thread 0x00000273a07b6ad0 nmethod 1439 0x0000027389c63c10 code [0x0000027389c63de0, 0x0000027389c640c8]
Event: 0.517 Thread 0x00000273a07b8610 nmethod 1423 0x0000027389c64210 code [0x0000027389c64880, 0x0000027389c67df0]
Event: 0.517 Thread 0x00000273a07b6ad0 1447       3       jdk.jfr.internal.jfc.model.Parser$ConfigurationHandler::characters (12 bytes)

GC Heap History (0 events):
No events

Dll operation events (20 events):
Event: 0.363 Loaded shared library D:\Dev\JDK\openlogic-openjdk-21.0.9+10-windows-x64\bin\api-ms-win-crt-locale-l1-1-0.dll
Event: 0.364 Loaded shared library D:\Dev\JDK\openlogic-openjdk-21.0.9+10-windows-x64\bin\api-ms-win-crt-math-l1-1-0.dll
Event: 0.365 Loaded shared library D:\Dev\JDK\openlogic-openjdk-21.0.9+10-windows-x64\bin\api-ms-win-crt-multibyte-l1-1-0.dll
Event: 0.367 Loaded shared library D:\Dev\JDK\openlogic-openjdk-21.0.9+10-windows-x64\bin\api-ms-win-crt-private-l1-1-0.dll
Event: 0.368 Loaded shared library D:\Dev\JDK\openlogic-openjdk-21.0.9+10-windows-x64\bin\api-ms-win-crt-process-l1-1-0.dll
Event: 0.369 Loaded shared library D:\Dev\JDK\openlogic-openjdk-21.0.9+10-windows-x64\bin\api-ms-win-crt-runtime-l1-1-0.dll
Event: 0.371 Loaded shared library D:\Dev\JDK\openlogic-openjdk-21.0.9+10-windows-x64\bin\api-ms-win-crt-stdio-l1-1-0.dll
Event: 0.373 Loaded shared library D:\Dev\JDK\openlogic-openjdk-21.0.9+10-windows-x64\bin\api-ms-win-crt-string-l1-1-0.dll
Event: 0.374 Loaded shared library D:\Dev\JDK\openlogic-openjdk-21.0.9+10-windows-x64\bin\api-ms-win-crt-time-l1-1-0.dll
Event: 0.376 Loaded shared library D:\Dev\JDK\openlogic-openjdk-21.0.9+10-windows-x64\bin\api-ms-win-crt-utility-l1-1-0.dll
Event: 0.378 Loaded shared library D:\Dev\JDK\openlogic-openjdk-21.0.9+10-windows-x64\bin\ucrtbase.dll
Event: 0.379 Loaded shared library D:\Dev\JDK\openlogic-openjdk-21.0.9+10-windows-x64\bin\vcruntime140.dll
Event: 0.379 Loaded shared library D:\Dev\JDK\openlogic-openjdk-21.0.9+10-windows-x64\bin\vcruntime140_1.dll
Event: 0.380 Loaded shared library D:\Dev\JDK\openlogic-openjdk-21.0.9+10-windows-x64\bin\msvcp140.dll
Event: 0.381 Loaded shared library D:\Dev\JDK\openlogic-openjdk-21.0.9+10-windows-x64\bin\msvcp140_1.dll
Event: 0.383 Loaded shared library D:\Dev\JDK\openlogic-openjdk-21.0.9+10-windows-x64\bin\msvcp140_2.dll
Event: 0.413 Loaded shared library D:\Dev\JDK\openlogic-openjdk-21.0.9+10-windows-x64\bin\management.dll
Event: 0.423 Loaded shared library D:\Dev\JDK\openlogic-openjdk-21.0.9+10-windows-x64\bin\prism_d3d.dll
Event: 0.424 Loaded shared library D:\Dev\JDK\openlogic-openjdk-21.0.9+10-windows-x64\bin\management_ext.dll
Event: 0.499 Loaded shared library D:\Dev\JDK\openlogic-openjdk-21.0.9+10-windows-x64\bin\glass.dll

Deoptimization events (20 events):
Event: 0.465 Thread 0x00000273a078afc0 Uncommon trap: trap_request=0xffffff45 fr.pc=0x0000027391636718 relative=0x0000000000000358
Event: 0.465 Thread 0x00000273a078afc0 Uncommon trap: reason=unstable_if action=reinterpret pc=0x0000027391636718 method=java.lang.StringLatin1.indexOf([BI[BII)I @ 80 c2
Event: 0.465 Thread 0x00000273a078afc0 DEOPT PACKING pc=0x0000027391636718 sp=0x000000b7f2cfe2c0
Event: 0.465 Thread 0x00000273a078afc0 DEOPT UNPACKING pc=0x0000027390ed7ba2 sp=0x000000b7f2cfe248 mode 2
Event: 0.490 Thread 0x00000273f98dc340 Uncommon trap: trap_request=0xffffffc6 fr.pc=0x00000273916506a8 relative=0x0000000000001848
Event: 0.490 Thread 0x00000273f98dc340 Uncommon trap: reason=bimorphic_or_optimized_type_check action=maybe_recompile pc=0x00000273916506a8 method=java.util.HashMap.putVal(ILjava/lang/Object;Ljava/lang/Object;ZZ)Ljava/lang/Object; @ 56 c2
Event: 0.490 Thread 0x00000273f98dc340 DEOPT PACKING pc=0x00000273916506a8 sp=0x000000b7f21fd450
Event: 0.491 Thread 0x00000273f98dc340 DEOPT UNPACKING pc=0x0000027390ed7ba2 sp=0x000000b7f21fd3d8 mode 2
Event: 0.491 Thread 0x00000273f98dc340 Uncommon trap: trap_request=0xffffffc6 fr.pc=0x00000273916506a8 relative=0x0000000000001848
Event: 0.491 Thread 0x00000273f98dc340 Uncommon trap: reason=bimorphic_or_optimized_type_check action=maybe_recompile pc=0x00000273916506a8 method=java.util.HashMap.putVal(ILjava/lang/Object;Ljava/lang/Object;ZZ)Ljava/lang/Object; @ 56 c2
Event: 0.491 Thread 0x00000273f98dc340 DEOPT PACKING pc=0x00000273916506a8 sp=0x000000b7f21fd450
Event: 0.491 Thread 0x00000273f98dc340 DEOPT UNPACKING pc=0x0000027390ed7ba2 sp=0x000000b7f21fd3d8 mode 2
Event: 0.491 Thread 0x00000273f98dc340 Uncommon trap: trap_request=0xffffffc6 fr.pc=0x00000273916506a8 relative=0x0000000000001848
Event: 0.491 Thread 0x00000273f98dc340 Uncommon trap: reason=bimorphic_or_optimized_type_check action=maybe_recompile pc=0x00000273916506a8 method=java.util.HashMap.putVal(ILjava/lang/Object;Ljava/lang/Object;ZZ)Ljava/lang/Object; @ 56 c2
Event: 0.491 Thread 0x00000273f98dc340 DEOPT PACKING pc=0x00000273916506a8 sp=0x000000b7f21fd450
Event: 0.491 Thread 0x00000273f98dc340 DEOPT UNPACKING pc=0x0000027390ed7ba2 sp=0x000000b7f21fd3d8 mode 2
Event: 0.491 Thread 0x00000273f98dc340 Uncommon trap: trap_request=0xffffffc6 fr.pc=0x00000273916506a8 relative=0x0000000000001848
Event: 0.491 Thread 0x00000273f98dc340 Uncommon trap: reason=bimorphic_or_optimized_type_check action=maybe_recompile pc=0x00000273916506a8 method=java.util.HashMap.putVal(ILjava/lang/Object;Ljava/lang/Object;ZZ)Ljava/lang/Object; @ 56 c2
Event: 0.491 Thread 0x00000273f98dc340 DEOPT PACKING pc=0x00000273916506a8 sp=0x000000b7f21fd450
Event: 0.491 Thread 0x00000273f98dc340 DEOPT UNPACKING pc=0x0000027390ed7ba2 sp=0x000000b7f21fd3d8 mode 2

Classes loaded (20 events):
Event: 0.510 Loading class jdk/internal/util/xml/impl/Input
Event: 0.510 Loading class jdk/internal/util/xml/impl/Input done
Event: 0.510 Loading class jdk/jfr/internal/jfc/model/XmlConfiguration
Event: 0.510 Loading class jdk/jfr/internal/jfc/model/XmlElement
Event: 0.510 Loading class jdk/jfr/internal/jfc/model/XmlElement done
Event: 0.510 Loading class jdk/jfr/internal/jfc/model/XmlConfiguration done
Event: 0.510 Loading class jdk/jfr/internal/jfc/model/Utilities
Event: 0.511 Loading class jdk/jfr/internal/jfc/model/Utilities done
Event: 0.511 Loading class jdk/jfr/internal/jfc/model/XmlEvent
Event: 0.511 Loading class jdk/jfr/internal/jfc/model/XmlEvent done
Event: 0.511 Loading class jdk/jfr/internal/jfc/model/Constraint
Event: 0.511 Loading class jdk/jfr/internal/jfc/model/Constraint done
Event: 0.511 Loading class jdk/jfr/internal/jfc/model/XmlControl
Event: 0.511 Loading class jdk/jfr/internal/jfc/model/XmlControl done
Event: 0.511 Loading class jdk/jfr/internal/jfc/model/XmlSetting
Event: 0.511 Loading class jdk/jfr/internal/jfc/model/XmlSetting done
Event: 0.511 Loading class jdk/jfr/internal/jfc/model/SettingsLog
Event: 0.511 Loading class jdk/jfr/internal/jfc/model/SettingsLog done
Event: 0.515 Loading class java/lang/invoke/MethodHandle$1
Event: 0.515 Loading class java/lang/invoke/MethodHandle$1 done

Classes unloaded (0 events):
No events

Classes redefined (0 events):
No events

Internal exceptions (20 events):
Event: 0.243 Thread 0x00000273f98dc340 Exception <a 'java/lang/NoSuchMethodError'{0x0000000629df2d58}: 'void java.lang.invoke.DirectMethodHandle$Holder.invokeStatic(java.lang.Object, java.lang.Object, java.lang.Object)'> (0x0000000629df2d58) 
thrown [s\src\hotspot\share\interpreter\linkResolver.cpp, line 773]
Event: 0.248 Thread 0x00000273f98dc340 Exception <a 'java/lang/NoSuchMethodError'{0x0000000629e08e20}: 'java.lang.Object java.lang.invoke.Invokers$Holder.invokeExact_MT(java.lang.Object, java.lang.Object, java.lang.Object, java.lang.Object, java.lang.Object)'> (0x0000000629e08e20) 
thrown [s\src\hotspot\share\interpreter\linkResolver.cpp, line 773]
Event: 0.264 Thread 0x00000273e61f06f0 Exception <a 'java/lang/ClassNotFoundException'{0x0000000629e52e08}: jdk/net/ExtendedSocketOptions> (0x0000000629e52e08) 
thrown [s\src\hotspot\share\classfile\systemDictionary.cpp, line 312]
Event: 0.266 Thread 0x00000273e61f06f0 Exception <a 'java/lang/NoSuchMethodError'{0x0000000629e54578}: 'void java.lang.invoke.DirectMethodHandle$Holder.invokeStatic(java.lang.Object, java.lang.Object)'> (0x0000000629e54578) 
thrown [s\src\hotspot\share\interpreter\linkResolver.cpp, line 773]
Event: 0.270 Thread 0x00000273f98dc340 Exception <a 'java/lang/NoSuchMethodError'{0x0000000629e2fc98}: 'java.lang.Object java.lang.invoke.Invokers$Holder.invokeExact_MT(java.lang.Object, java.lang.Object, java.lang.Object, java.lang.Object, java.lang.Object, java.lang.Object)'> (0x0000000629e2fc98) 
thrown [s\src\hotspot\share\interpreter\linkResolver.cpp, line 773]
Event: 0.374 Thread 0x00000273a078afc0 Exception <a 'java/lang/NoSuchMethodError'{0x0000000629840748}: 'int java.lang.invoke.DirectMethodHandle$Holder.invokeStatic(java.lang.Object, java.lang.Object, java.lang.Object, java.lang.Object)'> (0x0000000629840748) 
thrown [s\src\hotspot\share\interpreter\linkResolver.cpp, line 773]
Event: 0.375 Thread 0x00000273a078afc0 Exception <a 'java/lang/NoSuchMethodError'{0x0000000629843a40}: 'int java.lang.invoke.DirectMethodHandle$Holder.invokeStaticInit(java.lang.Object, java.lang.Object, java.lang.Object, java.lang.Object)'> (0x0000000629843a40) 
thrown [s\src\hotspot\share\interpreter\linkResolver.cpp, line 773]
Event: 0.376 Thread 0x00000273a078afc0 Exception <a 'java/lang/IncompatibleClassChangeError'{0x000000062984bb78}: Found class java.lang.Object, but interface was expected> (0x000000062984bb78) 
thrown [s\src\hotspot\share\interpreter\linkResolver.cpp, line 840]
Event: 0.376 Thread 0x00000273a078afc0 Exception <a 'java/lang/NoSuchMethodError'{0x000000062984e3e0}: 'void java.lang.invoke.DirectMethodHandle$Holder.invokeStaticInit(java.lang.Object, java.lang.Object)'> (0x000000062984e3e0) 
thrown [s\src\hotspot\share\interpreter\linkResolver.cpp, line 773]
Event: 0.377 Thread 0x00000273a078afc0 Exception <a 'java/lang/NoSuchMethodError'{0x0000000629853618}: 'int java.lang.invoke.DirectMethodHandle$Holder.invokeStaticInit(java.lang.Object, java.lang.Object)'> (0x0000000629853618) 
thrown [s\src\hotspot\share\interpreter\linkResolver.cpp, line 773]
Event: 0.392 Thread 0x00000273a078afc0 Exception <a 'sun/nio/fs/WindowsException'{0x00000006298ddab0}> (0x00000006298ddab0) 
thrown [s\src\hotspot\share\prims\jni.cpp, line 520]
Event: 0.397 Thread 0x00000273a078afc0 Exception <a 'sun/nio/fs/WindowsException'{0x0000000629979838}> (0x0000000629979838) 
thrown [s\src\hotspot\share\prims\jni.cpp, line 520]
Event: 0.427 Thread 0x00000273a078afc0 Exception <a 'java/lang/NoSuchMethodError'{0x000000062999fca0}: 'int java.lang.invoke.DirectMethodHandle$Holder.invokeInterface(java.lang.Object, java.lang.Object)'> (0x000000062999fca0) 
thrown [s\src\hotspot\share\interpreter\linkResolver.cpp, line 773]
Event: 0.427 Thread 0x00000273a078afc0 Exception <a 'java/lang/IncompatibleClassChangeError'{0x00000006299a2cc0}: Found class java.lang.Object, but interface was expected> (0x00000006299a2cc0) 
thrown [s\src\hotspot\share\interpreter\linkResolver.cpp, line 840]
Event: 0.464 Thread 0x00000273a078afc0 Exception <a 'java/lang/NoSuchMethodError'{0x0000000629ab3488}: 'int java.lang.invoke.DirectMethodHandle$Holder.invokeSpecial(java.lang.Object, java.lang.Object, java.lang.Object)'> (0x0000000629ab3488) 
thrown [s\src\hotspot\share\interpreter\linkResolver.cpp, line 773]
Event: 0.482 Thread 0x00000273f98dc340 Exception <a 'java/lang/NoSuchMethodError'{0x0000000629939910}: 'int java.lang.invoke.DirectMethodHandle$Holder.invokeStaticInit(java.lang.Object, java.lang.Object, java.lang.Object)'> (0x0000000629939910) 
thrown [s\src\hotspot\share\interpreter\linkResolver.cpp, line 773]
Event: 0.495 Thread 0x00000273a078afc0 Exception <a 'java/lang/NoSuchMethodError'{0x0000000629bbf990}: 'java.lang.Object java.lang.invoke.DirectMethodHandle$Holder.invokeStaticInit(java.lang.Object, java.lang.Object, java.lang.Object)'> (0x0000000629bbf990) 
thrown [s\src\hotspot\share\interpreter\linkResolver.cpp, line 773]
Event: 0.500 Thread 0x00000273f98dc340 Exception <a 'java/lang/NoSuchMethodError'{0x0000000629968d10}: notifyThemeChanged> (0x0000000629968d10) 
thrown [s\src\hotspot\share\prims\jni.cpp, line 1077]
Event: 0.509 Thread 0x00000273f98dc340 Exception <a 'java/lang/NoSuchMethodError'{0x0000000629509358}: 'java.lang.Object java.lang.invoke.DirectMethodHandle$Holder.newInvokeSpecial(java.lang.Object, java.lang.Object, int, java.lang.Object)'> (0x0000000629509358) 
thrown [s\src\hotspot\share\interpreter\linkResolver.cpp, line 773]
Event: 0.510 Thread 0x00000273f98dc340 Exception <a 'java/lang/NoSuchMethodError'{0x000000062950d560}: 'java.lang.Object java.lang.invoke.DirectMethodHandle$Holder.invokeSpecial(java.lang.Object, java.lang.Object, java.lang.Object, int, java.lang.Object)'> (0x000000062950d560) 
thrown [s\src\hotspot\share\interpreter\linkResolver.cpp, line 773]

ZGC Phase Switch (0 events):
No events

VM Operations (12 events):
Event: 0.095 Executing VM operation: HandshakeAllThreads (Deoptimize)
Event: 0.095 Executing VM operation: HandshakeAllThreads (Deoptimize) done
Event: 0.122 Executing VM operation: HandshakeAllThreads (Deoptimize)
Event: 0.122 Executing VM operation: HandshakeAllThreads (Deoptimize) done
Event: 0.205 Executing VM operation: HandshakeAllThreads (Deoptimize)
Event: 0.205 Executing VM operation: HandshakeAllThreads (Deoptimize) done
Event: 0.253 Executing VM operation: ICBufferFull
Event: 0.253 Executing VM operation: ICBufferFull done
Event: 0.275 Executing VM operation: HandshakeAllThreads (Deoptimize)
Event: 0.275 Executing VM operation: HandshakeAllThreads (Deoptimize) done
Event: 0.490 Executing VM operation: HandshakeAllThreads (Deoptimize)
Event: 0.490 Executing VM operation: HandshakeAllThreads (Deoptimize) done

Memory protections (0 events):
No events

Nmethod flushes (0 events):
No events

Events (20 events):
Event: 0.037 Thread 0x00000273f98dc340 Thread added: 0x00000273a078a960
Event: 0.037 Thread 0x00000273f98dc340 Thread added: 0x00000273a078afc0
Event: 0.037 Thread 0x00000273f98dc340 Thread added: 0x00000273a078fbe0
Event: 0.037 Thread 0x00000273f98dc340 Thread added: 0x00000273a07903f0
Event: 0.037 Thread 0x00000273f98dc340 Thread added: 0x00000273a07a10f0
Event: 0.037 Thread 0x00000273f98dc340 Thread added: 0x00000273a07b71a0
Event: 0.040 Thread 0x00000273a07b71a0 Thread added: 0x00000273a07b5d30
Event: 0.040 Thread 0x00000273a07b71a0 Thread added: 0x00000273a07b6ad0
Event: 0.040 Thread 0x00000273a07b71a0 Thread added: 0x00000273a07b8610
Event: 0.072 Thread 0x00000273f98dc340 Thread added: 0x00000273a08dfb30
Event: 0.104 Thread 0x00000273a07b6ad0 Thread added: 0x00000273a07b4f90
Event: 0.110 Thread 0x00000273a07b8610 Thread added: 0x00000273a07b6400
Event: 0.113 Thread 0x00000273a07b5d30 Thread added: 0x00000273a07b7870
Event: 0.151 Thread 0x00000273a07b5d30 Thread added: 0x00000273a07b7f40
Event: 0.215 Thread 0x00000273a07b8610 Thread added: 0x00000273a07b5660
Event: 0.253 Thread 0x00000273f98dc340 Thread added: 0x00000273e61f06f0
Event: 0.253 Thread 0x00000273f98dc340 Thread added: 0x00000273a095b130
Event: 0.416 Thread 0x00000273f98dc340 Thread added: 0x00000273e68220a0
Event: 0.506 Thread 0x00000273f98dc340 Thread added: 0x00000273e6af5d40
Event: 0.511 Thread 0x00000273f98dc340 Thread added: 0x00000273e6b8ca80


Dynamic libraries:
0x00007ff65f320000 - 0x00007ff65f32e000 	D:\Dev\JDK\openlogic-openjdk-21.0.9+10-windows-x64\bin\java.exe
0x00007ffa7bf40000 - 0x00007ffa7c1a6000 	C:\WINDOWS\SYSTEM32\ntdll.dll
0x00007ffa7ad30000 - 0x00007ffa7adf9000 	C:\WINDOWS\System32\KERNEL32.DLL
0x00007ffa79800000 - 0x00007ffa79bfa000 	C:\WINDOWS\System32\KERNELBASE.dll
0x00007ffa791d0000 - 0x00007ffa7931c000 	C:\WINDOWS\System32\ucrtbase.dll
0x00007ffa5aa90000 - 0x00007ffa5aaab000 	D:\Dev\JDK\openlogic-openjdk-21.0.9+10-windows-x64\bin\VCRUNTIME140.dll
0x00007ffa62a30000 - 0x00007ffa62a48000 	D:\Dev\JDK\openlogic-openjdk-21.0.9+10-windows-x64\bin\jli.dll
0x00007ffa7a910000 - 0x00007ffa7aad7000 	C:\WINDOWS\System32\USER32.dll
0x00007ffa6d0c0000 - 0x00007ffa6d352000 	C:\WINDOWS\WinSxS\amd64_microsoft.windows.common-controls_6595b64144ccf1df_6.0.26100.8521_none_3e08b75ce33403b3\COMCTL32.dll
0x00007ffa7b290000 - 0x00007ffa7b339000 	C:\WINDOWS\System32\msvcrt.dll
0x00007ffa79720000 - 0x00007ffa79747000 	C:\WINDOWS\System32\win32u.dll
0x00007ffa7ae60000 - 0x00007ffa7ae8b000 	C:\WINDOWS\System32\GDI32.dll
0x00007ffa79320000 - 0x00007ffa7944b000 	C:\WINDOWS\System32\gdi32full.dll
0x00007ffa79750000 - 0x00007ffa797f3000 	C:\WINDOWS\System32\msvcp_win.dll
0x00007ffa7acf0000 - 0x00007ffa7ad22000 	C:\WINDOWS\System32\IMM32.DLL
0x00007ffa53a10000 - 0x00007ffa53b02000 	C:\Program Files\Windhawk\Engine\1.7.3\64\windhawk.dll
0x00007ffa7a2b0000 - 0x00007ffa7a366000 	C:\WINDOWS\System32\ADVAPI32.dll
0x00007ffa7af10000 - 0x00007ffa7afba000 	C:\WINDOWS\System32\sechost.dll
0x00007ffa7a190000 - 0x00007ffa7a2a8000 	C:\WINDOWS\System32\RPCRT4.dll
0x00007ffa5c400000 - 0x00007ffa5c40c000 	D:\Dev\JDK\openlogic-openjdk-21.0.9+10-windows-x64\bin\vcruntime140_1.dll
0x00007ffa48130000 - 0x00007ffa481be000 	D:\Dev\JDK\openlogic-openjdk-21.0.9+10-windows-x64\bin\msvcp140.dll
0x00007ff9db0b0000 - 0x00007ff9dbe58000 	D:\Dev\JDK\openlogic-openjdk-21.0.9+10-windows-x64\bin\server\jvm.dll
0x00007ffa7b1e0000 - 0x00007ffa7b260000 	C:\WINDOWS\System32\WS2_32.dll
0x00007ffa78a30000 - 0x00007ffa78a8e000 	C:\WINDOWS\SYSTEM32\POWRPROF.dll
0x00007ffa65f20000 - 0x00007ffa65f56000 	C:\WINDOWS\SYSTEM32\WINMM.dll
0x00007ffa713d0000 - 0x00007ffa713db000 	C:\WINDOWS\SYSTEM32\VERSION.dll
0x00007ffa78a10000 - 0x00007ffa78a24000 	C:\WINDOWS\SYSTEM32\UMPDC.dll
0x00007ffa77f20000 - 0x00007ffa77f3b000 	C:\WINDOWS\SYSTEM32\kernel.appcore.dll
0x00007ffa4dc20000 - 0x00007ffa4dc2a000 	D:\Dev\JDK\openlogic-openjdk-21.0.9+10-windows-x64\bin\jimage.dll
0x00007ffa6fc00000 - 0x00007ffa6fe42000 	C:\WINDOWS\SYSTEM32\DBGHELP.DLL
0x00007ffa79cb0000 - 0x00007ffa7a033000 	C:\WINDOWS\System32\combase.dll
0x00007ffa7a0b0000 - 0x00007ffa7a189000 	C:\WINDOWS\System32\OLEAUT32.dll
0x00007ffa58d10000 - 0x00007ffa58d4b000 	C:\WINDOWS\SYSTEM32\dbgcore.DLL
0x00007ffa79c00000 - 0x00007ffa79ca8000 	C:\WINDOWS\System32\bcryptPrimitives.dll
0x00007ffa49ac0000 - 0x00007ffa49ace000 	D:\Dev\JDK\openlogic-openjdk-21.0.9+10-windows-x64\bin\instrument.dll
0x00007ffa49a00000 - 0x00007ffa49a1f000 	D:\Dev\JDK\openlogic-openjdk-21.0.9+10-windows-x64\bin\java.dll
0x00007ffa7b560000 - 0x00007ffa7bce4000 	C:\WINDOWS\System32\SHELL32.dll
0x00007ffa76d60000 - 0x00007ffa775e0000 	C:\WINDOWS\SYSTEM32\windows.storage.dll
0x00007ffa7aae0000 - 0x00007ffa7abd6000 	C:\WINDOWS\System32\SHCORE.dll
0x00007ffa7a040000 - 0x00007ffa7a0a7000 	C:\WINDOWS\System32\shlwapi.dll
0x00007ffa790f0000 - 0x00007ffa79119000 	C:\WINDOWS\SYSTEM32\profapi.dll
0x00007ffa2e2d0000 - 0x00007ffa2e3a6000 	D:\Dev\JDK\openlogic-openjdk-21.0.9+10-windows-x64\bin\jsvml.dll
0x00007ffa4dc10000 - 0x00007ffa4dc20000 	D:\Dev\JDK\openlogic-openjdk-21.0.9+10-windows-x64\bin\net.dll
0x00007ffa72600000 - 0x00007ffa72729000 	C:\WINDOWS\SYSTEM32\WINHTTP.dll
0x00007ffa78470000 - 0x00007ffa784dc000 	C:\WINDOWS\system32\mswsock.dll
0x00007ffa499e0000 - 0x00007ffa499f6000 	D:\Dev\JDK\openlogic-openjdk-21.0.9+10-windows-x64\bin\nio.dll
0x00007ffa494d0000 - 0x00007ffa494e8000 	D:\Dev\JDK\openlogic-openjdk-21.0.9+10-windows-x64\bin\zip.dll
0x00000273a0b70000 - 0x00000273a0b73000 	D:\Dev\JDK\openlogic-openjdk-21.0.9+10-windows-x64\bin\api-ms-win-core-console-l1-1-0.dll
0x00000273a0b80000 - 0x00000273a0b83000 	D:\Dev\JDK\openlogic-openjdk-21.0.9+10-windows-x64\bin\api-ms-win-core-datetime-l1-1-0.dll
0x00000273a0b90000 - 0x00000273a0b93000 	D:\Dev\JDK\openlogic-openjdk-21.0.9+10-windows-x64\bin\api-ms-win-core-debug-l1-1-0.dll
0x00000273a0ba0000 - 0x00000273a0ba3000 	D:\Dev\JDK\openlogic-openjdk-21.0.9+10-windows-x64\bin\api-ms-win-core-errorhandling-l1-1-0.dll
0x00000273a0bb0000 - 0x00000273a0bb4000 	D:\Dev\JDK\openlogic-openjdk-21.0.9+10-windows-x64\bin\api-ms-win-core-file-l1-1-0.dll
0x00000273a0bc0000 - 0x00000273a0bc3000 	D:\Dev\JDK\openlogic-openjdk-21.0.9+10-windows-x64\bin\api-ms-win-core-file-l1-2-0.dll
0x00000273a0bd0000 - 0x00000273a0bd3000 	D:\Dev\JDK\openlogic-openjdk-21.0.9+10-windows-x64\bin\api-ms-win-core-file-l2-1-0.dll
0x00000273a0be0000 - 0x00000273a0be3000 	D:\Dev\JDK\openlogic-openjdk-21.0.9+10-windows-x64\bin\api-ms-win-core-handle-l1-1-0.dll
0x00000273a0bf0000 - 0x00000273a0bf3000 	D:\Dev\JDK\openlogic-openjdk-21.0.9+10-windows-x64\bin\api-ms-win-core-heap-l1-1-0.dll
0x00000273a0c00000 - 0x00000273a0c03000 	D:\Dev\JDK\openlogic-openjdk-21.0.9+10-windows-x64\bin\api-ms-win-core-interlocked-l1-1-0.dll
0x00000273a0c10000 - 0x00000273a0c13000 	D:\Dev\JDK\openlogic-openjdk-21.0.9+10-windows-x64\bin\api-ms-win-core-libraryloader-l1-1-0.dll
0x00000273a0c20000 - 0x00000273a0c23000 	D:\Dev\JDK\openlogic-openjdk-21.0.9+10-windows-x64\bin\api-ms-win-core-localization-l1-2-0.dll
0x00000273a0c30000 - 0x00000273a0c33000 	D:\Dev\JDK\openlogic-openjdk-21.0.9+10-windows-x64\bin\api-ms-win-core-memory-l1-1-0.dll
0x00000273a0c40000 - 0x00000273a0c43000 	D:\Dev\JDK\openlogic-openjdk-21.0.9+10-windows-x64\bin\api-ms-win-core-namedpipe-l1-1-0.dll
0x00000273a0c50000 - 0x00000273a0c53000 	D:\Dev\JDK\openlogic-openjdk-21.0.9+10-windows-x64\bin\api-ms-win-core-processenvironment-l1-1-0.dll
0x00000273a0c60000 - 0x00000273a0c63000 	D:\Dev\JDK\openlogic-openjdk-21.0.9+10-windows-x64\bin\api-ms-win-core-processthreads-l1-1-0.dll
0x00000273a0c70000 - 0x00000273a0c73000 	D:\Dev\JDK\openlogic-openjdk-21.0.9+10-windows-x64\bin\api-ms-win-core-processthreads-l1-1-1.dll
0x00000273a0c80000 - 0x00000273a0c83000 	D:\Dev\JDK\openlogic-openjdk-21.0.9+10-windows-x64\bin\api-ms-win-core-profile-l1-1-0.dll
0x00000273a0c90000 - 0x00000273a0c93000 	D:\Dev\JDK\openlogic-openjdk-21.0.9+10-windows-x64\bin\api-ms-win-core-rtlsupport-l1-1-0.dll
0x00000273a0ca0000 - 0x00000273a0ca3000 	D:\Dev\JDK\openlogic-openjdk-21.0.9+10-windows-x64\bin\api-ms-win-core-string-l1-1-0.dll
0x00000273a0cb0000 - 0x00000273a0cb3000 	D:\Dev\JDK\openlogic-openjdk-21.0.9+10-windows-x64\bin\api-ms-win-core-synch-l1-1-0.dll
0x00000273a0cc0000 - 0x00000273a0cc3000 	D:\Dev\JDK\openlogic-openjdk-21.0.9+10-windows-x64\bin\api-ms-win-core-synch-l1-2-0.dll
0x00000273a0cd0000 - 0x00000273a0cd3000 	D:\Dev\JDK\openlogic-openjdk-21.0.9+10-windows-x64\bin\api-ms-win-core-sysinfo-l1-1-0.dll
0x00000273a0ce0000 - 0x00000273a0ce3000 	D:\Dev\JDK\openlogic-openjdk-21.0.9+10-windows-x64\bin\api-ms-win-core-timezone-l1-1-0.dll
0x00000273a0cf0000 - 0x00000273a0cf3000 	D:\Dev\JDK\openlogic-openjdk-21.0.9+10-windows-x64\bin\api-ms-win-core-util-l1-1-0.dll
0x00000273a0d20000 - 0x00000273a0d23000 	D:\Dev\JDK\openlogic-openjdk-21.0.9+10-windows-x64\bin\api-ms-win-crt-conio-l1-1-0.dll
0x00000273a0d00000 - 0x00000273a0d04000 	D:\Dev\JDK\openlogic-openjdk-21.0.9+10-windows-x64\bin\api-ms-win-crt-convert-l1-1-0.dll
0x00000273a0d10000 - 0x00000273a0d13000 	D:\Dev\JDK\openlogic-openjdk-21.0.9+10-windows-x64\bin\api-ms-win-crt-environment-l1-1-0.dll
0x00000273a0e40000 - 0x00000273a0e43000 	D:\Dev\JDK\openlogic-openjdk-21.0.9+10-windows-x64\bin\api-ms-win-crt-filesystem-l1-1-0.dll
0x00000273a0e50000 - 0x00000273a0e53000 	D:\Dev\JDK\openlogic-openjdk-21.0.9+10-windows-x64\bin\api-ms-win-crt-heap-l1-1-0.dll
0x00000273a0e60000 - 0x00000273a0e63000 	D:\Dev\JDK\openlogic-openjdk-21.0.9+10-windows-x64\bin\api-ms-win-crt-locale-l1-1-0.dll
0x00000273a0e70000 - 0x00000273a0e75000 	D:\Dev\JDK\openlogic-openjdk-21.0.9+10-windows-x64\bin\api-ms-win-crt-math-l1-1-0.dll
0x00000273a0e80000 - 0x00000273a0e85000 	D:\Dev\JDK\openlogic-openjdk-21.0.9+10-windows-x64\bin\api-ms-win-crt-multibyte-l1-1-0.dll
0x00000273a0e90000 - 0x00000273a0e9f000 	D:\Dev\JDK\openlogic-openjdk-21.0.9+10-windows-x64\bin\api-ms-win-crt-private-l1-1-0.dll
0x00000273a0ea0000 - 0x00000273a0ea3000 	D:\Dev\JDK\openlogic-openjdk-21.0.9+10-windows-x64\bin\api-ms-win-crt-process-l1-1-0.dll
0x00000273a0eb0000 - 0x00000273a0eb4000 	D:\Dev\JDK\openlogic-openjdk-21.0.9+10-windows-x64\bin\api-ms-win-crt-runtime-l1-1-0.dll
0x00000273a0ec0000 - 0x00000273a0ec4000 	D:\Dev\JDK\openlogic-openjdk-21.0.9+10-windows-x64\bin\api-ms-win-crt-stdio-l1-1-0.dll
0x00000273a0ed0000 - 0x00000273a0ed4000 	D:\Dev\JDK\openlogic-openjdk-21.0.9+10-windows-x64\bin\api-ms-win-crt-string-l1-1-0.dll
0x00000273a0ee0000 - 0x00000273a0ee3000 	D:\Dev\JDK\openlogic-openjdk-21.0.9+10-windows-x64\bin\api-ms-win-crt-time-l1-1-0.dll
0x00000273a0ef0000 - 0x00000273a0ef3000 	D:\Dev\JDK\openlogic-openjdk-21.0.9+10-windows-x64\bin\api-ms-win-crt-utility-l1-1-0.dll
0x00007ffa2d600000 - 0x00007ffa2d6f2000 	D:\Dev\JDK\openlogic-openjdk-21.0.9+10-windows-x64\bin\ucrtbase.dll
0x00007ffa49490000 - 0x00007ffa49499000 	D:\Dev\JDK\openlogic-openjdk-21.0.9+10-windows-x64\bin\msvcp140_1.dll
0x00007ffa46e90000 - 0x00007ffa46ed1000 	D:\Dev\JDK\openlogic-openjdk-21.0.9+10-windows-x64\bin\msvcp140_2.dll
0x00007ffa77a00000 - 0x00007ffa77b4a000 	C:\WINDOWS\SYSTEM32\DNSAPI.dll
0x00007ffa78240000 - 0x00007ffa7824d000 	C:\WINDOWS\SYSTEM32\DSPARSE.dll
0x00007ffa77960000 - 0x00007ffa77993000 	C:\WINDOWS\SYSTEM32\IPHLPAPI.DLL
0x00007ffa7bcf0000 - 0x00007ffa7bcfa000 	C:\WINDOWS\System32\NSI.dll
0x0000000066320000 - 0x0000000066346000 	C:\Program Files\Bonjour\mdnsNSP.dll
0x00007ffa71a30000 - 0x00007ffa71a3b000 	C:\Windows\System32\rasadhlp.dll
0x00007ffa72af0000 - 0x00007ffa72b76000 	C:\WINDOWS\System32\fwpuclnt.dll
0x00007ffa494c0000 - 0x00007ffa494c9000 	D:\Dev\JDK\openlogic-openjdk-21.0.9+10-windows-x64\bin\management.dll
0x00007ffa46e60000 - 0x00007ffa46e90000 	D:\Dev\JDK\openlogic-openjdk-21.0.9+10-windows-x64\bin\prism_d3d.dll
0x00007ffa56360000 - 0x00007ffa56511000 	C:\WINDOWS\system32\d3d9.dll
0x00007ffa76620000 - 0x00007ffa7664f000 	C:\WINDOWS\SYSTEM32\dwmapi.dll
0x00007ffa76670000 - 0x00007ffa766b4000 	C:\WINDOWS\SYSTEM32\dxcore.dll
0x00007ffa494b0000 - 0x00007ffa494bb000 	D:\Dev\JDK\openlogic-openjdk-21.0.9+10-windows-x64\bin\management_ext.dll
0x00007ffa7ace0000 - 0x00007ffa7ace8000 	C:\WINDOWS\System32\PSAPI.DLL
0x00007ffa763b0000 - 0x00007ffa7645a000 	C:\WINDOWS\system32\uxtheme.dll
0x00007ffa5c500000 - 0x00007ffa5c520000 	C:\Windows\System32\DriverStore\FileRepository\u0408375.inf_amd64_f8efaaeea4e4611e\B408013\atidx9loader64.dll
0x00007ff9de070000 - 0x00007ff9e18b4000 	C:\Windows\System32\DriverStore\FileRepository\u0408375.inf_amd64_f8efaaeea4e4611e\B408013\AMDXN64.DLL
0x00007ffa7afc0000 - 0x00007ffa7b158000 	C:\WINDOWS\System32\ole32.dll
0x00007ffa7a480000 - 0x00007ffa7a907000 	C:\WINDOWS\System32\SETUPAPI.dll
0x00007ffa76490000 - 0x00007ffa765ca000 	C:\WINDOWS\SYSTEM32\dxgi.dll
0x00007ffa790c0000 - 0x00007ffa790ea000 	C:\WINDOWS\SYSTEM32\BCrypt.dll
0x00007ffa65b30000 - 0x00007ffa65b67000 	C:\Windows\System32\DriverStore\FileRepository\u0408375.inf_amd64_f8efaaeea4e4611e\B408013\amdihk64.dll
0x00007ffa72c70000 - 0x00007ffa72ccf000 	C:\WINDOWS\SYSTEM32\directxdatabasehelper.dll
0x00007ffa78e80000 - 0x00007ffa78ed1000 	C:\WINDOWS\SYSTEM32\cfgmgr32.dll
0x00007ffa446d0000 - 0x00007ffa44712000 	D:\Dev\JDK\openlogic-openjdk-21.0.9+10-windows-x64\bin\glass.dll
0x00007ffa7abe0000 - 0x00007ffa7acd2000 	C:\WINDOWS\System32\COMDLG32.dll
0x00007ffa7bda0000 - 0x00007ffa7befd000 	C:\WINDOWS\System32\MSCTF.dll

JVMTI agents:
D:\Dev\IntelliJ\idea-2025.3.1.win\lib\idea_rt.jar path:D:\Dev\JDK\openlogic-openjdk-21.0.9+10-windows-x64\bin\instrument.dll, loaded, initialized, instrumentlib options:61933

dbghelp: loaded successfully - version: 4.0.5 - missing functions: none
symbol engine: initialized successfully - sym options: 0x614 - pdb path: .;D:\Dev\JDK\openlogic-openjdk-21.0.9+10-windows-x64\bin;C:\WINDOWS\SYSTEM32;C:\WINDOWS\WinSxS\amd64_microsoft.windows.common-controls_6595b64144ccf1df_6.0.26100.8521_none_3e08b75ce33403b3;C:\Program Files\Windhawk\Engine\1.7.3\64;D:\Dev\JDK\openlogic-openjdk-21.0.9+10-windows-x64\bin\server;C:\Program Files\Bonjour;C:\Windows\System32\DriverStore\FileRepository\u0408375.inf_amd64_f8efaaeea4e4611e\B408013;C:\WINDOWS\System32\DriverStore\FileRepository\nvam.inf_amd64_8a32a0ebf99c287e

VM Arguments:
jvm_args: -javaagent:D:\Dev\IntelliJ\idea-2025.3.1.win\lib\idea_rt.jar=61933 -Dfile.encoding=UTF-8 -Dsun.stdout.encoding=UTF-8 -Dsun.stderr.encoding=UTF-8 --module-path=C:\Users\Tuan Hiep\.m2\repository\org\openjfx\javafx-media\21.0.11\javafx-media-21.0.11-win.jar;C:\Users\Tuan Hiep\.m2\repository\org\kordamp\bootstrapfx\bootstrapfx-core\0.4.0\bootstrapfx-core-0.4.0.jar;C:\Users\Tuan Hiep\.m2\repository\com\fasterxml\jackson\core\jackson-databind\2.17.0\jackson-databind-2.17.0.jar;C:\Users\Tuan Hiep\.m2\repository\net\synedra\validatorfx\0.6.1\validatorfx-0.6.1.jar;C:\Users\Tuan Hiep\.m2\repository\com\fasterxml\jackson\core\jackson-annotations\2.17.0\jackson-annotations-2.17.0.jar;C:\Users\Tuan Hiep\.m2\repository\org\slf4j\slf4j-api\1.7.36\slf4j-api-1.7.36.jar;C:\Users\Tuan Hiep\.m2\repository\org\openjfx\javafx-base\21.0.11\javafx-base-21.0.11-win.jar;C:\Users\Tuan Hiep\.m2\repository\com\zaxxer\HikariCP\5.1.0\HikariCP-5.1.0.jar;C:\Users\Tuan Hiep\.m2\repository\org\openjfx\javafx-controls\21.0.11\javafx-controls-21.0.11-win.jar;C:\Users\Tuan Hiep\.m2\repository\org\controlsfx\controlsfx\11.2.1\controlsfx-11.2.1.jar;C:\Users\Tuan Hiep\.m2\repository\org\openjfx\javafx-fxml\21.0.11\javafx-fxml-21.0.11-win.jar;C:\Users\Tuan Hiep\.m2\repository\com\fasterxml\jackson\core\jackson-core\2.17.0\jackson-core-2.17.0.jar;C:\Users\Tuan Hiep\.m2\repository\org\openjfx\javafx-graphics\21.0.11\javafx-graphics-21.0.11-win.jar;D:\Code\SportT5\target\classes;C:\Users\Tuan Hiep\.m2\repository\com\dlsc\formsfx\formsfx-core\11.6.0\formsfx-core-11.6.0.jar;C:\Users\Tuan Hiep\.m2\repository\com\fasterxml\jackson\datatype\jackson-datatype-jsr310\2.17.0\jackson-datatype-jsr310-2.17.0.jar -Djdk.module.main=com.sportt5 
java_command: com.sportt5/com.sportt5.SongPlayerApp
java_class_path (initial): C:\Users\Tuan Hiep\.m2\repository\net\bytebuddy\byte-buddy\1.14.9\byte-buddy-1.14.9.jar;C:\Users\Tuan Hiep\.m2\repository\com\mysql\mysql-connector-j\9.2.0\mysql-connector-j-9.2.0.jar;C:\Users\Tuan Hiep\.m2\repository\com\google\protobuf\protobuf-java\4.29.0\protobuf-java-4.29.0.jar;C:\Users\Tuan Hiep\.m2\repository\org\openjfx\javafx-controls\21.0.11\javafx-controls-21.0.11.jar;C:\Users\Tuan Hiep\.m2\repository\org\openjfx\javafx-graphics\21.0.11\javafx-graphics-21.0.11.jar;C:\Users\Tuan Hiep\.m2\repository\org\openjfx\javafx-base\21.0.11\javafx-base-21.0.11.jar;C:\Users\Tuan Hiep\.m2\repository\org\openjfx\javafx-fxml\21.0.11\javafx-fxml-21.0.11.jar;C:\Users\Tuan Hiep\.m2\repository\org\openjfx\javafx-media\21.0.11\javafx-media-21.0.11.jar;C:\Users\Tuan Hiep\.m2\repository\org\openjfx\javafx-web\21.0.11\javafx-web-21.0.11.jar;C:\Users\Tuan Hiep\.m2\repository\org\openjfx\javafx-web\21.0.11\javafx-web-21.0.11-win.jar;C:\Users\Tuan Hiep\.m2\repository\org\openjfx\javafx-swing\21.0.11\javafx-swing-21.0.11.jar;C:\Users\Tuan Hiep\.m2\repository\org\openjfx\javafx-swing\21.0.11\javafx-swing-21.0.11-win.jar;C:\Users\Tuan Hiep\.m2\repository\org\kordamp\ikonli\ikonli-javafx\12.3.1\ikonli-javafx-12.3.1.jar;C:\Users\Tuan Hiep\.m2\repository\org\kordamp\ikonli\ikonli-core\12.3.1\ikonli-core-12.3.1.jar;C:\Users\Tuan Hiep\.m2\repository\eu\hansolo\tilesfx\21.0.9\tilesfx-21.0.9.jar;C:\Users\Tuan Hiep\.m2\repository\eu\hansolo\fx\countries\21.0.17\countries-21.0.17.jar;C:\Users\Tuan Hiep\.m2\repository\eu\hansolo\fx\heatmap\21.0.5\heatmap-21.0.5.jar;C:\Users\Tuan Hiep\.m2\repository\eu\hansolo\toolboxfx\21.0.5\toolboxfx-21.0.5.jar;C:\Users\Tuan Hiep\.m2\repository\eu\hansolo\toolbox\21.0.9\toolbox-21.0.9.jar
Launcher Type: SUN_STANDARD

[Global flags]
     intx CICompilerCount                          = 12                                        {product} {ergonomic}
     uint ConcGCThreads                            = 3                                         {product} {ergonomic}
     uint G1ConcRefinementThreads                  = 13                                        {product} {ergonomic}
   size_t G1HeapRegionSize                         = 4194304                                   {product} {ergonomic}
    uintx GCDrainStackTargetSize                   = 64                                        {product} {ergonomic}
   size_t InitialHeapSize                          = 528482304                                 {product} {ergonomic}
   size_t MarkStackSize                            = 4194304                                   {product} {ergonomic}
   size_t MaxHeapSize                              = 8401190912                                {product} {ergonomic}
   size_t MaxNewSize                               = 5037359104                                {product} {ergonomic}
   size_t MinHeapDeltaBytes                        = 4194304                                   {product} {ergonomic}
   size_t MinHeapSize                              = 8388608                                   {product} {ergonomic}
    uintx NonNMethodCodeHeapSize                   = 7602480                                {pd product} {ergonomic}
    uintx NonProfiledCodeHeapSize                  = 122027880                              {pd product} {ergonomic}
    uintx ProfiledCodeHeapSize                     = 122027880                              {pd product} {ergonomic}
    uintx ReservedCodeCacheSize                    = 251658240                              {pd product} {ergonomic}
     bool SegmentedCodeCache                       = true                                      {product} {ergonomic}
   size_t SoftMaxHeapSize                          = 8401190912                             {manageable} {ergonomic}
     bool UseCompressedOops                        = true                           {product lp64_product} {ergonomic}
     bool UseG1GC                                  = true                                      {product} {ergonomic}
     bool UseLargePagesIndividualAllocation        = false                                  {pd product} {ergonomic}

Logging:
Log output configuration:
 #0: stdout all=warning uptime,level,tags foldmultilines=false
 #1: stderr all=off uptime,level,tags foldmultilines=false

Release file:
IMPLEMENTOR="OpenLogic" 
IMPLEMENTOR_VERSION="OpenLogic-OpenJDK" 
JAVA_RUNTIME_VERSION="21.0.9+10-adhoc.Administrator.jdk21u" 
JAVA_VERSION="21.0.9" 
JAVA_VERSION_DATE="2025-10-21" 
LIBC="default" 
MODULES="java.base java.compiler java.datatransfer java.xml java.prefs java.desktop java.instrument java.logging java.management java.security.sasl java.naming java.rmi java.management.rmi java.net.http java.scripting java.security.jgss java.transaction.xa java.sql java.sql.rowset java.xml.crypto java.se java.smartcardio jdk.jfr javafx.base jdk.unsupported javafx.graphics javafx.controls javafx.fxml javafx.media jdk.unsupported.desktop javafx.swing jdk.jsobject jdk.xml.dom javafx.web jdk.accessibility jdk.internal.jvmstat jdk.attach jdk.charsets jdk.internal.opt jdk.zipfs jdk.compiler jdk.crypto.ec jdk.crypto.cryptoki jdk.crypto.mscapi jdk.dynalink jdk.internal.ed jdk.editpad jdk.hotspot.agent jdk.httpserver jdk.incubator.vector jdk.internal.le jdk.internal.vm.ci jdk.internal.vm.compiler jdk.internal.vm.compiler.management jdk.jartool jdk.javadoc jdk.jcmd jdk.management jdk.management.agent jdk.jconsole jdk.jdeps jdk.jdwp.agent jdk.jdi jdk.jlink jdk.jpackage jdk.jshell jdk.jstatd jdk.localedata jdk.management.jfr jdk.naming.dns jdk.naming.rmi jdk.net jdk.nio.mapmode jdk.random jdk.sctp jdk.security.auth jdk.security.jgss" 
OS_ARCH="x86_64" 
OS_NAME="Windows" 
SOURCE=".:git:7f14648260ff" 

Environment Variables:
JAVA_HOME=D:\Dev\JDK\openlogic-openjdk-21.0.9+10-windows-x64
PATH=C:\Python313\Scripts\;C:\Python313\;C:\WINDOWS\system32;C:\WINDOWS;C:\WINDOWS\System32\Wbem;C:\WINDOWS\System32\WindowsPowerShell\v1.0\;C:\WINDOWS\System32\OpenSSH\;C:\Program Files\dotnet\;C:\Program Files (x86)\NVIDIA Corporation\PhysX\Common;C:\Program Files\NVIDIA Corporation\NVIDIA app\NvDLISR;C:\ProgramData\chocolatey\bin;C:\Program Files (x86)\Microsoft SQL Server\160\Tools\Binn\;C:\Program Files\Microsoft SQL Server\160\Tools\Binn\;C:\Program Files\Microsoft SQL Server\Client SDK\ODBC\170\Tools\Binn\;C:\Program Files\Microsoft SQL Server\160\DTS\Binn\;C:\xampp\php;C:\composer;C:\Program Files\Git\cmd;C:\Program Files\nodejs\;C:\Users\Tuan Hiep\AppData\Local\Microsoft\WindowsApps;D:\Dev\Microsoft VS Code\bin;C:\mingw64\bin;C:\Users\Tuan Hiep\AppData\Local\GitHubDesktop\bin;C:\Users\Tuan Hiep\AppData\Roaming\Composer\vendor\bin;D:\Dev\JDK\openlogic-openjdk-21.0.9+10-windows-x64\bin;C:\Users\Tuan Hiep\AppData\Roaming\npm;C:\Users\Tuan Hiep\Downloads\apache-maven-3.9.16\bin;
USERNAME=Tuan Hiep
OS=Windows_NT
PROCESSOR_IDENTIFIER=AMD64 Family 25 Model 117 Stepping 2, AuthenticAMD
TMP=C:\Users\TUANHI~1\AppData\Local\Temp
TEMP=C:\Users\TUANHI~1\AppData\Local\Temp




Periodic native trim disabled

---------------  S Y S T E M  ---------------

OS:
 Windows 11 , 64 bit Build 26100 (10.0.26100.8521)
OS uptime: 4 days 1:09 hours
Hyper-V role detected

CPU: total 16 (initial active 16) (16 cores per cpu, 2 threads per core) family 25 model 117 stepping 2 microcode 0xa705205, cx8, cmov, fxsr, ht, mmx, 3dnowpref, sse, sse2, sse3, ssse3, sse4a, sse4.1, sse4.2, popcnt, lzcnt, tsc, tscinvbit, avx, avx2, aes, erms, clmul, bmi1, bmi2, adx, avx512f, avx512dq, avx512cd, avx512bw, avx512vl, sha, fma, vzeroupper, avx512_vpopcntdq, avx512_vpclmulqdq, avx512_vaes, avx512_vnni, clflush, clflushopt, avx512_vbmi2, avx512_vbmi, hv, rdtscp, rdpid, fsrm, gfni, avx512_bitalg, f16c, cet_ss, avx512_ifma
Processor Information for processor 0
  Max Mhz: 4001, Current Mhz: 2470, Mhz Limit: 4001
Processor Information for processor 1
  Max Mhz: 4001, Current Mhz: 2470, Mhz Limit: 4001
Processor Information for processor 2
  Max Mhz: 4001, Current Mhz: 2470, Mhz Limit: 4001
Processor Information for processor 3
  Max Mhz: 4001, Current Mhz: 2470, Mhz Limit: 4001
Processor Information for processor 4
  Max Mhz: 4001, Current Mhz: 2470, Mhz Limit: 4001
Processor Information for processor 5
  Max Mhz: 4001, Current Mhz: 2470, Mhz Limit: 4001
Processor Information for processor 6
  Max Mhz: 4001, Current Mhz: 2470, Mhz Limit: 4001
Processor Information for processor 7
  Max Mhz: 4001, Current Mhz: 3490, Mhz Limit: 4001
Processor Information for processor 8
  Max Mhz: 4001, Current Mhz: 2470, Mhz Limit: 4001
Processor Information for processor 9
  Max Mhz: 4001, Current Mhz: 3490, Mhz Limit: 4001
Processor Information for processor 10
  Max Mhz: 4001, Current Mhz: 3490, Mhz Limit: 4001
Processor Information for processor 11
  Max Mhz: 4001, Current Mhz: 3490, Mhz Limit: 4001
Processor Information for processor 12
  Max Mhz: 4001, Current Mhz: 3490, Mhz Limit: 4001
Processor Information for processor 13
  Max Mhz: 4001, Current Mhz: 2470, Mhz Limit: 4001
Processor Information for processor 14
  Max Mhz: 4001, Current Mhz: 3490, Mhz Limit: 4001
Processor Information for processor 15
  Max Mhz: 4001, Current Mhz: 2470, Mhz Limit: 4001

Memory: 4k page, system-wide physical 32045M (15359M free)
TotalPageFile size 34093M (AvailPageFile size 8426M)
current process WorkingSet (physical memory assigned to process): 104M, peak: 106M
current process commit charge ("private bytes"): 643M, peak: 645M

vm_info: OpenJDK 64-Bit Server VM (21.0.9+10-adhoc.Administrator.jdk21u) for windows-amd64 JRE (21.0.9+10-adhoc.Administrator.jdk21u), built on 2025-11-03T13:49:23Z by "Administrator" with MS VC++ 16.10 / 16.11 (VS2019)

END.
